[2026-07-15 01:33:50] [INFO] ================================================================================
[2026-07-15 01:33:50] [INFO] ЗАПУСК АВТОМАТИЧЕСКОЙ УСТАНОВКИ TRBOnet
[2026-07-15 01:33:50] [INFO] ================================================================================
[2026-07-15 01:33:50] [INFO] НАСТРОЙКИ:
[2026-07-15 01:33:50] [INFO]   Путь к сборкам: C:\builds
[2026-07-15 01:33:50] [INFO]   Опция установки: local
[2026-07-15 01:33:50] [INFO]   Тихий режим: True
[2026-07-15 01:33:50] [INFO]   Приложения для проверки: TRBOnet.Server, TRBOnet.Console, TRBOnet.One
[2026-07-15 01:33:50] [SUCCESS] ✅ Скрипт запущен с правами администратора
[2026-07-15 01:33:50] [INFO] Версия для установки: 6.5.0.9128
[2026-07-15 01:33:50] [INFO] 
📌 ШАГ 1: Поиск установочного файла
[2026-07-15 01:33:50] [INFO] ----------------------------------------
[2026-07-15 01:33:50] [INFO] Поиск установочного файла...
[2026-07-15 01:33:50] [INFO]   Папка: C:\builds
[2026-07-15 01:33:50] [INFO]   Версия: 6.5.0.9128
[2026-07-15 01:33:50] [SUCCESS] ✅ Найден установочный файл: C:\builds\TRBOnet.Enterprise_6.5.0.9128.exe
[2026-07-15 01:33:50] [INFO] 
📌 ШАГ 2: Установка TRBOnet
[2026-07-15 01:33:50] [INFO] ----------------------------------------
[2026-07-15 01:33:50] [INFO] Запуск установки TRBOnet...
[2026-07-15 01:33:50] [INFO]   Файл: C:\builds\TRBOnet.Enterprise_6.5.0.9128.exe
[2026-07-15 01:33:50] [INFO]   Опция: local
[2026-07-15 01:33:50] [INFO]   Тихий режим: True
[2026-07-15 01:33:50] [INFO]   Аргументы: /exebasicui /exelog "C:\Automation\core\install_log_013350.txt" /norestart /quiet /qn InstallMode="Custom" INSTALLLEVEL="100"
[2026-07-15 01:33:58] [SUCCESS] ✅ Процесс установки запущен (Handle: 42)
[2026-07-15 01:33:58] [INFO] ⏳ Ожидание завершения установки...
[2026-07-15 01:33:58] [INFO]   Найден процесс установщика (PID: 12664)
[2026-07-15 01:34:00] [INFO]   Обнаружен дочерний процесс msiexec (PID: 2484)
[2026-07-15 01:34:15] [INFO]   Установка выполняется... (15 сек)
[2026-07-15 01:34:30] [SUCCESS] ✅ Процесс msiexec (PID: 2484) завершился через 30 секунд
[2026-07-15 01:34:30] [SUCCESS] ✅ Установка успешно завершена
[2026-07-15 01:34:30] [INFO] 
📌 ШАГ 3: Проверка установленных приложений
[2026-07-15 01:34:30] [INFO] ----------------------------------------
[2026-07-15 01:34:30] [INFO]   Ожидание запуска приложений...
[2026-07-15 01:34:35] [INFO] Проверка установки через реестр...
[2026-07-15 01:34:35] [SUCCESS]   ✅ Найден в реестре: TRBOnet.Server
[2026-07-15 01:34:35] [SUCCESS]   ✅ Найден в реестре: TRBOnet.Console
[2026-07-15 01:34:35] [SUCCESS]   ✅ Найден в реестре: TRBOnet.One
[2026-07-15 01:34:35] [INFO] 
================================================================================
[2026-07-15 01:34:35] [SUCCESS] ✅ УСТАНОВКА ВЫПОЛНЕНА УСПЕШНО!
[2026-07-15 01:34:35] [SUCCESS]    Версия: 6.5.0.9128
[2026-07-15 01:34:35] [SUCCESS]    Опция установки: local
[2026-07-15 01:34:35] [SUCCESS]    Установлены приложения: TRBOnet.Server, TRBOnet.Console, TRBOnet.One
[2026-07-15 01:34:35] [INFO] ================================================================================
[2026-07-15 01:44:42] [INFO] ================================================================================
[2026-07-15 01:44:42] [INFO] ЗАПУСК АВТОМАТИЧЕСКОЙ УСТАНОВКИ TRBOnet
[2026-07-15 01:44:42] [INFO] ================================================================================
[2026-07-15 01:44:42] [INFO] НАСТРОЙКИ:
[2026-07-15 01:44:42] [INFO]   Путь к сборкам: C:\builds
[2026-07-15 01:44:42] [INFO]   Опция установки: local
[2026-07-15 01:44:42] [INFO]   Тихий режим: True
[2026-07-15 01:44:42] [INFO]   Приложения для проверки: TRBOnet.Server, TRBOnet.Console, TRBOnet.One
[2026-07-15 01:44:42] [SUCCESS] ✅ Скрипт запущен с правами администратора
[2026-07-15 01:44:42] [INFO] Версия для установки: 6.5.0.9127
[2026-07-15 01:44:42] [INFO] 
📌 ШАГ 1: Поиск установочного файла
[2026-07-15 01:44:42] [INFO] ----------------------------------------
[2026-07-15 01:44:42] [INFO] Поиск установочного файла...
[2026-07-15 01:44:42] [INFO]   Папка: C:\builds
[2026-07-15 01:44:42] [INFO]   Версия: 6.5.0.9127
[2026-07-15 01:44:42] [SUCCESS] ✅ Найден установочный файл: C:\builds\TRBOnet.Enterprise_6.5.0.9127.exe
[2026-07-15 01:44:42] [INFO] 
📌 ШАГ 2: Установка TRBOnet
[2026-07-15 01:44:42] [INFO] ----------------------------------------
[2026-07-15 01:44:42] [INFO] Запуск установки TRBOnet...
[2026-07-15 01:44:42] [INFO]   Файл: C:\builds\TRBOnet.Enterprise_6.5.0.9127.exe
[2026-07-15 01:44:42] [INFO]   Опция: local
[2026-07-15 01:44:42] [INFO]   Тихий режим: True
[2026-07-15 01:44:42] [INFO]   Аргументы: /exebasicui /exelog "C:\Automation\core\install_log_014442.txt" /norestart /quiet /qn InstallMode="Custom" INSTALLLEVEL="100"
[2026-07-15 01:44:50] [SUCCESS] ✅ Процесс установки запущен (Handle: 42)
[2026-07-15 01:44:50] [INFO] ⏳ Ожидание завершения установки...
[2026-07-15 01:44:50] [INFO]   Найден процесс установщика (PID: 6604)
[2026-07-15 01:44:52] [INFO]   Обнаружен дочерний процесс msiexec (PID: 10428)
[2026-07-15 01:45:07] [INFO]   Установка выполняется... (15 сек)
[2026-07-15 01:45:22] [SUCCESS] ✅ Процесс msiexec (PID: 10428) завершился через 30 секунд
[2026-07-15 01:45:22] [SUCCESS] ✅ Установка успешно завершена
[2026-07-15 01:45:22] [INFO] 
📌 ШАГ 3: Проверка установленных приложений
[2026-07-15 01:45:22] [INFO] ----------------------------------------
[2026-07-15 01:45:22] [INFO]   Ожидание запуска приложений...
[2026-07-15 01:45:27] [INFO] Проверка установки через реестр...
[2026-07-15 01:45:27] [SUCCESS]   ✅ Найден в реестре: TRBOnet.Server
[2026-07-15 01:45:27] [SUCCESS]   ✅ Найден в реестре: TRBOnet.Console
[2026-07-15 01:45:27] [SUCCESS]   ✅ Найден в реестре: TRBOnet.One
[2026-07-15 01:45:27] [INFO] 
================================================================================
[2026-07-15 01:45:27] [SUCCESS] ✅ УСТАНОВКА ВЫПОЛНЕНА УСПЕШНО!
[2026-07-15 01:45:27] [SUCCESS]    Версия: 6.5.0.9127
[2026-07-15 01:45:27] [SUCCESS]    Опция установки: local
[2026-07-15 01:45:27] [SUCCESS]    Установлены приложения: TRBOnet.Server, TRBOnet.Console, TRBOnet.One
[2026-07-15 01:45:27] [INFO] ================================================================================
[2026-07-15 03:27:13] [INFO] ================================================================================
[2026-07-15 03:27:13] [INFO] ЗАПУСК АВТОМАТИЧЕСКОЙ УСТАНОВКИ TRBOnet
[2026-07-15 03:27:13] [INFO] ================================================================================
[2026-07-15 03:27:13] [INFO] НАСТРОЙКИ:
[2026-07-15 03:27:13] [INFO]   Путь к сборкам: C:\builds
[2026-07-15 03:27:13] [INFO]   Опция установки: local
[2026-07-15 03:27:13] [INFO]   Тихий режим: True
[2026-07-15 03:27:13] [INFO]   Приложения для проверки: TRBOnet.Server, TRBOnet.Console, TRBOnet.One
[2026-07-15 03:27:13] [SUCCESS] ✅ Скрипт запущен с правами администратора
[2026-07-15 03:27:13] [INFO] Версия для установки: 6.5.0.9126
[2026-07-15 03:27:13] [INFO] 
📌 ШАГ 1: Поиск установочного файла
[2026-07-15 03:27:13] [INFO] ----------------------------------------
[2026-07-15 03:27:13] [INFO] Поиск установочного файла...
[2026-07-15 03:27:13] [INFO]   Папка: C:\builds
[2026-07-15 03:27:13] [INFO]   Версия: 6.5.0.9126
[2026-07-15 03:27:13] [SUCCESS] ✅ Найден установочный файл: C:\builds\TRBOnet.Enterprise_6.5.0.9126.exe
[2026-07-15 03:27:13] [INFO] 
📌 ШАГ 2: Установка TRBOnet
[2026-07-15 03:27:13] [INFO] ----------------------------------------
[2026-07-15 03:27:13] [INFO] Запуск установки TRBOnet...
[2026-07-15 03:27:13] [INFO]   Файл: C:\builds\TRBOnet.Enterprise_6.5.0.9126.exe
[2026-07-15 03:27:13] [INFO]   Опция: local
[2026-07-15 03:27:13] [INFO]   Тихий режим: True
[2026-07-15 03:27:13] [INFO]   Аргументы: /exebasicui /exelog "C:\Automation\core\logs\install_log_032713.txt" /norestart /quiet /qn InstallMode="Custom" INSTALLLEVEL="100"
[2026-07-15 03:27:20] [SUCCESS] ✅ Процесс установки запущен (Handle: 42)
[2026-07-15 03:27:20] [INFO] ⏳ Ожидание завершения установки...
[2026-07-15 03:27:20] [INFO]   Найден процесс установщика (PID: 13676)
[2026-07-15 03:27:23] [INFO]   Обнаружен дочерний процесс msiexec (PID: 9644)
[2026-07-15 03:27:38] [INFO]   Установка выполняется... (15 сек)
[2026-07-15 03:27:53] [SUCCESS] ✅ Процесс msiexec (PID: 9644) завершился через 30 секунд
[2026-07-15 03:27:53] [SUCCESS] ✅ Установка успешно завершена
[2026-07-15 03:27:53] [INFO] 
📌 ШАГ 3: Проверка установленных приложений
[2026-07-15 03:27:53] [INFO] ----------------------------------------
[2026-07-15 03:27:53] [INFO]   Ожидание запуска приложений...
[2026-07-15 03:27:58] [INFO] Проверка установки через реестр...
[2026-07-15 03:27:58] [SUCCESS]   ✅ Найден в реестре: TRBOnet.Server
[2026-07-15 03:27:58] [SUCCESS]   ✅ Найден в реестре: TRBOnet.Console
[2026-07-15 03:27:58] [SUCCESS]   ✅ Найден в реестре: TRBOnet.One
[2026-07-15 03:27:58] [INFO] 
================================================================================
[2026-07-15 03:27:58] [SUCCESS] ✅ УСТАНОВКА ВЫПОЛНЕНА УСПЕШНО!
[2026-07-15 03:27:58] [SUCCESS]    Версия: 6.5.0.9126
[2026-07-15 03:27:58] [SUCCESS]    Опция установки: local
[2026-07-15 03:27:58] [SUCCESS]    Установлены приложения: TRBOnet.Server, TRBOnet.Console, TRBOnet.One
[2026-07-15 03:27:58] [INFO] ================================================================================
[2026-07-15 03:44:51] [INFO] ================================================================================
[2026-07-15 03:44:51] [INFO] ЗАПУСК АВТОМАТИЧЕСКОЙ УСТАНОВКИ TRBOnet
[2026-07-15 03:44:51] [INFO] ================================================================================
[2026-07-15 03:44:51] [INFO] НАСТРОЙКИ:
[2026-07-15 03:44:51] [INFO]   Путь к сборкам: C:\builds
[2026-07-15 03:44:51] [INFO]   Опция установки: local
[2026-07-15 03:44:51] [INFO]   Тихий режим: True
[2026-07-15 03:44:51] [INFO]   Приложения для проверки: TRBOnet.Server, TRBOnet.Console, TRBOnet.One
[2026-07-15 03:44:51] [SUCCESS] ✅ Скрипт запущен с правами администратора
[2026-07-15 03:44:51] [INFO] Версия для установки: 6.5.0.9125
[2026-07-15 03:44:51] [INFO] 
📌 ШАГ 1: Поиск установочного файла
[2026-07-15 03:44:51] [INFO] ----------------------------------------
[2026-07-15 03:44:51] [INFO] Поиск установочного файла...
[2026-07-15 03:44:51] [INFO]   Папка: C:\builds
[2026-07-15 03:44:51] [INFO]   Версия: 6.5.0.9125
[2026-07-15 03:44:51] [SUCCESS] ✅ Найден установочный файл: C:\builds\TRBOnet.Enterprise_6.5.0.9125.exe
[2026-07-15 03:44:51] [INFO] 
📌 ШАГ 2: Установка TRBOnet
[2026-07-15 03:44:51] [INFO] ----------------------------------------
[2026-07-15 03:44:51] [INFO] Запуск установки TRBOnet...
[2026-07-15 03:44:51] [INFO]   Файл: C:\builds\TRBOnet.Enterprise_6.5.0.9125.exe
[2026-07-15 03:44:51] [INFO]   Опция: local
[2026-07-15 03:44:51] [INFO]   Тихий режим: True
[2026-07-15 03:44:51] [INFO]   Аргументы: /exebasicui /exelog "C:\Automation\core\logs\install_log_034451.txt" /norestart /quiet /qn InstallMode="Custom" INSTALLLEVEL="100"
[2026-07-15 03:44:59] [SUCCESS] ✅ Процесс установки запущен (Handle: 42)
[2026-07-15 03:44:59] [INFO] ⏳ Ожидание завершения установки...
[2026-07-15 03:44:59] [INFO]   Найден процесс установщика (PID: 5668)
[2026-07-15 03:45:01] [INFO]   Обнаружен дочерний процесс msiexec (PID: 9980)
[2026-07-15 03:45:16] [INFO]   Установка выполняется... (15 сек)
[2026-07-15 03:45:31] [SUCCESS] ✅ Процесс msiexec (PID: 9980) завершился через 30 секунд
[2026-07-15 03:45:31] [SUCCESS] ✅ Установка успешно завершена
[2026-07-15 03:45:31] [INFO] 
📌 ШАГ 3: Проверка установленных приложений
[2026-07-15 03:45:31] [INFO] ----------------------------------------
[2026-07-15 03:45:31] [INFO]   Ожидание запуска приложений...
[2026-07-15 03:45:36] [INFO] Проверка установки через реестр...
[2026-07-15 03:45:36] [SUCCESS]   ✅ Найден в реестре: TRBOnet.Server
[2026-07-15 03:45:36] [SUCCESS]   ✅ Найден в реестре: TRBOnet.Console
[2026-07-15 03:45:36] [SUCCESS]   ✅ Найден в реестре: TRBOnet.One
[2026-07-15 03:45:36] [INFO] 
================================================================================
[2026-07-15 03:45:36] [SUCCESS] ✅ УСТАНОВКА ВЫПОЛНЕНА УСПЕШНО!
[2026-07-15 03:45:36] [SUCCESS]    Версия: 6.5.0.9125
[2026-07-15 03:45:36] [SUCCESS]    Опция установки: local
[2026-07-15 03:45:36] [SUCCESS]    Установлены приложения: TRBOnet.Server, TRBOnet.Console, TRBOnet.One
[2026-07-15 03:45:36] [INFO] ================================================================================
[2026-07-15 04:07:22] [INFO] ================================================================================
[2026-07-15 04:07:22] [INFO] ЗАПУСК АВТОМАТИЧЕСКОЙ УСТАНОВКИ TRBOnet
[2026-07-15 04:07:22] [INFO] ================================================================================
[2026-07-15 04:07:22] [INFO] НАСТРОЙКИ:
[2026-07-15 04:07:22] [INFO]   Путь к сборкам: C:\builds
[2026-07-15 04:07:22] [INFO]   Опция установки: local
[2026-07-15 04:07:22] [INFO]   Тихий режим: True
[2026-07-15 04:07:22] [INFO]   Приложения для проверки: TRBOnet.Server, TRBOnet.Console, TRBOnet.One
[2026-07-15 04:07:22] [SUCCESS] ✅ Скрипт запущен с правами администратора
[2026-07-15 04:07:22] [INFO] Версия для установки: 6.5.0.9124
[2026-07-15 04:07:22] [INFO] 
📌 ШАГ 1: Поиск установочного файла
[2026-07-15 04:07:22] [INFO] ----------------------------------------
[2026-07-15 04:07:22] [INFO] Поиск установочного файла...
[2026-07-15 04:07:22] [INFO]   Папка: C:\builds
[2026-07-15 04:07:22] [INFO]   Версия: 6.5.0.9124
[2026-07-15 04:07:22] [SUCCESS] ✅ Найден установочный файл: C:\builds\TRBOnet.Enterprise_6.5.0.9124.exe
[2026-07-15 04:07:22] [INFO] 
📌 ШАГ 2: Установка TRBOnet
[2026-07-15 04:07:22] [INFO] ----------------------------------------
[2026-07-15 04:07:22] [INFO] Запуск установки TRBOnet...
[2026-07-15 04:07:22] [INFO]   Файл: C:\builds\TRBOnet.Enterprise_6.5.0.9124.exe
[2026-07-15 04:07:22] [INFO]   Опция: local
[2026-07-15 04:07:22] [INFO]   Тихий режим: True
[2026-07-15 04:07:22] [INFO]   Аргументы: /exebasicui /exelog "C:\Automation\core\logs\install_log_040722.txt" /norestart /quiet /qn InstallMode="Custom" INSTALLLEVEL="100"
[2026-07-15 04:07:29] [SUCCESS] ✅ Процесс установки запущен (Handle: 42)
[2026-07-15 04:07:29] [INFO] ⏳ Ожидание завершения установки...
[2026-07-15 04:07:29] [INFO]   Найден процесс установщика (PID: 10208)
[2026-07-15 04:07:31] [INFO]   Обнаружен дочерний процесс msiexec (PID: 4252)
[2026-07-15 04:07:46] [INFO]   Установка выполняется... (15 сек)
[2026-07-15 04:08:01] [SUCCESS] ✅ Процесс msiexec (PID: 4252) завершился через 30 секунд
[2026-07-15 04:08:01] [SUCCESS] ✅ Установка успешно завершена
[2026-07-15 04:08:01] [INFO] 
📌 ШАГ 3: Проверка установленных приложений
[2026-07-15 04:08:01] [INFO] ----------------------------------------
[2026-07-15 04:08:01] [INFO]   Ожидание запуска приложений...
[2026-07-15 04:08:06] [INFO] Проверка установки через реестр...
[2026-07-15 04:08:06] [SUCCESS]   ✅ Найден в реестре: TRBOnet.Server
[2026-07-15 04:08:06] [SUCCESS]   ✅ Найден в реестре: TRBOnet.Console
[2026-07-15 04:08:06] [SUCCESS]   ✅ Найден в реестре: TRBOnet.One
[2026-07-15 04:08:06] [INFO] 
================================================================================
[2026-07-15 04:08:06] [SUCCESS] ✅ УСТАНОВКА ВЫПОЛНЕНА УСПЕШНО!
[2026-07-15 04:08:06] [SUCCESS]    Версия: 6.5.0.9124
[2026-07-15 04:08:06] [SUCCESS]    Опция установки: local
[2026-07-15 04:08:06] [SUCCESS]    Установлены приложения: TRBOnet.Server, TRBOnet.Console, TRBOnet.One
[2026-07-15 04:08:06] [INFO] ================================================================================
[2026-07-15 05:34:55] [INFO] ================================================================================
[2026-07-15 05:34:55] [INFO] ЗАПУСК АВТОМАТИЧЕСКОЙ УСТАНОВКИ TRBOnet
[2026-07-15 05:34:55] [INFO] ================================================================================
[2026-07-15 05:34:55] [INFO] НАСТРОЙКИ:
[2026-07-15 05:34:55] [INFO]   Путь к сборкам: C:\builds
[2026-07-15 05:34:55] [INFO]   Опция установки: local
[2026-07-15 05:34:55] [INFO]   Тихий режим: True
[2026-07-15 05:34:55] [INFO]   Приложения для проверки: TRBOnet.Server, TRBOnet.Console, TRBOnet.One
[2026-07-15 05:34:55] [SUCCESS] ✅ Скрипт запущен с правами администратора
[2026-07-15 05:34:55] [INFO] Версия для установки: 6.5.0.9123
[2026-07-15 05:34:55] [INFO] 
📌 ШАГ 1: Поиск установочного файла
[2026-07-15 05:34:55] [INFO] ----------------------------------------
[2026-07-15 05:34:55] [INFO] Поиск установочного файла...
[2026-07-15 05:34:55] [INFO]   Папка: C:\builds
[2026-07-15 05:34:55] [INFO]   Версия: 6.5.0.9123
[2026-07-15 05:34:55] [SUCCESS] ✅ Найден установочный файл: C:\builds\TRBOnet.Enterprise_6.5.0.9123.exe
[2026-07-15 05:34:55] [INFO] 
📌 ШАГ 2: Установка TRBOnet
[2026-07-15 05:34:55] [INFO] ----------------------------------------
[2026-07-15 05:34:55] [INFO] Запуск установки TRBOnet...
[2026-07-15 05:34:55] [INFO]   Файл: C:\builds\TRBOnet.Enterprise_6.5.0.9123.exe
[2026-07-15 05:34:55] [INFO]   Опция: local
[2026-07-15 05:34:55] [INFO]   Тихий режим: True
[2026-07-15 05:34:55] [INFO]   Аргументы: /exebasicui /exelog "C:\Automation\core\logs\install_log_053455.txt" /norestart /quiet /qn InstallMode="Custom" INSTALLLEVEL="100"
[2026-07-15 05:35:02] [SUCCESS] ✅ Процесс установки запущен (Handle: 42)
[2026-07-15 05:35:02] [INFO] ⏳ Ожидание завершения установки...
[2026-07-15 05:35:02] [INFO]   Найден процесс установщика (PID: 9808)
[2026-07-15 05:35:05] [INFO]   Обнаружен дочерний процесс msiexec (PID: 16016)
[2026-07-15 05:35:20] [INFO]   Установка выполняется... (15 сек)
[2026-07-15 05:35:35] [SUCCESS] ✅ Процесс msiexec (PID: 16016) завершился через 30 секунд
[2026-07-15 05:35:35] [SUCCESS] ✅ Установка успешно завершена
[2026-07-15 05:35:35] [INFO] 
📌 ШАГ 3: Проверка установленных приложений
[2026-07-15 05:35:35] [INFO] ----------------------------------------
[2026-07-15 05:35:35] [INFO]   Ожидание запуска приложений...
[2026-07-15 05:35:40] [INFO] Проверка установки через реестр...
[2026-07-15 05:35:40] [SUCCESS]   ✅ Найден в реестре: TRBOnet.Server
[2026-07-15 05:35:40] [SUCCESS]   ✅ Найден в реестре: TRBOnet.Console
[2026-07-15 05:35:40] [SUCCESS]   ✅ Найден в реестре: TRBOnet.One
[2026-07-15 05:35:40] [INFO] 
================================================================================
[2026-07-15 05:35:40] [SUCCESS] ✅ УСТАНОВКА ВЫПОЛНЕНА УСПЕШНО!
[2026-07-15 05:35:40] [SUCCESS]    Версия: 6.5.0.9123
[2026-07-15 05:35:40] [SUCCESS]    Опция установки: local
[2026-07-15 05:35:40] [SUCCESS]    Установлены приложения: TRBOnet.Server, TRBOnet.Console, TRBOnet.One
[2026-07-15 05:35:40] [INFO] ================================================================================
[2026-07-15 05:53:54] [INFO] ================================================================================
[2026-07-15 05:53:54] [INFO] ЗАПУСК АВТОМАТИЧЕСКОЙ УСТАНОВКИ TRBOnet
[2026-07-15 05:53:54] [INFO] ================================================================================
[2026-07-15 05:53:54] [INFO] НАСТРОЙКИ:
[2026-07-15 05:53:54] [INFO]   Путь к сборкам: C:\builds
[2026-07-15 05:53:54] [INFO]   Опция установки: local
[2026-07-15 05:53:54] [INFO]   Тихий режим: True
[2026-07-15 05:53:54] [INFO]   Приложения для проверки: TRBOnet.Server, TRBOnet.Console, TRBOnet.One
[2026-07-15 05:53:54] [SUCCESS] ✅ Скрипт запущен с правами администратора
[2026-07-15 05:53:54] [INFO] Версия для установки: 6.5.0.9122
[2026-07-15 05:53:54] [INFO] 
📌 ШАГ 1: Поиск установочного файла
[2026-07-15 05:53:54] [INFO] ----------------------------------------
[2026-07-15 05:53:54] [INFO] Поиск установочного файла...
[2026-07-15 05:53:54] [INFO]   Папка: C:\builds
[2026-07-15 05:53:54] [INFO]   Версия: 6.5.0.9122
[2026-07-15 05:53:54] [SUCCESS] ✅ Найден установочный файл: C:\builds\TRBOnet.Enterprise_6.5.0.9122.exe
[2026-07-15 05:53:54] [INFO] 
📌 ШАГ 2: Установка TRBOnet
[2026-07-15 05:53:54] [INFO] ----------------------------------------
[2026-07-15 05:53:54] [INFO] Запуск установки TRBOnet...
[2026-07-15 05:53:54] [INFO]   Файл: C:\builds\TRBOnet.Enterprise_6.5.0.9122.exe
[2026-07-15 05:53:54] [INFO]   Опция: local
[2026-07-15 05:53:54] [INFO]   Тихий режим: True
[2026-07-15 05:53:54] [INFO]   Аргументы: /exebasicui /exelog "C:\Automation\core\logs\install_log_055354.txt" /norestart /quiet /qn InstallMode="Custom" INSTALLLEVEL="100"
[2026-07-15 05:54:01] [SUCCESS] ✅ Процесс установки запущен (Handle: 42)
[2026-07-15 05:54:01] [INFO] ⏳ Ожидание завершения установки...
[2026-07-15 05:54:01] [INFO]   Найден процесс установщика (PID: 17276)
[2026-07-15 05:54:04] [INFO]   Обнаружен дочерний процесс msiexec (PID: 7036)
[2026-07-15 05:54:19] [INFO]   Установка выполняется... (15 сек)
[2026-07-15 05:54:34] [SUCCESS] ✅ Процесс msiexec (PID: 7036) завершился через 30 секунд
[2026-07-15 05:54:34] [SUCCESS] ✅ Установка успешно завершена
[2026-07-15 05:54:34] [INFO] 
📌 ШАГ 3: Проверка установленных приложений
[2026-07-15 05:54:34] [INFO] ----------------------------------------
[2026-07-15 05:54:34] [INFO]   Ожидание запуска приложений...
[2026-07-15 05:54:39] [INFO] Проверка установки через реестр...
[2026-07-15 05:54:39] [SUCCESS]   ✅ Найден в реестре: TRBOnet.Server
[2026-07-15 05:54:39] [SUCCESS]   ✅ Найден в реестре: TRBOnet.Console
[2026-07-15 05:54:39] [SUCCESS]   ✅ Найден в реестре: TRBOnet.One
[2026-07-15 05:54:39] [INFO] 
================================================================================
[2026-07-15 05:54:39] [SUCCESS] ✅ УСТАНОВКА ВЫПОЛНЕНА УСПЕШНО!
[2026-07-15 05:54:39] [SUCCESS]    Версия: 6.5.0.9122
[2026-07-15 05:54:39] [SUCCESS]    Опция установки: local
[2026-07-15 05:54:39] [SUCCESS]    Установлены приложения: TRBOnet.Server, TRBOnet.Console, TRBOnet.One
[2026-07-15 05:54:39] [INFO] ================================================================================
[2026-07-15 06:13:05] [INFO] ================================================================================
[2026-07-15 06:13:05] [INFO] ЗАПУСК АВТОМАТИЧЕСКОЙ УСТАНОВКИ TRBOnet
[2026-07-15 06:13:05] [INFO] ================================================================================
[2026-07-15 06:13:05] [INFO] НАСТРОЙКИ:
[2026-07-15 06:13:05] [INFO]   Путь к сборкам: C:\builds
[2026-07-15 06:13:05] [INFO]   Опция установки: local
[2026-07-15 06:13:05] [INFO]   Тихий режим: True
[2026-07-15 06:13:05] [INFO]   Приложения для проверки: TRBOnet.Server, TRBOnet.Console, TRBOnet.One
[2026-07-15 06:13:05] [SUCCESS] ✅ Скрипт запущен с правами администратора
[2026-07-15 06:13:05] [INFO] Версия для установки: 6.5.0.9121
[2026-07-15 06:13:05] [INFO] 
📌 ШАГ 1: Поиск установочного файла
[2026-07-15 06:13:05] [INFO] ----------------------------------------
[2026-07-15 06:13:05] [INFO] Поиск установочного файла...
[2026-07-15 06:13:05] [INFO]   Папка: C:\builds
[2026-07-15 06:13:05] [INFO]   Версия: 6.5.0.9121
[2026-07-15 06:13:05] [SUCCESS] ✅ Найден установочный файл: C:\builds\TRBOnet.Enterprise_6.5.0.9121.exe
[2026-07-15 06:13:05] [INFO] 
📌 ШАГ 2: Установка TRBOnet
[2026-07-15 06:13:05] [INFO] ----------------------------------------
[2026-07-15 06:13:05] [INFO] Запуск установки TRBOnet...
[2026-07-15 06:13:05] [INFO]   Файл: C:\builds\TRBOnet.Enterprise_6.5.0.9121.exe
[2026-07-15 06:13:05] [INFO]   Опция: local
[2026-07-15 06:13:05] [INFO]   Тихий режим: True
[2026-07-15 06:13:05] [INFO]   Аргументы: /exebasicui /exelog "C:\Automation\core\logs\install_log_061305.txt" /norestart /quiet /qn InstallMode="Custom" INSTALLLEVEL="100"
[2026-07-15 06:13:13] [SUCCESS] ✅ Процесс установки запущен (Handle: 42)
[2026-07-15 06:13:13] [INFO] ⏳ Ожидание завершения установки...
[2026-07-15 06:13:13] [INFO]   Найден процесс установщика (PID: 18060)
[2026-07-15 06:13:15] [INFO]   Обнаружен дочерний процесс msiexec (PID: 16376)
[2026-07-15 06:13:30] [INFO]   Установка выполняется... (15 сек)
[2026-07-15 06:13:45] [SUCCESS] ✅ Процесс msiexec (PID: 16376) завершился через 30 секунд
[2026-07-15 06:13:45] [SUCCESS] ✅ Установка успешно завершена
[2026-07-15 06:13:45] [INFO] 
📌 ШАГ 3: Проверка установленных приложений
[2026-07-15 06:13:45] [INFO] ----------------------------------------
[2026-07-15 06:13:45] [INFO]   Ожидание запуска приложений...
[2026-07-15 06:13:50] [INFO] Проверка установки через реестр...
[2026-07-15 06:13:50] [SUCCESS]   ✅ Найден в реестре: TRBOnet.Server
[2026-07-15 06:13:50] [SUCCESS]   ✅ Найден в реестре: TRBOnet.Console
[2026-07-15 06:13:50] [SUCCESS]   ✅ Найден в реестре: TRBOnet.One
[2026-07-15 06:13:50] [INFO] 
================================================================================
[2026-07-15 06:13:50] [SUCCESS] ✅ УСТАНОВКА ВЫПОЛНЕНА УСПЕШНО!
[2026-07-15 06:13:50] [SUCCESS]    Версия: 6.5.0.9121
[2026-07-15 06:13:50] [SUCCESS]    Опция установки: local
[2026-07-15 06:13:50] [SUCCESS]    Установлены приложения: TRBOnet.Server, TRBOnet.Console, TRBOnet.One
[2026-07-15 06:13:50] [INFO] ================================================================================
[2026-07-16 02:23:17] [INFO] ================================================================================
[2026-07-16 02:23:17] [INFO] ЗАПУСК АВТОМАТИЧЕСКОЙ УСТАНОВКИ TRBOnet
[2026-07-16 02:23:17] [INFO] ================================================================================
[2026-07-16 02:23:17] [INFO] НАСТРОЙКИ:
[2026-07-16 02:23:17] [INFO]   Путь к сборкам: C:\builds
[2026-07-16 02:23:17] [INFO]   Опция установки: local
[2026-07-16 02:23:17] [INFO]   Тихий режим: True
[2026-07-16 02:23:17] [INFO]   Приложения для проверки: TRBOnet.Server, TRBOnet.Console, TRBOnet.One
[2026-07-16 02:23:17] [SUCCESS] ✅ Скрипт запущен с правами администратора
[2026-07-16 02:23:17] [INFO] Версия для установки: 6.5.0.9120
[2026-07-16 02:23:17] [INFO] 
📌 ШАГ 1: Поиск установочного файла
[2026-07-16 02:23:17] [INFO] ----------------------------------------
[2026-07-16 02:23:17] [INFO] Поиск установочного файла...
[2026-07-16 02:23:17] [INFO]   Папка: C:\builds
[2026-07-16 02:23:17] [INFO]   Версия: 6.5.0.9120
[2026-07-16 02:23:17] [SUCCESS] ✅ Найден установочный файл: C:\builds\TRBOnet.Enterprise_6.5.0.9120.exe
[2026-07-16 02:23:17] [INFO] 
📌 ШАГ 2: Установка TRBOnet
[2026-07-16 02:23:17] [INFO] ----------------------------------------
[2026-07-16 02:23:17] [INFO] Запуск установки TRBOnet...
[2026-07-16 02:23:17] [INFO]   Файл: C:\builds\TRBOnet.Enterprise_6.5.0.9120.exe
[2026-07-16 02:23:17] [INFO]   Опция: local
[2026-07-16 02:23:17] [INFO]   Тихий режим: True
[2026-07-16 02:23:17] [INFO]   Аргументы: /exebasicui /exelog "C:\Automation\core\logs\install_log_022317.txt" /norestart /quiet /qn InstallMode="Custom" INSTALLLEVEL="100"
[2026-07-16 02:23:25] [SUCCESS] ✅ Процесс установки запущен (Handle: 42)
[2026-07-16 02:23:25] [INFO] ⏳ Ожидание завершения установки...
[2026-07-16 02:23:25] [INFO]   Найден процесс установщика (PID: 16320)
[2026-07-16 02:23:27] [INFO]   Обнаружен дочерний процесс msiexec (PID: 17840)
[2026-07-16 02:23:42] [INFO]   Установка выполняется... (15 сек)
[2026-07-16 02:23:57] [INFO]   Установка выполняется... (30 сек)
[2026-07-16 02:24:00] [SUCCESS] ✅ Процесс msiexec (PID: 17840) завершился через 33 секунд
[2026-07-16 02:24:00] [SUCCESS] ✅ Установка успешно завершена
[2026-07-16 02:24:00] [INFO] 
📌 ШАГ 3: Проверка установленных приложений
[2026-07-16 02:24:00] [INFO] ----------------------------------------
[2026-07-16 02:24:00] [INFO]   Ожидание запуска приложений...
[2026-07-16 02:24:05] [INFO] Проверка установки через реестр...
[2026-07-16 02:24:05] [SUCCESS]   ✅ Найден в реестре: TRBOnet.Server
[2026-07-16 02:24:05] [SUCCESS]   ✅ Найден в реестре: TRBOnet.Console
[2026-07-16 02:24:05] [SUCCESS]   ✅ Найден в реестре: TRBOnet.One
[2026-07-16 02:24:05] [INFO] 
================================================================================
[2026-07-16 02:24:05] [SUCCESS] ✅ УСТАНОВКА ВЫПОЛНЕНА УСПЕШНО!
[2026-07-16 02:24:05] [SUCCESS]    Версия: 6.5.0.9120
[2026-07-16 02:24:05] [SUCCESS]    Опция установки: local
[2026-07-16 02:24:05] [SUCCESS]    Установлены приложения: TRBOnet.Server, TRBOnet.Console, TRBOnet.One
[2026-07-16 02:24:05] [INFO] ================================================================================
[2026-07-16 04:09:43] [INFO] ================================================================================
[2026-07-16 04:09:43] [INFO] ЗАПУСК АВТОМАТИЧЕСКОЙ УСТАНОВКИ TRBOnet
[2026-07-16 04:09:43] [INFO] ================================================================================
[2026-07-16 04:09:43] [INFO] НАСТРОЙКИ:
[2026-07-16 04:09:43] [INFO]   Путь к сборкам: C:\builds
[2026-07-16 04:09:43] [INFO]   Опция установки: local
[2026-07-16 04:09:43] [INFO]   Тихий режим: True
[2026-07-16 04:09:43] [INFO]   Приложения для проверки: TRBOnet.Server, TRBOnet.Console, TRBOnet.One
[2026-07-16 04:09:43] [SUCCESS] ✅ Скрипт запущен с правами администратора
[2026-07-16 04:09:43] [INFO] Версия для установки: 6.5.0.9118
[2026-07-16 04:09:43] [INFO] 
📌 ШАГ 1: Поиск установочного файла
[2026-07-16 04:09:43] [INFO] ----------------------------------------
[2026-07-16 04:09:43] [INFO] Поиск установочного файла...
[2026-07-16 04:09:43] [INFO]   Папка: C:\builds
[2026-07-16 04:09:43] [INFO]   Версия: 6.5.0.9118
[2026-07-16 04:09:43] [SUCCESS] ✅ Найден установочный файл: C:\builds\TRBOnet.Enterprise_6.5.0.9118.exe
[2026-07-16 04:09:43] [INFO] 
📌 ШАГ 2: Установка TRBOnet
[2026-07-16 04:09:43] [INFO] ----------------------------------------
[2026-07-16 04:09:43] [INFO] Запуск установки TRBOnet...
[2026-07-16 04:09:43] [INFO]   Файл: C:\builds\TRBOnet.Enterprise_6.5.0.9118.exe
[2026-07-16 04:09:43] [INFO]   Опция: local
[2026-07-16 04:09:43] [INFO]   Тихий режим: True
[2026-07-16 04:09:43] [INFO]   Аргументы: /exebasicui /exelog "C:\Automation\core\logs\install_log_040943.txt" /norestart /quiet /qn InstallMode="Custom" INSTALLLEVEL="100"
[2026-07-16 04:09:51] [SUCCESS] ✅ Процесс установки запущен (Handle: 42)
[2026-07-16 04:09:51] [INFO] ⏳ Ожидание завершения установки...
[2026-07-16 04:09:51] [INFO]   Найден процесс установщика (PID: 3144)
[2026-07-16 04:09:53] [INFO]   Обнаружен дочерний процесс msiexec (PID: 15420)
[2026-07-16 04:10:08] [INFO]   Установка выполняется... (15 сек)
[2026-07-16 04:10:23] [SUCCESS] ✅ Процесс msiexec (PID: 15420) завершился через 30 секунд
[2026-07-16 04:10:23] [SUCCESS] ✅ Установка успешно завершена
[2026-07-16 04:10:23] [INFO] 
📌 ШАГ 3: Проверка установленных приложений
[2026-07-16 04:10:23] [INFO] ----------------------------------------
[2026-07-16 04:10:23] [INFO]   Ожидание запуска приложений...
[2026-07-16 04:10:28] [INFO] Проверка установки через реестр...
[2026-07-16 04:10:28] [SUCCESS]   ✅ Найден в реестре: TRBOnet.Server
[2026-07-16 04:10:28] [SUCCESS]   ✅ Найден в реестре: TRBOnet.Console
[2026-07-16 04:10:28] [SUCCESS]   ✅ Найден в реестре: TRBOnet.One
[2026-07-16 04:10:28] [INFO] 
================================================================================
[2026-07-16 04:10:28] [SUCCESS] ✅ УСТАНОВКА ВЫПОЛНЕНА УСПЕШНО!
[2026-07-16 04:10:28] [SUCCESS]    Версия: 6.5.0.9118
[2026-07-16 04:10:28] [SUCCESS]    Опция установки: local
[2026-07-16 04:10:28] [SUCCESS]    Установлены приложения: TRBOnet.Server, TRBOnet.Console, TRBOnet.One
[2026-07-16 04:10:28] [INFO] ================================================================================
[2026-07-20 02:12:34] [INFO] ================================================================================
[2026-07-20 02:12:34] [INFO] ЗАПУСК АВТОМАТИЧЕСКОЙ УСТАНОВКИ TRBOnet
[2026-07-20 02:12:34] [INFO] ================================================================================
[2026-07-20 02:12:34] [INFO] НАСТРОЙКИ:
[2026-07-20 02:12:34] [INFO]   Путь к сборкам: C:\builds
[2026-07-20 02:12:34] [INFO]   Опция установки: local
[2026-07-20 02:12:34] [INFO]   Тихий режим: True
[2026-07-20 02:12:34] [INFO]   Приложения для проверки: TRBOnet.Server, TRBOnet.Console, TRBOnet.One
[2026-07-20 02:12:34] [SUCCESS] ✅ Скрипт запущен с правами администратора
[2026-07-20 02:12:34] [INFO] Версия для установки: 6.5.0.9141
[2026-07-20 02:12:34] [INFO] 
📌 ШАГ 1: Поиск установочного файла
[2026-07-20 02:12:34] [INFO] ----------------------------------------
[2026-07-20 02:12:34] [INFO] Поиск установочного файла...
[2026-07-20 02:12:34] [INFO]   Папка: C:\builds
[2026-07-20 02:12:34] [INFO]   Версия: 6.5.0.9141
[2026-07-20 02:12:34] [SUCCESS] ✅ Найден установочный файл: C:\builds\TRBOnet.Enterprise_6.5.0.9141.exe
[2026-07-20 02:12:34] [INFO] 
📌 ШАГ 2: Установка TRBOnet
[2026-07-20 02:12:34] [INFO] ----------------------------------------
[2026-07-20 02:12:34] [INFO] Запуск установки TRBOnet...
[2026-07-20 02:12:34] [INFO]   Файл: C:\builds\TRBOnet.Enterprise_6.5.0.9141.exe
[2026-07-20 02:12:34] [INFO]   Опция: local
[2026-07-20 02:12:34] [INFO]   Тихий режим: True
[2026-07-20 02:12:34] [INFO]   Аргументы: /exebasicui /exelog "C:\Automation\core\logs\install_log_021234.txt" /norestart /quiet /qn InstallMode="Custom" INSTALLLEVEL="100"
[2026-07-20 02:12:41] [SUCCESS] ✅ Процесс установки запущен (Handle: 42)
[2026-07-20 02:12:41] [INFO] ⏳ Ожидание завершения установки...
[2026-07-20 02:12:41] [INFO]   Найден процесс установщика (PID: 20284)
[2026-07-20 02:12:43] [INFO]   Обнаружен дочерний процесс msiexec (PID: 2368)
[2026-07-20 02:12:58] [INFO]   Установка выполняется... (15 сек)
[2026-07-20 02:13:13] [INFO]   Установка выполняется... (30 сек)
[2026-07-20 02:13:16] [SUCCESS] ✅ Процесс msiexec (PID: 2368) завершился через 33 секунд
[2026-07-20 02:13:16] [SUCCESS] ✅ Установка успешно завершена
[2026-07-20 02:13:16] [INFO] 
📌 ШАГ 3: Проверка установленных приложений
[2026-07-20 02:13:16] [INFO] ----------------------------------------
[2026-07-20 02:13:16] [INFO]   Ожидание запуска приложений...
[2026-07-20 02:13:21] [INFO] Проверка установки через реестр...
[2026-07-20 02:13:21] [SUCCESS]   ✅ Найден в реестре: TRBOnet.Server
[2026-07-20 02:13:21] [SUCCESS]   ✅ Найден в реестре: TRBOnet.Console
[2026-07-20 02:13:21] [SUCCESS]   ✅ Найден в реестре: TRBOnet.One
[2026-07-20 02:13:21] [INFO] 
================================================================================
[2026-07-20 02:13:21] [SUCCESS] ✅ УСТАНОВКА ВЫПОЛНЕНА УСПЕШНО!
[2026-07-20 02:13:21] [SUCCESS]    Версия: 6.5.0.9141
[2026-07-20 02:13:21] [SUCCESS]    Опция установки: local
[2026-07-20 02:13:21] [SUCCESS]    Установлены приложения: TRBOnet.Server, TRBOnet.Console, TRBOnet.One
[2026-07-20 02:13:21] [INFO] ================================================================================
[2026-08-04 17:05:42] [INFO] ================================================================================
[2026-08-04 17:05:42] [INFO] ЗАПУСК АВТОМАТИЧЕСКОЙ УСТАНОВКИ TRBOnet
[2026-08-04 17:05:42] [INFO] ================================================================================
[2026-08-04 17:05:42] [INFO] НАСТРОЙКИ:
[2026-08-04 17:05:42] [INFO]   Путь к сборкам: C:\builds
[2026-08-04 17:05:42] [INFO]   Опция установки: local
[2026-08-04 17:05:42] [INFO]   Тихий режим: True
[2026-08-04 17:05:42] [INFO]   Приложения для проверки: TRBOnet.Server, TRBOnet.Console, TRBOnet.One
[2026-08-04 17:05:42] [SUCCESS] ✅ Скрипт запущен с правами администратора
[2026-08-04 17:05:42] [INFO] Версия для установки: 6.5.0.9142
[2026-08-04 17:05:42] [INFO] 
📌 ШАГ 1: Поиск установочного файла
[2026-08-04 17:05:42] [INFO] ----------------------------------------
[2026-08-04 17:05:42] [INFO] Поиск установочного файла...
[2026-08-04 17:05:42] [INFO]   Папка: C:\builds
[2026-08-04 17:05:42] [INFO]   Версия: 6.5.0.9142
[2026-08-04 17:05:42] [SUCCESS] ✅ Найден установочный файл: C:\builds\TRBOnet.Enterprise_6.5.0.9142.exe
[2026-08-04 17:05:42] [INFO] 
📌 ШАГ 2: Установка TRBOnet
[2026-08-04 17:05:42] [INFO] ----------------------------------------
[2026-08-04 17:05:42] [INFO] Запуск установки TRBOnet...
[2026-08-04 17:05:42] [INFO]   Файл: C:\builds\TRBOnet.Enterprise_6.5.0.9142.exe
[2026-08-04 17:05:42] [INFO]   Опция: local
[2026-08-04 17:05:42] [INFO]   Тихий режим: True
[2026-08-04 17:05:42] [INFO]   Аргументы: /exebasicui /exelog "C:\Automation\core\logs\install_log_170542.txt" /norestart /quiet /qn InstallMode="Custom" INSTALLLEVEL="100"
[2026-08-04 17:05:43] [SUCCESS] ✅ Процесс установки запущен (Handle: 42)
[2026-08-04 17:05:43] [INFO] ⏳ Ожидание завершения установки...
[2026-08-04 17:05:43] [INFO]   Найден процесс установщика (PID: 15448)
[2026-08-04 17:05:46] [INFO]   Обнаружен дочерний процесс msiexec (PID: 5160)
[2026-08-04 17:06:01] [INFO]   Установка выполняется... (15 сек)
[2026-08-04 17:06:16] [INFO]   Установка выполняется... (30 сек)
[2026-08-04 17:06:19] [SUCCESS] ✅ Процесс msiexec (PID: 5160) завершился через 33 секунд
[2026-08-04 17:06:19] [SUCCESS] ✅ Установка успешно завершена
[2026-08-04 17:06:19] [INFO] 
📌 ШАГ 3: Проверка установленных приложений
[2026-08-04 17:06:19] [INFO] ----------------------------------------
[2026-08-04 17:06:19] [INFO]   Ожидание запуска приложений...
[2026-08-04 17:06:24] [INFO] Проверка установки через реестр...
[2026-08-04 17:06:24] [SUCCESS]   ✅ Найден в реестре: TRBOnet.Server
[2026-08-04 17:06:24] [SUCCESS]   ✅ Найден в реестре: TRBOnet.Console
[2026-08-04 17:06:24] [SUCCESS]   ✅ Найден в реестре: TRBOnet.One
[2026-08-04 17:06:24] [INFO] 
================================================================================
[2026-08-04 17:06:24] [SUCCESS] ✅ УСТАНОВКА ВЫПОЛНЕНА УСПЕШНО!
[2026-08-04 17:06:24] [SUCCESS]    Версия: 6.5.0.9142
[2026-08-04 17:06:24] [SUCCESS]    Опция установки: local
[2026-08-04 17:06:24] [SUCCESS]    Установлены приложения: TRBOnet.Server, TRBOnet.Console, TRBOnet.One
[2026-08-04 17:06:24] [INFO] ================================================================================
[2026-08-04 20:05:29] [INFO] ================================================================================
[2026-08-04 20:05:29] [INFO] ЗАПУСК АВТОМАТИЧЕСКОЙ УСТАНОВКИ TRBOnet
[2026-08-04 20:05:29] [INFO] ================================================================================
[2026-08-04 20:05:29] [INFO] НАСТРОЙКИ:
[2026-08-04 20:05:29] [INFO]   Путь к сборкам: C:\builds
[2026-08-04 20:05:29] [INFO]   Опция установки: local
[2026-08-04 20:05:29] [INFO]   Тихий режим: True
[2026-08-04 20:05:29] [INFO]   Приложения для проверки: TRBOnet.Server, TRBOnet.Console, TRBOnet.One
[2026-08-04 20:05:29] [SUCCESS] ✅ Скрипт запущен с правами администратора
[2026-08-04 20:05:29] [INFO] Версия для установки: 6.5.0.9142
[2026-08-04 20:05:29] [INFO] 
📌 ШАГ 1: Поиск установочного файла
[2026-08-04 20:05:29] [INFO] ----------------------------------------
[2026-08-04 20:05:29] [INFO] Поиск установочного файла...
[2026-08-04 20:05:29] [INFO]   Папка: C:\builds
[2026-08-04 20:05:29] [INFO]   Версия: 6.5.0.9142
[2026-08-04 20:05:29] [SUCCESS] ✅ Найден установочный файл: C:\builds\TRBOnet.Enterprise_6.5.0.9142.exe
[2026-08-04 20:05:29] [INFO] 
📌 ШАГ 2: Установка TRBOnet
[2026-08-04 20:05:29] [INFO] ----------------------------------------
[2026-08-04 20:05:29] [INFO] Запуск установки TRBOnet...
[2026-08-04 20:05:29] [INFO]   Файл: C:\builds\TRBOnet.Enterprise_6.5.0.9142.exe
[2026-08-04 20:05:29] [INFO]   Опция: local
[2026-08-04 20:05:29] [INFO]   Тихий режим: True
[2026-08-04 20:05:29] [INFO]   Аргументы: /exebasicui /exelog "C:\Automation\core\logs\install_log_200529.txt" /norestart /quiet /qn InstallMode="Custom" INSTALLLEVEL="100"
[2026-08-04 20:05:30] [SUCCESS] ✅ Процесс установки запущен (Handle: 42)
[2026-08-04 20:05:30] [INFO] ⏳ Ожидание завершения установки...
[2026-08-04 20:05:30] [INFO]   Найден процесс установщика (PID: 17172)
[2026-08-04 20:05:32] [INFO]   Обнаружен дочерний процесс msiexec (PID: 6212)
[2026-08-04 20:05:47] [INFO]   Установка выполняется... (15 сек)
[2026-08-04 20:06:02] [SUCCESS] ✅ Процесс msiexec (PID: 6212) завершился через 30 секунд
[2026-08-04 20:06:02] [SUCCESS] ✅ Установка успешно завершена
[2026-08-04 20:06:02] [INFO] 
📌 ШАГ 3: Проверка установленных приложений
[2026-08-04 20:06:02] [INFO] ----------------------------------------
[2026-08-04 20:06:02] [INFO]   Ожидание запуска приложений...
[2026-08-04 20:06:07] [INFO] Проверка установки через реестр...
[2026-08-04 20:06:07] [SUCCESS]   ✅ Найден в реестре: TRBOnet.Server
[2026-08-04 20:06:07] [SUCCESS]   ✅ Найден в реестре: TRBOnet.Console
[2026-08-04 20:06:07] [SUCCESS]   ✅ Найден в реестре: TRBOnet.One
[2026-08-04 20:06:07] [INFO] 
================================================================================
[2026-08-04 20:06:07] [SUCCESS] ✅ УСТАНОВКА ВЫПОЛНЕНА УСПЕШНО!
[2026-08-04 20:06:07] [SUCCESS]    Версия: 6.5.0.9142
[2026-08-04 20:06:07] [SUCCESS]    Опция установки: local
[2026-08-04 20:06:07] [SUCCESS]    Установлены приложения: TRBOnet.Server, TRBOnet.Console, TRBOnet.One
[2026-08-04 20:06:07] [INFO] ================================================================================
[2026-08-07 03:30:25] [INFO] ================================================================================
[2026-08-07 03:30:25] [INFO] ЗАПУСК АВТОМАТИЧЕСКОЙ УСТАНОВКИ TRBOnet
[2026-08-07 03:30:25] [INFO] ================================================================================
[2026-08-07 03:30:25] [INFO] НАСТРОЙКИ:
[2026-08-07 03:30:25] [INFO]   Путь к сборкам: C:\builds
[2026-08-07 03:30:25] [INFO]   Опция установки: local
[2026-08-07 03:30:25] [INFO]   Тихий режим: True
[2026-08-07 03:30:25] [INFO]   Приложения для проверки: TRBOnet.Server, TRBOnet.Console, TRBOnet.One
[2026-08-07 03:30:25] [SUCCESS] ✅ Скрипт запущен с правами администратора
[2026-08-07 03:30:25] [INFO] Версия для установки: 6.5.0.9142
[2026-08-07 03:30:25] [INFO] 
📌 ШАГ 1: Поиск установочного файла
[2026-08-07 03:30:25] [INFO] ----------------------------------------
[2026-08-07 03:30:25] [INFO] Поиск установочного файла...
[2026-08-07 03:30:25] [INFO]   Папка: C:\builds
[2026-08-07 03:30:25] [INFO]   Версия: 6.5.0.9142
[2026-08-07 03:30:25] [SUCCESS] ✅ Найден установочный файл: C:\builds\TRBOnet.Enterprise_6.5.0.9142.exe
[2026-08-07 03:30:25] [INFO] 
📌 ШАГ 2: Установка TRBOnet
[2026-08-07 03:30:25] [INFO] ----------------------------------------
[2026-08-07 03:30:25] [INFO] Запуск установки TRBOnet...
[2026-08-07 03:30:25] [INFO]   Файл: C:\builds\TRBOnet.Enterprise_6.5.0.9142.exe
[2026-08-07 03:30:25] [INFO]   Опция: local
[2026-08-07 03:30:25] [INFO]   Тихий режим: True
[2026-08-07 03:30:25] [INFO]   Аргументы: /exebasicui /exelog "C:\Automation\core\logs\install_log_033025.txt" /norestart /quiet /qn InstallMode="Custom" INSTALLLEVEL="100"
[2026-08-07 03:30:26] [SUCCESS] ✅ Процесс установки запущен (Handle: 42)
[2026-08-07 03:30:26] [INFO] ⏳ Ожидание завершения установки...
[2026-08-07 03:30:26] [INFO]   Найден процесс установщика (PID: 17080)
[2026-08-07 03:30:29] [INFO]   Обнаружен дочерний процесс msiexec (PID: 15196)
[2026-08-07 03:30:44] [INFO]   Установка выполняется... (15 сек)
[2026-08-07 03:30:59] [INFO]   Установка выполняется... (30 сек)
[2026-08-07 03:31:02] [SUCCESS] ✅ Процесс msiexec (PID: 15196) завершился через 33 секунд
[2026-08-07 03:31:02] [SUCCESS] ✅ Установка успешно завершена
[2026-08-07 03:31:02] [INFO] 
📌 ШАГ 3: Проверка установленных приложений
[2026-08-07 03:31:02] [INFO] ----------------------------------------
[2026-08-07 03:31:02] [INFO]   Ожидание запуска приложений...
[2026-08-07 03:31:07] [INFO] Проверка установки через реестр...
[2026-08-07 03:31:07] [SUCCESS]   ✅ Найден в реестре: TRBOnet.Server
[2026-08-07 03:31:07] [SUCCESS]   ✅ Найден в реестре: TRBOnet.Console
[2026-08-07 03:31:07] [SUCCESS]   ✅ Найден в реестре: TRBOnet.One
[2026-08-07 03:31:07] [INFO] 
================================================================================
[2026-08-07 03:31:07] [SUCCESS] ✅ УСТАНОВКА ВЫПОЛНЕНА УСПЕШНО!
[2026-08-07 03:31:07] [SUCCESS]    Версия: 6.5.0.9142
[2026-08-07 03:31:07] [SUCCESS]    Опция установки: local
[2026-08-07 03:31:07] [SUCCESS]    Установлены приложения: TRBOnet.Server, TRBOnet.Console, TRBOnet.One
[2026-08-07 03:31:07] [INFO] ================================================================================
[2026-08-07 03:33:11] [INFO] ================================================================================
[2026-08-07 03:33:11] [INFO] ЗАПУСК АВТОМАТИЧЕСКОЙ УСТАНОВКИ TRBOnet
[2026-08-07 03:33:11] [INFO] ================================================================================
[2026-08-07 03:33:11] [INFO] НАСТРОЙКИ:
[2026-08-07 03:33:11] [INFO]   Путь к сборкам: C:\builds
[2026-08-07 03:33:11] [INFO]   Опция установки: local
[2026-08-07 03:33:11] [INFO]   Тихий режим: True
[2026-08-07 03:33:11] [INFO]   Приложения для проверки: TRBOnet.Server, TRBOnet.Console, TRBOnet.One
[2026-08-07 03:33:11] [SUCCESS] ✅ Скрипт запущен с правами администратора
[2026-08-07 03:33:11] [INFO] Версия для установки: 6.5.0.9142
[2026-08-07 03:33:11] [INFO] 
📌 ШАГ 1: Поиск установочного файла
[2026-08-07 03:33:11] [INFO] ----------------------------------------
[2026-08-07 03:33:11] [INFO] Поиск установочного файла...
[2026-08-07 03:33:11] [INFO]   Папка: C:\builds
[2026-08-07 03:33:11] [INFO]   Версия: 6.5.0.9142
[2026-08-07 03:33:11] [SUCCESS] ✅ Найден установочный файл: C:\builds\TRBOnet.Enterprise_6.5.0.9142.exe
[2026-08-07 03:33:11] [INFO] 
📌 ШАГ 2: Установка TRBOnet
[2026-08-07 03:33:11] [INFO] ----------------------------------------
[2026-08-07 03:33:11] [INFO] Запуск установки TRBOnet...
[2026-08-07 03:33:11] [INFO]   Файл: C:\builds\TRBOnet.Enterprise_6.5.0.9142.exe
[2026-08-07 03:33:11] [INFO]   Опция: local
[2026-08-07 03:33:11] [INFO]   Тихий режим: True
[2026-08-07 03:33:11] [INFO]   Аргументы: /exebasicui /exelog "C:\Automation\core\logs\install_log_033311.txt" /norestart /quiet /qn InstallMode="Custom" INSTALLLEVEL="100"
[2026-08-07 03:33:13] [SUCCESS] ✅ Процесс установки запущен (Handle: 42)
[2026-08-07 03:33:13] [INFO] ⏳ Ожидание завершения установки...
[2026-08-07 03:33:13] [INFO]   Найден процесс установщика (PID: 11500)
[2026-08-07 03:33:15] [INFO]   Обнаружен дочерний процесс msiexec (PID: 16192)
[2026-08-07 03:33:30] [INFO]   Установка выполняется... (15 сек)
[2026-08-07 03:33:45] [SUCCESS] ✅ Процесс msiexec (PID: 16192) завершился через 30 секунд
[2026-08-07 03:33:45] [SUCCESS] ✅ Установка успешно завершена
[2026-08-07 03:33:45] [INFO] 
📌 ШАГ 3: Проверка установленных приложений
[2026-08-07 03:33:45] [INFO] ----------------------------------------
[2026-08-07 03:33:45] [INFO]   Ожидание запуска приложений...
[2026-08-07 03:33:50] [INFO] Проверка установки через реестр...
[2026-08-07 03:33:50] [SUCCESS]   ✅ Найден в реестре: TRBOnet.Server
[2026-08-07 03:33:50] [SUCCESS]   ✅ Найден в реестре: TRBOnet.Console
[2026-08-07 03:33:50] [SUCCESS]   ✅ Найден в реестре: TRBOnet.One
[2026-08-07 03:33:50] [INFO] 
================================================================================
[2026-08-07 03:33:50] [SUCCESS] ✅ УСТАНОВКА ВЫПОЛНЕНА УСПЕШНО!
[2026-08-07 03:33:50] [SUCCESS]    Версия: 6.5.0.9142
[2026-08-07 03:33:50] [SUCCESS]    Опция установки: local
[2026-08-07 03:33:50] [SUCCESS]    Установлены приложения: TRBOnet.Server, TRBOnet.Console, TRBOnet.One
[2026-08-07 03:33:50] [INFO] ================================================================================
[2026-08-09 23:15:18] [INFO] ================================================================================
[2026-08-09 23:15:18] [INFO] ЗАПУСК АВТОМАТИЧЕСКОЙ УСТАНОВКИ TRBOnet
[2026-08-09 23:15:18] [INFO] ================================================================================
[2026-08-09 23:15:18] [INFO] НАСТРОЙКИ:
[2026-08-09 23:15:18] [INFO]   Путь к сборкам: C:\builds
[2026-08-09 23:15:18] [INFO]   Опция установки: local
[2026-08-09 23:15:18] [INFO]   Тихий режим: True
[2026-08-09 23:15:18] [INFO]   Приложения для проверки: TRBOnet.Server, TRBOnet.Console, TRBOnet.One
[2026-08-09 23:15:18] [SUCCESS] ✅ Скрипт запущен с правами администратора
[2026-08-09 23:15:18] [INFO] Версия для установки: 6.5.0.9142
[2026-08-09 23:15:18] [INFO] 
📌 ШАГ 1: Поиск установочного файла
[2026-08-09 23:15:18] [INFO] ----------------------------------------
[2026-08-09 23:15:18] [INFO] Поиск установочного файла...
[2026-08-09 23:15:18] [INFO]   Папка: C:\builds
[2026-08-09 23:15:18] [INFO]   Версия: 6.5.0.9142
[2026-08-09 23:15:18] [SUCCESS] ✅ Найден установочный файл: C:\builds\TRBOnet.Enterprise_6.5.0.9142.exe
[2026-08-09 23:15:18] [INFO] 
📌 ШАГ 2: Установка TRBOnet
[2026-08-09 23:15:18] [INFO] ----------------------------------------
[2026-08-09 23:15:18] [INFO] Запуск установки TRBOnet...
[2026-08-09 23:15:18] [INFO]   Файл: C:\builds\TRBOnet.Enterprise_6.5.0.9142.exe
[2026-08-09 23:15:18] [INFO]   Опция: local
[2026-08-09 23:15:18] [INFO]   Тихий режим: True
[2026-08-09 23:15:18] [INFO]   Аргументы: /exebasicui /exelog "C:\Automation\core\logs\install_log_231518.txt" /norestart /quiet /qn InstallMode="Custom" INSTALLLEVEL="100"
[2026-08-09 23:15:19] [SUCCESS] ✅ Процесс установки запущен (Handle: 42)
[2026-08-09 23:15:19] [INFO] ⏳ Ожидание завершения установки...
[2026-08-09 23:15:19] [INFO]   Найден процесс установщика (PID: 10572)
[2026-08-09 23:15:22] [INFO]   Обнаружен дочерний процесс msiexec (PID: 6368)
[2026-08-09 23:15:37] [INFO]   Установка выполняется... (15 сек)
[2026-08-09 23:15:52] [INFO]   Установка выполняется... (30 сек)
[2026-08-09 23:16:04] [SUCCESS] ✅ Процесс msiexec (PID: 6368) завершился через 42 секунд
[2026-08-09 23:16:04] [SUCCESS] ✅ Установка успешно завершена
[2026-08-09 23:16:04] [INFO] 
📌 ШАГ 3: Проверка установленных приложений
[2026-08-09 23:16:04] [INFO] ----------------------------------------
[2026-08-09 23:16:04] [INFO]   Ожидание запуска приложений...
[2026-08-09 23:16:09] [INFO] Проверка установки через реестр...
[2026-08-09 23:16:09] [SUCCESS]   ✅ Найден в реестре: TRBOnet.Server
[2026-08-09 23:16:09] [SUCCESS]   ✅ Найден в реестре: TRBOnet.Console
[2026-08-09 23:16:09] [SUCCESS]   ✅ Найден в реестре: TRBOnet.One
[2026-08-09 23:16:09] [INFO] 
================================================================================
[2026-08-09 23:16:09] [SUCCESS] ✅ УСТАНОВКА ВЫПОЛНЕНА УСПЕШНО!
[2026-08-09 23:16:09] [SUCCESS]    Версия: 6.5.0.9142
[2026-08-09 23:16:09] [SUCCESS]    Опция установки: local
[2026-08-09 23:16:09] [SUCCESS]    Установлены приложения: TRBOnet.Server, TRBOnet.Console, TRBOnet.One
[2026-08-09 23:16:09] [INFO] ================================================================================
[2026-08-09 23:30:14] [INFO] ================================================================================
[2026-08-09 23:30:14] [INFO] ЗАПУСК АВТОМАТИЧЕСКОЙ УСТАНОВКИ TRBOnet
[2026-08-09 23:30:14] [INFO] ================================================================================
[2026-08-09 23:30:14] [INFO] НАСТРОЙКИ:
[2026-08-09 23:30:14] [INFO]   Путь к сборкам: C:\builds
[2026-08-09 23:30:14] [INFO]   Опция установки: local
[2026-08-09 23:30:14] [INFO]   Тихий режим: True
[2026-08-09 23:30:14] [INFO]   Приложения для проверки: TRBOnet.Server, TRBOnet.Console, TRBOnet.One
[2026-08-09 23:30:14] [SUCCESS] ✅ Скрипт запущен с правами администратора
[2026-08-09 23:30:14] [INFO] Версия для установки: 6.5.0.9142
[2026-08-09 23:30:14] [INFO] 
📌 ШАГ 1: Поиск установочного файла
[2026-08-09 23:30:14] [INFO] ----------------------------------------
[2026-08-09 23:30:14] [INFO] Поиск установочного файла...
[2026-08-09 23:30:14] [INFO]   Папка: C:\builds
[2026-08-09 23:30:14] [INFO]   Версия: 6.5.0.9142
[2026-08-09 23:30:14] [SUCCESS] ✅ Найден установочный файл: C:\builds\TRBOnet.Enterprise_6.5.0.9142.exe
[2026-08-09 23:30:14] [INFO] 
📌 ШАГ 2: Установка TRBOnet
[2026-08-09 23:30:14] [INFO] ----------------------------------------
[2026-08-09 23:30:14] [INFO] Запуск установки TRBOnet...
[2026-08-09 23:30:14] [INFO]   Файл: C:\builds\TRBOnet.Enterprise_6.5.0.9142.exe
[2026-08-09 23:30:14] [INFO]   Опция: local
[2026-08-09 23:30:14] [INFO]   Тихий режим: True
[2026-08-09 23:30:14] [INFO]   Аргументы: /exebasicui /exelog "C:\Automation\core\logs\install_log_233014.txt" /norestart /quiet /qn InstallMode="Custom" INSTALLLEVEL="100"
[2026-08-09 23:30:15] [SUCCESS] ✅ Процесс установки запущен (Handle: 42)
[2026-08-09 23:30:15] [INFO] ⏳ Ожидание завершения установки...
[2026-08-09 23:30:15] [INFO]   Найден процесс установщика (PID: 18620)
[2026-08-09 23:30:17] [INFO]   Обнаружен дочерний процесс msiexec (PID: 8204)
[2026-08-09 23:30:32] [INFO]   Установка выполняется... (15 сек)
[2026-08-09 23:30:47] [INFO]   Установка выполняется... (30 сек)
[2026-08-09 23:30:50] [SUCCESS] ✅ Процесс msiexec (PID: 8204) завершился через 33 секунд
[2026-08-09 23:30:50] [SUCCESS] ✅ Установка успешно завершена
[2026-08-09 23:30:50] [INFO] 
📌 ШАГ 3: Проверка установленных приложений
[2026-08-09 23:30:50] [INFO] ----------------------------------------
[2026-08-09 23:30:50] [INFO]   Ожидание запуска приложений...
[2026-08-09 23:30:55] [INFO] Проверка установки через реестр...
[2026-08-09 23:30:55] [SUCCESS]   ✅ Найден в реестре: TRBOnet.Server
[2026-08-09 23:30:55] [SUCCESS]   ✅ Найден в реестре: TRBOnet.Console
[2026-08-09 23:30:55] [SUCCESS]   ✅ Найден в реестре: TRBOnet.One
[2026-08-09 23:30:55] [INFO] 
================================================================================
[2026-08-09 23:30:55] [SUCCESS] ✅ УСТАНОВКА ВЫПОЛНЕНА УСПЕШНО!
[2026-08-09 23:30:55] [SUCCESS]    Версия: 6.5.0.9142
[2026-08-09 23:30:55] [SUCCESS]    Опция установки: local
[2026-08-09 23:30:55] [SUCCESS]    Установлены приложения: TRBOnet.Server, TRBOnet.Console, TRBOnet.One
[2026-08-09 23:30:55] [INFO] ================================================================================
[2026-08-10 03:55:48] [INFO] ================================================================================
[2026-08-10 03:55:48] [INFO] ЗАПУСК АВТОМАТИЧЕСКОЙ УСТАНОВКИ TRBOnet
[2026-08-10 03:55:48] [INFO] ================================================================================
[2026-08-10 03:55:48] [INFO] НАСТРОЙКИ:
[2026-08-10 03:55:48] [INFO]   Путь к сборкам: C:\builds
[2026-08-10 03:55:48] [INFO]   Опция установки: local
[2026-08-10 03:55:48] [INFO]   Тихий режим: True
[2026-08-10 03:55:48] [INFO]   Приложения для проверки: TRBOnet.Server, TRBOnet.Console, TRBOnet.One
[2026-08-10 03:55:48] [SUCCESS] ✅ Скрипт запущен с правами администратора
[2026-08-10 03:55:48] [INFO] Версия для установки: 6.5.0.9142
[2026-08-10 03:55:48] [INFO] 
📌 ШАГ 1: Поиск установочного файла
[2026-08-10 03:55:48] [INFO] ----------------------------------------
[2026-08-10 03:55:48] [INFO] Поиск установочного файла...
[2026-08-10 03:55:48] [INFO]   Папка: C:\builds
[2026-08-10 03:55:48] [INFO]   Версия: 6.5.0.9142
[2026-08-10 03:55:48] [SUCCESS] ✅ Найден установочный файл: C:\builds\TRBOnet.Enterprise_6.5.0.9142.exe
[2026-08-10 03:55:48] [INFO] 
📌 ШАГ 2: Установка TRBOnet
[2026-08-10 03:55:48] [INFO] ----------------------------------------
[2026-08-10 03:55:48] [INFO] Запуск установки TRBOnet...
[2026-08-10 03:55:48] [INFO]   Файл: C:\builds\TRBOnet.Enterprise_6.5.0.9142.exe
[2026-08-10 03:55:48] [INFO]   Опция: local
[2026-08-10 03:55:48] [INFO]   Тихий режим: True
[2026-08-10 03:55:48] [INFO]   Аргументы: /exebasicui /exelog "C:\Automation\core\logs\install_log_035548.txt" /norestart /quiet /qn InstallMode="Custom" INSTALLLEVEL="100"
[2026-08-10 03:55:49] [SUCCESS] ✅ Процесс установки запущен (Handle: 42)
[2026-08-10 03:55:49] [INFO] ⏳ Ожидание завершения установки...
[2026-08-10 03:55:49] [INFO]   Найден процесс установщика (PID: 4332)
[2026-08-10 03:55:51] [INFO]   Обнаружен дочерний процесс msiexec (PID: 6464)
[2026-08-10 03:56:06] [INFO]   Установка выполняется... (15 сек)
[2026-08-10 03:56:21] [INFO]   Установка выполняется... (30 сек)
[2026-08-10 03:56:24] [SUCCESS] ✅ Процесс msiexec (PID: 6464) завершился через 33 секунд
[2026-08-10 03:56:24] [SUCCESS] ✅ Установка успешно завершена
[2026-08-10 03:56:24] [INFO] 
📌 ШАГ 3: Проверка установленных приложений
[2026-08-10 03:56:24] [INFO] ----------------------------------------
[2026-08-10 03:56:24] [INFO]   Ожидание запуска приложений...
[2026-08-10 03:56:29] [INFO] Проверка установки через реестр...
[2026-08-10 03:56:29] [SUCCESS]   ✅ Найден в реестре: TRBOnet.Server
[2026-08-10 03:56:29] [SUCCESS]   ✅ Найден в реестре: TRBOnet.Console
[2026-08-10 03:56:29] [SUCCESS]   ✅ Найден в реестре: TRBOnet.One
[2026-08-10 03:56:29] [INFO] 
================================================================================
[2026-08-10 03:56:29] [SUCCESS] ✅ УСТАНОВКА ВЫПОЛНЕНА УСПЕШНО!
[2026-08-10 03:56:29] [SUCCESS]    Версия: 6.5.0.9142
[2026-08-10 03:56:29] [SUCCESS]    Опция установки: local
[2026-08-10 03:56:29] [SUCCESS]    Установлены приложения: TRBOnet.Server, TRBOnet.Console, TRBOnet.One
[2026-08-10 03:56:29] [INFO] ================================================================================
