[2026-07-15 01:30:59] [INFO] 🧹 Очистка старых Allure-результатов...
[2026-07-15 01:30:59] [INFO]   ✅ Удалена папка: C:\Automation\core\allure-results
[2026-07-15 01:30:59] [INFO]   ✅ Удалена папка: C:\Automation\core\allure-report
[2026-07-15 01:30:59] [SUCCESS]   ✅ Создана свежая папка: C:\Automation\core\allure-results
[2026-07-15 01:30:59] [SUCCESS] ✅ Allure инициализирован. Результаты будут сохранены в: C:\Automation\core\allure-results
[2026-07-15 01:30:59] [INFO] ================================================================================
[2026-07-15 01:30:59] [INFO] 🚀 ЗАПУСК ОРКЕСТРАТОРА
[2026-07-15 01:30:59] [INFO] ================================================================================
[2026-07-15 01:30:59] [INFO]   Старая версия: 6.5.0.9129
[2026-07-15 01:30:59] [INFO]   Новая версия: 6.5.0.9128
[2026-07-15 01:30:59] [INFO]   Путь к сборкам: C:\builds
[2026-07-15 01:30:59] [INFO]   Allure-результаты: C:\Automation\core\allure-results
[2026-07-15 01:30:59] [INFO] ================================================================================
[2026-07-15 01:30:59] [SUCCESS]   ✅ uninstall: C:\Automation\core\deinstall.py
[2026-07-15 01:30:59] [SUCCESS]   ✅ download: C:\Automation\core\download_build.py
[2026-07-15 01:30:59] [SUCCESS]   ✅ install: C:\Automation\core\install.py
[2026-07-15 01:30:59] [SUCCESS]   ✅ configure: C:\Automation\core\configure_server.py
[2026-07-15 01:30:59] [SUCCESS]   ✅ dispatch_test: C:\Automation\core\dispatch_console_test.py
[2026-07-15 01:30:59] [SUCCESS]   ✅ one_test: C:\Automation\core\trbonet_one_test.py
[2026-07-15 01:30:59] [INFO] 
============================================================
[2026-07-15 01:30:59] [INFO] 📌 ШАГ 1: УДАЛЕНИЕ СТАРОЙ ВЕРСИИ
[2026-07-15 01:30:59] [INFO] ============================================================
[2026-07-15 01:30:59] [INFO]   Команда: C:\Automation\.venv\Scripts\python.exe C:\Automation\core\deinstall.py 6.5.0.9129
[2026-07-15 01:30:59] [INFO]   Таймаут: 300 сек
[2026-07-15 01:31:40] [INFO] 
============================================================
[2026-07-15 01:31:40] [INFO] 📌 ШАГ 2: СКАЧИВАНИЕ НОВОЙ ВЕРСИИ
[2026-07-15 01:31:40] [INFO] ============================================================
[2026-07-15 01:31:40] [INFO]   Команда: C:\Automation\.venv\Scripts\python.exe C:\Automation\core\download_build.py 6.5.0.9128
[2026-07-15 01:31:40] [INFO]   Таймаут: 600 сек
[2026-07-15 01:33:50] [INFO] 
============================================================
[2026-07-15 01:33:50] [INFO] 📌 ШАГ 3: УСТАНОВКА НОВОЙ ВЕРСИИ
[2026-07-15 01:33:50] [INFO] ============================================================
[2026-07-15 01:33:50] [INFO]   Команда: C:\Automation\.venv\Scripts\python.exe C:\Automation\core\install.py 6.5.0.9128
[2026-07-15 01:33:50] [INFO]   Таймаут: 900 сек
[2026-07-15 01:34:38] [INFO] 
============================================================
[2026-07-15 01:34:38] [INFO] 📌 ШАГ 4: НАСТРОЙКА СЕРВЕРА
[2026-07-15 01:34:38] [INFO] ============================================================
[2026-07-15 01:34:38] [INFO]   Команда: C:\Automation\.venv\Scripts\python.exe C:\Automation\core\configure_server.py 6.5.0.9128
[2026-07-15 01:34:38] [INFO]   Таймаут: 300 сек
[2026-07-15 01:34:49] [INFO] 
============================================================
[2026-07-15 01:34:49] [INFO] 📌 ШАГ 5: ТЕСТИРОВАНИЕ DISPATCH CONSOLE
[2026-07-15 01:34:49] [INFO] ============================================================
[2026-07-15 01:34:49] [INFO]   Команда: C:\Automation\.venv\Scripts\python.exe C:\Automation\core\dispatch_console_test.py 6.5.0.9128
[2026-07-15 01:34:49] [INFO]   Таймаут: 120 сек
[2026-07-15 01:35:31] [INFO] 
============================================================
[2026-07-15 01:35:31] [INFO] 📌 ШАГ 6: ТЕСТИРОВАНИЕ TRBOnet One
[2026-07-15 01:35:31] [INFO] ============================================================
[2026-07-15 01:35:31] [INFO]   Команда: C:\Automation\.venv\Scripts\python.exe C:\Automation\core\trbonet_one_test.py 6.5.0.9128
[2026-07-15 01:35:31] [INFO]   Таймаут: 120 сек
[2026-07-15 01:35:52] [INFO] 
================================================================================
[2026-07-15 01:35:52] [INFO] 📊 ОТЧЁТ О ВЫПОЛНЕНИИ
[2026-07-15 01:35:52] [INFO] ================================================================================
[2026-07-15 01:35:52] [INFO]   ОБЩИЙ СТАТУС: ✅ УСПЕШНО
[2026-07-15 01:35:52] [INFO]   Общее время: 292.5 сек
[2026-07-15 01:35:52] [INFO] 
[2026-07-15 01:35:52] [INFO]   ДЕТАЛИ ШАГОВ:
[2026-07-15 01:35:52] [INFO]   ----------------------------------------------------------------------
[2026-07-15 01:35:52] [INFO]     ✅ UNINSTALL      | Статус: SUCCESS | Время: 37.8 сек
[2026-07-15 01:35:52] [INFO]          Сообщение: Скрипт выполнен
[2026-07-15 01:35:52] [INFO]     ✅ DOWNLOAD       | Статус: SUCCESS | Время: 127.0 сек
[2026-07-15 01:35:52] [INFO]          Сообщение: Скрипт выполнен
[2026-07-15 01:35:52] [INFO]     ✅ INSTALL        | Статус: SUCCESS | Время: 44.9 сек
[2026-07-15 01:35:52] [INFO]          Сообщение: Скрипт выполнен
[2026-07-15 01:35:52] [INFO]     ✅ CONFIGURE      | Статус: SUCCESS | Время: 8.1 сек
[2026-07-15 01:35:52] [INFO]          Сообщение: Скрипт выполнен
[2026-07-15 01:35:52] [INFO]     ✅ DISPATCH_TEST  | Статус: SUCCESS | Время: 38.5 сек
[2026-07-15 01:35:52] [INFO]          Сообщение: Скрипт выполнен
[2026-07-15 01:35:52] [INFO]     ✅ ONE_TEST       | Статус: SUCCESS | Время: 18.2 сек
[2026-07-15 01:35:52] [INFO]          Сообщение: Скрипт выполнен
[2026-07-15 01:35:52] [INFO]   ----------------------------------------------------------------------
[2026-07-15 01:35:52] [INFO] ================================================================================
[2026-07-15 01:35:52] [INFO] 📄 Подробный отчёт сохранён: C:\Automation\core\orchestrator_report_20260715_013552.json
[2026-07-15 01:35:52] [INFO]   🔍 Проверка JSON-файлов...
[2026-07-15 01:35:52] [ERROR]   ❌ Найдены ошибки в 1 файлах:
[2026-07-15 01:35:52] [ERROR]       - 37469941-8bd7-4538-bf1e-6a45d25d685f-container.json: отсутствует поле 'status'
[2026-07-15 01:35:52] [INFO] 
============================================================
[2026-07-15 01:35:52] [INFO] 📊 ГЕНЕРАЦИЯ ALLURE-ОТЧЁТА
[2026-07-15 01:35:52] [INFO] ============================================================
[2026-07-15 01:35:52] [INFO]   Найдено JSON-файлов: 8
[2026-07-15 01:35:52] [INFO]   ⏳ Генерация отчёта... (может занять некоторое время)
[2026-07-15 01:35:52] [INFO]   Команда: cd /d "C:\Automation\core" && allure generate allure-results -o allure-report --clean
[2026-07-15 01:35:52] [INFO]   Рабочая директория: C:\Automation\core
[2026-07-15 01:35:58] [SUCCESS]   ✅ Отчёт сгенерирован в: C:\Automation\core\allure-report
[2026-07-15 01:35:58] [SUCCESS]   ✅ index.html создан
[2026-07-15 01:35:58] [INFO]   🔧 Исправление кодировки HTML-файлов...
[2026-07-15 01:35:58] [INFO]   ℹ️ Все HTML-файлы уже содержат мета-тег charset
[2026-07-15 01:35:58] [WARNING]   ⚠️ Возможно, русский язык не отображается корректно
[2026-07-15 01:35:58] [INFO]   📂 Открытие Allure-отчёта...
[2026-07-15 01:35:58] [INFO]   Команда: cd /d "C:\Automation\core" && allure open allure-report
[2026-07-15 01:35:58] [SUCCESS]   ✅ Отчёт открыт в браузере
[2026-07-15 01:35:58] [SUCCESS] ✅ Allure-результаты сохранены в: C:\Automation\core\allure-results
[2026-07-15 01:35:58] [INFO]    Создано JSON-файлов: 8
[2026-07-15 01:42:02] [INFO] 🧹 Очистка старых Allure-результатов...
[2026-07-15 01:42:02] [INFO]   ✅ Удалена папка: C:\Automation\core\allure-results
[2026-07-15 01:42:02] [INFO]   ✅ Удалена папка: C:\Automation\core\allure-report
[2026-07-15 01:42:02] [SUCCESS]   ✅ Создана свежая папка: C:\Automation\core\allure-results
[2026-07-15 01:42:02] [SUCCESS] ✅ Allure инициализирован. Результаты будут сохранены в: C:\Automation\core\allure-results
[2026-07-15 01:42:02] [INFO] ================================================================================
[2026-07-15 01:42:02] [INFO] 🚀 ЗАПУСК ОРКЕСТРАТОРА
[2026-07-15 01:42:02] [INFO] ================================================================================
[2026-07-15 01:42:02] [INFO]   Старая версия: 6.5.0.9128
[2026-07-15 01:42:02] [INFO]   Новая версия: 6.5.0.9127
[2026-07-15 01:42:02] [INFO]   Путь к сборкам: C:\builds
[2026-07-15 01:42:02] [INFO]   Allure-результаты: C:\Automation\core\allure-results
[2026-07-15 01:42:02] [INFO] ================================================================================
[2026-07-15 01:42:02] [SUCCESS]   ✅ uninstall: C:\Automation\core\deinstall.py
[2026-07-15 01:42:02] [SUCCESS]   ✅ download: C:\Automation\core\download_build.py
[2026-07-15 01:42:02] [SUCCESS]   ✅ install: C:\Automation\core\install.py
[2026-07-15 01:42:02] [SUCCESS]   ✅ configure: C:\Automation\core\configure_server.py
[2026-07-15 01:42:02] [SUCCESS]   ✅ dispatch_test: C:\Automation\core\dispatch_console_test.py
[2026-07-15 01:42:02] [SUCCESS]   ✅ one_test: C:\Automation\core\trbonet_one_test.py
[2026-07-15 01:42:02] [INFO] 
============================================================
[2026-07-15 01:42:02] [INFO] 📌 ШАГ 1: УДАЛЕНИЕ СТАРОЙ ВЕРСИИ
[2026-07-15 01:42:02] [INFO] ============================================================
[2026-07-15 01:42:02] [INFO]   Команда: C:\Automation\.venv\Scripts\python.exe C:\Automation\core\deinstall.py 6.5.0.9128
[2026-07-15 01:42:02] [INFO]   Таймаут: 300 сек
[2026-07-15 01:42:29] [INFO] 
============================================================
[2026-07-15 01:42:29] [INFO] 📌 ШАГ 2: СКАЧИВАНИЕ НОВОЙ ВЕРСИИ
[2026-07-15 01:42:29] [INFO] ============================================================
[2026-07-15 01:42:29] [INFO]   Команда: C:\Automation\.venv\Scripts\python.exe C:\Automation\core\download_build.py 6.5.0.9127
[2026-07-15 01:42:29] [INFO]   Таймаут: 600 сек
[2026-07-15 01:44:42] [INFO] 
============================================================
[2026-07-15 01:44:42] [INFO] 📌 ШАГ 3: УСТАНОВКА НОВОЙ ВЕРСИИ
[2026-07-15 01:44:42] [INFO] ============================================================
[2026-07-15 01:44:42] [INFO]   Команда: C:\Automation\.venv\Scripts\python.exe C:\Automation\core\install.py 6.5.0.9127
[2026-07-15 01:44:42] [INFO]   Таймаут: 900 сек
[2026-07-15 01:45:30] [INFO] 
============================================================
[2026-07-15 01:45:30] [INFO] 📌 ШАГ 4: НАСТРОЙКА СЕРВЕРА
[2026-07-15 01:45:30] [INFO] ============================================================
[2026-07-15 01:45:30] [INFO]   Команда: C:\Automation\.venv\Scripts\python.exe C:\Automation\core\configure_server.py 6.5.0.9127
[2026-07-15 01:45:30] [INFO]   Таймаут: 300 сек
[2026-07-15 01:46:01] [INFO] 
============================================================
[2026-07-15 01:46:01] [INFO] 📌 ШАГ 5: ТЕСТИРОВАНИЕ DISPATCH CONSOLE
[2026-07-15 01:46:01] [INFO] ============================================================
[2026-07-15 01:46:01] [INFO]   Команда: C:\Automation\.venv\Scripts\python.exe C:\Automation\core\dispatch_console_test.py 6.5.0.9127
[2026-07-15 01:46:01] [INFO]   Таймаут: 120 сек
[2026-07-15 01:46:42] [INFO] 
============================================================
[2026-07-15 01:46:42] [INFO] 📌 ШАГ 6: ТЕСТИРОВАНИЕ TRBOnet One
[2026-07-15 01:46:42] [INFO] ============================================================
[2026-07-15 01:46:42] [INFO]   Команда: C:\Automation\.venv\Scripts\python.exe C:\Automation\core\trbonet_one_test.py 6.5.0.9127
[2026-07-15 01:46:42] [INFO]   Таймаут: 120 сек
[2026-07-15 01:47:26] [INFO] 
================================================================================
[2026-07-15 01:47:26] [INFO] 📊 ОТЧЁТ О ВЫПОЛНЕНИИ
[2026-07-15 01:47:26] [INFO] ================================================================================
[2026-07-15 01:47:26] [INFO]   ОБЩИЙ СТАТУС: ✅ УСПЕШНО
[2026-07-15 01:47:26] [INFO]   Общее время: 324.1 сек
[2026-07-15 01:47:26] [INFO] 
[2026-07-15 01:47:26] [INFO]   ДЕТАЛИ ШАГОВ:
[2026-07-15 01:47:26] [INFO]   ----------------------------------------------------------------------
[2026-07-15 01:47:26] [INFO]     ✅ UNINSTALL      | Статус: SUCCESS | Время: 24.2 сек
[2026-07-15 01:47:26] [INFO]          Сообщение: Скрипт выполнен
[2026-07-15 01:47:26] [INFO]     ✅ DOWNLOAD       | Статус: SUCCESS | Время: 130.0 сек
[2026-07-15 01:47:26] [INFO]          Сообщение: Скрипт выполнен
[2026-07-15 01:47:26] [INFO]     ✅ INSTALL        | Статус: SUCCESS | Время: 45.0 сек
[2026-07-15 01:47:26] [INFO]          Сообщение: Скрипт выполнен
[2026-07-15 01:47:26] [INFO]     ✅ CONFIGURE      | Статус: SUCCESS | Время: 28.1 сек
[2026-07-15 01:47:26] [INFO]          Сообщение: Скрипт выполнен
[2026-07-15 01:47:26] [INFO]     ✅ DISPATCH_TEST  | Статус: SUCCESS | Время: 37.5 сек
[2026-07-15 01:47:26] [INFO]          Сообщение: Скрипт выполнен
[2026-07-15 01:47:26] [INFO]     ✅ ONE_TEST       | Статус: SUCCESS | Время: 41.2 сек
[2026-07-15 01:47:26] [INFO]          Сообщение: Скрипт выполнен
[2026-07-15 01:47:26] [INFO]   ----------------------------------------------------------------------
[2026-07-15 01:47:26] [INFO] ================================================================================
[2026-07-15 01:47:26] [INFO] 📄 Подробный отчёт сохранён: C:\Automation\core\orchestrator_report_20260715_014726.json
[2026-07-15 01:47:26] [INFO]   🔍 Проверка JSON-файлов...
[2026-07-15 01:47:26] [ERROR]   ❌ Найдены ошибки в 1 файлах:
[2026-07-15 01:47:26] [ERROR]       - e06fe6ca-e991-46ad-917a-b0ea5dde17a3-container.json: отсутствует поле 'status'
[2026-07-15 01:47:26] [INFO] 
============================================================
[2026-07-15 01:47:26] [INFO] 📊 ГЕНЕРАЦИЯ ALLURE-ОТЧЁТА
[2026-07-15 01:47:26] [INFO] ============================================================
[2026-07-15 01:47:26] [INFO]   Найдено JSON-файлов: 8
[2026-07-15 01:47:26] [INFO]   ⏳ Генерация отчёта... (может занять некоторое время)
[2026-07-15 01:47:26] [INFO]   Команда: cd /d "C:\Automation\core" && allure generate allure-results -o allure-report --clean
[2026-07-15 01:47:26] [INFO]   Рабочая директория: C:\Automation\core
[2026-07-15 01:47:28] [SUCCESS]   ✅ Отчёт сгенерирован в: C:\Automation\core\allure-report
[2026-07-15 01:47:28] [SUCCESS]   ✅ index.html создан
[2026-07-15 01:47:28] [INFO]   🔧 Исправление кодировки HTML-файлов...
[2026-07-15 01:47:28] [INFO]   ℹ️ Все HTML-файлы уже содержат мета-тег charset
[2026-07-15 01:47:28] [WARNING]   ⚠️ Возможно, русский язык не отображается корректно
[2026-07-15 01:47:28] [INFO]   📂 Открытие Allure-отчёта...
[2026-07-15 01:47:28] [INFO]   Команда: cd /d "C:\Automation\core" && allure open allure-report
[2026-07-15 01:47:28] [SUCCESS]   ✅ Отчёт открыт в браузере
[2026-07-15 01:47:28] [SUCCESS] ✅ Allure-результаты сохранены в: C:\Automation\core\allure-results
[2026-07-15 01:47:28] [INFO]    Создано JSON-файлов: 8
[2026-07-15 03:24:43] [INFO] 🧹 Очистка старых Allure-результатов...
[2026-07-15 03:24:43] [INFO]   ✅ Удалена папка: C:\Automation\core\allure-results
[2026-07-15 03:24:43] [INFO]   ✅ Удалена папка: C:\Automation\core\allure-report
[2026-07-15 03:24:43] [SUCCESS]   ✅ Создана свежая папка: C:\Automation\core\allure-results
[2026-07-15 03:24:43] [SUCCESS] ✅ Allure инициализирован. Результаты будут сохранены в: C:\Automation\core\allure-results
[2026-07-15 03:24:43] [INFO] ================================================================================
[2026-07-15 03:24:43] [INFO] 🚀 ЗАПУСК ОРКЕСТРАТОРА
[2026-07-15 03:24:43] [INFO] ================================================================================
[2026-07-15 03:24:43] [INFO]   Старая версия: 6.5.0.9127
[2026-07-15 03:24:43] [INFO]   Новая версия: 6.5.0.9126
[2026-07-15 03:24:43] [INFO]   Путь к сборкам: C:\builds
[2026-07-15 03:24:43] [INFO]   Allure-результаты: C:\Automation\core\allure-results
[2026-07-15 03:24:43] [INFO] ================================================================================
[2026-07-15 03:24:43] [SUCCESS]   ✅ uninstall: C:\Automation\core\deinstall.py
[2026-07-15 03:24:43] [SUCCESS]   ✅ download: C:\Automation\core\download_build.py
[2026-07-15 03:24:43] [SUCCESS]   ✅ install: C:\Automation\core\install.py
[2026-07-15 03:24:43] [SUCCESS]   ✅ configure: C:\Automation\core\configure_server.py
[2026-07-15 03:24:43] [SUCCESS]   ✅ dispatch_test: C:\Automation\core\dispatch_console_test.py
[2026-07-15 03:24:43] [SUCCESS]   ✅ one_test: C:\Automation\core\trbonet_one_test.py
[2026-07-15 03:24:43] [INFO] 
============================================================
[2026-07-15 03:24:43] [INFO] 📌 ШАГ 1: УДАЛЕНИЕ СТАРОЙ ВЕРСИИ
[2026-07-15 03:24:43] [INFO] ============================================================
[2026-07-15 03:24:43] [INFO]   Команда: C:\Automation\.venv\Scripts\python.exe C:\Automation\core\deinstall.py 6.5.0.9127
[2026-07-15 03:24:43] [INFO]   Таймаут: 300 сек
[2026-07-15 03:25:11] [INFO] 
============================================================
[2026-07-15 03:25:11] [INFO] 📌 ШАГ 2: СКАЧИВАНИЕ НОВОЙ ВЕРСИИ
[2026-07-15 03:25:11] [INFO] ============================================================
[2026-07-15 03:25:11] [INFO]   Команда: C:\Automation\.venv\Scripts\python.exe C:\Automation\core\download_build.py 6.5.0.9126
[2026-07-15 03:25:11] [INFO]   Таймаут: 600 сек
[2026-07-15 03:27:13] [INFO] 
============================================================
[2026-07-15 03:27:13] [INFO] 📌 ШАГ 3: УСТАНОВКА НОВОЙ ВЕРСИИ
[2026-07-15 03:27:13] [INFO] ============================================================
[2026-07-15 03:27:13] [INFO]   Команда: C:\Automation\.venv\Scripts\python.exe C:\Automation\core\install.py 6.5.0.9126
[2026-07-15 03:27:13] [INFO]   Таймаут: 900 сек
[2026-07-15 03:28:01] [INFO] 
============================================================
[2026-07-15 03:28:01] [INFO] 📌 ШАГ 4: НАСТРОЙКА СЕРВЕРА
[2026-07-15 03:28:01] [INFO] ============================================================
[2026-07-15 03:28:01] [INFO]   Команда: C:\Automation\.venv\Scripts\python.exe C:\Automation\core\configure_server.py 6.5.0.9126
[2026-07-15 03:28:01] [INFO]   Таймаут: 300 сек
[2026-07-15 03:28:32] [INFO] 
============================================================
[2026-07-15 03:28:32] [INFO] 📌 ШАГ 5: ТЕСТИРОВАНИЕ DISPATCH CONSOLE
[2026-07-15 03:28:32] [INFO] ============================================================
[2026-07-15 03:28:32] [INFO]   Команда: C:\Automation\.venv\Scripts\python.exe C:\Automation\core\dispatch_console_test.py 6.5.0.9126
[2026-07-15 03:28:32] [INFO]   Таймаут: 120 сек
[2026-07-15 03:30:09] [INFO] 
============================================================
[2026-07-15 03:30:09] [INFO] 📌 ШАГ 6: ТЕСТИРОВАНИЕ TRBOnet One
[2026-07-15 03:30:09] [INFO] ============================================================
[2026-07-15 03:30:09] [INFO]   Команда: C:\Automation\.venv\Scripts\python.exe C:\Automation\core\trbonet_one_test.py 6.5.0.9126
[2026-07-15 03:30:09] [INFO]   Таймаут: 120 сек
[2026-07-15 03:30:53] [INFO] 
================================================================================
[2026-07-15 03:30:53] [INFO] 📊 ОТЧЁТ О ВЫПОЛНЕНИИ
[2026-07-15 03:30:53] [INFO] ================================================================================
[2026-07-15 03:30:53] [INFO]   ОБЩИЙ СТАТУС: ✅ УСПЕШНО
[2026-07-15 03:30:53] [INFO]   Общее время: 369.9 сек
[2026-07-15 03:30:53] [INFO] 
[2026-07-15 03:30:53] [INFO]   ДЕТАЛИ ШАГОВ:
[2026-07-15 03:30:53] [INFO]   ----------------------------------------------------------------------
[2026-07-15 03:30:53] [INFO]     ✅ UNINSTALL      | Статус: SUCCESS | Время: 24.5 сек
[2026-07-15 03:30:53] [INFO]          Сообщение: Скрипт выполнен
[2026-07-15 03:30:53] [INFO]     ✅ DOWNLOAD       | Статус: SUCCESS | Время: 119.1 сек
[2026-07-15 03:30:53] [INFO]          Сообщение: Скрипт выполнен
[2026-07-15 03:30:53] [INFO]     ✅ INSTALL        | Статус: SUCCESS | Время: 45.2 сек
[2026-07-15 03:30:53] [INFO]          Сообщение: Скрипт выполнен
[2026-07-15 03:30:53] [INFO]     ✅ CONFIGURE      | Статус: SUCCESS | Время: 28.5 сек
[2026-07-15 03:30:53] [INFO]          Сообщение: Скрипт выполнен
[2026-07-15 03:30:53] [INFO]     ✅ DISPATCH_TEST  | Статус: SUCCESS | Время: 93.4 сек
[2026-07-15 03:30:53] [INFO]          Сообщение: Скрипт выполнен
[2026-07-15 03:30:53] [INFO]     ✅ ONE_TEST       | Статус: SUCCESS | Время: 41.1 сек
[2026-07-15 03:30:53] [INFO]          Сообщение: Скрипт выполнен
[2026-07-15 03:30:53] [INFO]   ----------------------------------------------------------------------
[2026-07-15 03:30:53] [INFO] ================================================================================
[2026-07-15 03:30:53] [INFO] 📄 Подробный отчёт сохранён: C:\Automation\core\logs\orchestrator_report_20260715_033053.json
[2026-07-15 03:30:53] [INFO]   🔍 Проверка JSON-файлов...
[2026-07-15 03:30:53] [ERROR]   ❌ Найдены ошибки в 1 файлах:
[2026-07-15 03:30:53] [ERROR]       - 279a3fa8-e834-4f86-be72-0076d8406f00-container.json: отсутствует поле 'status'
[2026-07-15 03:30:53] [INFO] 
============================================================
[2026-07-15 03:30:53] [INFO] 📊 ГЕНЕРАЦИЯ ALLURE-ОТЧЁТА
[2026-07-15 03:30:53] [INFO] ============================================================
[2026-07-15 03:30:53] [INFO]   Найдено JSON-файлов: 8
[2026-07-15 03:30:53] [INFO]   ⏳ Генерация отчёта... (может занять некоторое время)
[2026-07-15 03:30:53] [INFO]   Команда: cd /d "C:\Automation\core" && allure generate allure-results -o allure-report --clean
[2026-07-15 03:30:53] [INFO]   Рабочая директория: C:\Automation\core
[2026-07-15 03:30:55] [SUCCESS]   ✅ Отчёт сгенерирован в: C:\Automation\core\allure-report
[2026-07-15 03:30:55] [SUCCESS]   ✅ index.html создан
[2026-07-15 03:30:55] [INFO]   🔧 Исправление кодировки HTML-файлов...
[2026-07-15 03:30:55] [INFO]   ℹ️ Все HTML-файлы уже содержат мета-тег charset
[2026-07-15 03:30:55] [WARNING]   ⚠️ Возможно, русский язык не отображается корректно
[2026-07-15 03:30:55] [INFO]   📂 Открытие Allure-отчёта...
[2026-07-15 03:30:55] [INFO]   Команда: cd /d "C:\Automation\core" && allure open allure-report
[2026-07-15 03:30:55] [SUCCESS]   ✅ Отчёт открыт в браузере
[2026-07-15 03:30:55] [SUCCESS] ✅ Allure-результаты сохранены в: C:\Automation\core\allure-results
[2026-07-15 03:30:55] [INFO]    Создано JSON-файлов: 8
[2026-07-15 03:42:16] [INFO] 🧹 Очистка старых Allure-результатов...
[2026-07-15 03:42:16] [INFO]   ✅ Удалена папка: C:\Automation\core\allure-results
[2026-07-15 03:42:16] [INFO]   ✅ Удалена папка: C:\Automation\core\allure-report
[2026-07-15 03:42:16] [SUCCESS]   ✅ Создана свежая папка: C:\Automation\core\allure-results
[2026-07-15 03:42:16] [SUCCESS] ✅ Allure инициализирован. Результаты будут сохранены в: C:\Automation\core\allure-results
[2026-07-15 03:42:16] [INFO] ================================================================================
[2026-07-15 03:42:16] [INFO] 🚀 ЗАПУСК ОРКЕСТРАТОРА
[2026-07-15 03:42:16] [INFO] ================================================================================
[2026-07-15 03:42:16] [INFO]   Старая версия: 6.5.0.9126
[2026-07-15 03:42:16] [INFO]   Новая версия: 6.5.0.9125
[2026-07-15 03:42:16] [INFO]   Путь к сборкам: C:\builds
[2026-07-15 03:42:16] [INFO]   Allure-результаты: C:\Automation\core\allure-results
[2026-07-15 03:42:16] [INFO] ================================================================================
[2026-07-15 03:42:16] [SUCCESS]   ✅ uninstall: C:\Automation\core\deinstall.py
[2026-07-15 03:42:16] [SUCCESS]   ✅ download: C:\Automation\core\download_build.py
[2026-07-15 03:42:16] [SUCCESS]   ✅ install: C:\Automation\core\install.py
[2026-07-15 03:42:16] [SUCCESS]   ✅ configure: C:\Automation\core\configure_server.py
[2026-07-15 03:42:16] [SUCCESS]   ✅ dispatch_test: C:\Automation\core\dispatch_console_test.py
[2026-07-15 03:42:16] [SUCCESS]   ✅ one_test: C:\Automation\core\trbonet_one_test.py
[2026-07-15 03:42:16] [INFO] 
============================================================
[2026-07-15 03:42:16] [INFO] 📌 ШАГ 1: УДАЛЕНИЕ СТАРОЙ ВЕРСИИ
[2026-07-15 03:42:16] [INFO] ============================================================
[2026-07-15 03:42:16] [INFO]   Команда: C:\Automation\.venv\Scripts\python.exe C:\Automation\core\deinstall.py 6.5.0.9126
[2026-07-15 03:42:16] [INFO]   Таймаут: 300 сек
[2026-07-15 03:42:44] [INFO] 
============================================================
[2026-07-15 03:42:44] [INFO] 📌 ШАГ 2: СКАЧИВАНИЕ НОВОЙ ВЕРСИИ
[2026-07-15 03:42:44] [INFO] ============================================================
[2026-07-15 03:42:44] [INFO]   Команда: C:\Automation\.venv\Scripts\python.exe C:\Automation\core\download_build.py 6.5.0.9125
[2026-07-15 03:42:44] [INFO]   Таймаут: 600 сек
[2026-07-15 03:44:51] [INFO] 
============================================================
[2026-07-15 03:44:51] [INFO] 📌 ШАГ 3: УСТАНОВКА НОВОЙ ВЕРСИИ
[2026-07-15 03:44:51] [INFO] ============================================================
[2026-07-15 03:44:51] [INFO]   Команда: C:\Automation\.venv\Scripts\python.exe C:\Automation\core\install.py 6.5.0.9125
[2026-07-15 03:44:51] [INFO]   Таймаут: 900 сек
[2026-07-15 03:45:39] [INFO] 
============================================================
[2026-07-15 03:45:39] [INFO] 📌 ШАГ 4: НАСТРОЙКА СЕРВЕРА
[2026-07-15 03:45:39] [INFO] ============================================================
[2026-07-15 03:45:39] [INFO]   Команда: C:\Automation\.venv\Scripts\python.exe C:\Automation\core\configure_server.py 6.5.0.9125
[2026-07-15 03:45:39] [INFO]   Таймаут: 300 сек
[2026-07-15 03:46:11] [INFO] 
============================================================
[2026-07-15 03:46:11] [INFO] 📌 ШАГ 5: ТЕСТИРОВАНИЕ DISPATCH CONSOLE
[2026-07-15 03:46:11] [INFO] ============================================================
[2026-07-15 03:46:11] [INFO]   Команда: C:\Automation\.venv\Scripts\python.exe C:\Automation\core\dispatch_console_test.py 6.5.0.9125
[2026-07-15 03:46:11] [INFO]   Таймаут: 120 сек
[2026-07-15 03:46:58] [ERROR] ❌ ШАГ 'DISPATCH_TEST' ПРОВАЛЕН: Ошибка (код: 1)
[2026-07-15 03:46:58] [INFO] 
================================================================================
[2026-07-15 03:46:58] [INFO] 📊 ОТЧЁТ О ВЫПОЛНЕНИИ
[2026-07-15 03:46:58] [INFO] ================================================================================
[2026-07-15 03:46:58] [INFO]   ОБЩИЙ СТАТУС: ❌ С ОШИБКАМИ
[2026-07-15 03:46:58] [INFO]   Общее время: 281.3 сек
[2026-07-15 03:46:58] [INFO] 
[2026-07-15 03:46:58] [INFO]   ДЕТАЛИ ШАГОВ:
[2026-07-15 03:46:58] [INFO]   ----------------------------------------------------------------------
[2026-07-15 03:46:58] [INFO]     ✅ UNINSTALL      | Статус: SUCCESS | Время: 25.1 сек
[2026-07-15 03:46:58] [INFO]          Сообщение: Скрипт выполнен
[2026-07-15 03:46:58] [INFO]     ✅ DOWNLOAD       | Статус: SUCCESS | Время: 124.0 сек
[2026-07-15 03:46:58] [INFO]          Сообщение: Скрипт выполнен
[2026-07-15 03:46:58] [INFO]     ✅ INSTALL        | Статус: SUCCESS | Время: 45.1 сек
[2026-07-15 03:46:58] [INFO]          Сообщение: Скрипт выполнен
[2026-07-15 03:46:58] [INFO]     ✅ CONFIGURE      | Статус: SUCCESS | Время: 28.5 сек
[2026-07-15 03:46:58] [INFO]          Сообщение: Скрипт выполнен
[2026-07-15 03:46:58] [INFO]     ❌ DISPATCH_TEST  | Статус: FAILED  | Время: 46.6 сек
[2026-07-15 03:46:58] [INFO]          Сообщение: Ошибка (код: 1)
[2026-07-15 03:46:58] [INFO]   ----------------------------------------------------------------------
[2026-07-15 03:46:58] [INFO] ================================================================================
[2026-07-15 03:46:58] [INFO] 📄 Подробный отчёт сохранён: C:\Automation\core\logs\orchestrator_report_20260715_034658.json
[2026-07-15 03:46:58] [INFO]   🔍 Проверка JSON-файлов...
[2026-07-15 03:46:58] [ERROR]   ❌ Найдены ошибки в 1 файлах:
[2026-07-15 03:46:58] [ERROR]       - 9f962ac0-2723-494c-8742-12d0429a3c41-container.json: отсутствует поле 'status'
[2026-07-15 03:46:58] [INFO] 
============================================================
[2026-07-15 03:46:58] [INFO] 📊 ГЕНЕРАЦИЯ ALLURE-ОТЧЁТА
[2026-07-15 03:46:58] [INFO] ============================================================
[2026-07-15 03:46:58] [INFO]   Найдено JSON-файлов: 7
[2026-07-15 03:46:58] [INFO]   ⏳ Генерация отчёта... (может занять некоторое время)
[2026-07-15 03:46:58] [INFO]   Команда: cd /d "C:\Automation\core" && allure generate allure-results -o allure-report --clean
[2026-07-15 03:46:58] [INFO]   Рабочая директория: C:\Automation\core
[2026-07-15 03:47:00] [SUCCESS]   ✅ Отчёт сгенерирован в: C:\Automation\core\allure-report
[2026-07-15 03:47:00] [SUCCESS]   ✅ index.html создан
[2026-07-15 03:47:00] [INFO]   🔧 Исправление кодировки HTML-файлов...
[2026-07-15 03:47:00] [INFO]   ℹ️ Все HTML-файлы уже содержат мета-тег charset
[2026-07-15 03:47:00] [WARNING]   ⚠️ Возможно, русский язык не отображается корректно
[2026-07-15 03:47:00] [INFO]   📂 Открытие Allure-отчёта...
[2026-07-15 03:47:00] [INFO]   Команда: cd /d "C:\Automation\core" && allure open allure-report
[2026-07-15 03:47:00] [SUCCESS]   ✅ Отчёт открыт в браузере
[2026-07-15 03:47:00] [SUCCESS] ✅ Allure-результаты сохранены в: C:\Automation\core\allure-results
[2026-07-15 03:47:00] [INFO]    Создано JSON-файлов: 7
[2026-07-15 04:04:51] [INFO] 🧹 Очистка старых Allure-результатов...
[2026-07-15 04:04:51] [INFO]   ✅ Удалена папка: C:\Automation\core\allure-results
[2026-07-15 04:04:51] [INFO]   ✅ Удалена папка: C:\Automation\core\allure-report
[2026-07-15 04:04:51] [SUCCESS]   ✅ Создана свежая папка: C:\Automation\core\allure-results
[2026-07-15 04:04:51] [SUCCESS] ✅ Allure инициализирован. Результаты будут сохранены в: C:\Automation\core\allure-results
[2026-07-15 04:04:51] [INFO] ================================================================================
[2026-07-15 04:04:51] [INFO] 🚀 ЗАПУСК ОРКЕСТРАТОРА
[2026-07-15 04:04:51] [INFO] ================================================================================
[2026-07-15 04:04:51] [INFO]   Старая версия: 6.5.0.9125
[2026-07-15 04:04:51] [INFO]   Новая версия: 6.5.0.9124
[2026-07-15 04:04:51] [INFO]   Путь к сборкам: C:\builds
[2026-07-15 04:04:51] [INFO]   Allure-результаты: C:\Automation\core\allure-results
[2026-07-15 04:04:51] [INFO] ================================================================================
[2026-07-15 04:04:51] [SUCCESS]   ✅ uninstall: C:\Automation\core\deinstall.py
[2026-07-15 04:04:51] [SUCCESS]   ✅ download: C:\Automation\core\download_build.py
[2026-07-15 04:04:51] [SUCCESS]   ✅ install: C:\Automation\core\install.py
[2026-07-15 04:04:51] [SUCCESS]   ✅ configure: C:\Automation\core\configure_server.py
[2026-07-15 04:04:51] [SUCCESS]   ✅ dispatch_test: C:\Automation\core\dispatch_console_test.py
[2026-07-15 04:04:51] [SUCCESS]   ✅ one_test: C:\Automation\core\trbonet_one_test.py
[2026-07-15 04:04:51] [INFO] 
============================================================
[2026-07-15 04:04:51] [INFO] 📌 ШАГ 1: УДАЛЕНИЕ СТАРОЙ ВЕРСИИ
[2026-07-15 04:04:51] [INFO] ============================================================
[2026-07-15 04:04:51] [INFO]   Команда: C:\Automation\.venv\Scripts\python.exe C:\Automation\core\deinstall.py 6.5.0.9125
[2026-07-15 04:04:51] [INFO]   Таймаут: 300 сек
[2026-07-15 04:05:19] [INFO] 
============================================================
[2026-07-15 04:05:19] [INFO] 📌 ШАГ 2: СКАЧИВАНИЕ НОВОЙ ВЕРСИИ
[2026-07-15 04:05:19] [INFO] ============================================================
[2026-07-15 04:05:19] [INFO]   Команда: C:\Automation\.venv\Scripts\python.exe C:\Automation\core\download_build.py 6.5.0.9124
[2026-07-15 04:05:19] [INFO]   Таймаут: 600 сек
[2026-07-15 04:07:22] [INFO] 
============================================================
[2026-07-15 04:07:22] [INFO] 📌 ШАГ 3: УСТАНОВКА НОВОЙ ВЕРСИИ
[2026-07-15 04:07:22] [INFO] ============================================================
[2026-07-15 04:07:22] [INFO]   Команда: C:\Automation\.venv\Scripts\python.exe C:\Automation\core\install.py 6.5.0.9124
[2026-07-15 04:07:22] [INFO]   Таймаут: 900 сек
[2026-07-15 04:08:09] [INFO] 
============================================================
[2026-07-15 04:08:09] [INFO] 📌 ШАГ 4: НАСТРОЙКА СЕРВЕРА
[2026-07-15 04:08:09] [INFO] ============================================================
[2026-07-15 04:08:09] [INFO]   Команда: C:\Automation\.venv\Scripts\python.exe C:\Automation\core\configure_server.py 6.5.0.9124
[2026-07-15 04:08:09] [INFO]   Таймаут: 300 сек
[2026-07-15 04:08:41] [INFO] 
============================================================
[2026-07-15 04:08:41] [INFO] 🧪 ЗАПУСК ТЕСТА: Dispatch Console
[2026-07-15 04:08:41] [INFO] ============================================================
[2026-07-15 04:08:41] [INFO] 
============================================================
[2026-07-15 04:08:41] [INFO] 📌 ШАГ 5: ТЕСТИРОВАНИЕ DISPATCH CONSOLE
[2026-07-15 04:08:41] [INFO] ============================================================
[2026-07-15 04:08:41] [INFO]   Команда: C:\Automation\.venv\Scripts\python.exe C:\Automation\core\dispatch_console_test.py 6.5.0.9124
[2026-07-15 04:08:41] [INFO]   Таймаут: 180 сек
[2026-07-15 04:10:29] [SUCCESS] ✅ ТЕСТ 'Dispatch Console' ПРОШЕЛ УСПЕШНО
[2026-07-15 04:10:32] [INFO] 
============================================================
[2026-07-15 04:10:32] [INFO] 🧪 ЗАПУСК ТЕСТА: TRBOnet One
[2026-07-15 04:10:32] [INFO] ============================================================
[2026-07-15 04:10:32] [INFO] 
============================================================
[2026-07-15 04:10:32] [INFO] 📌 ШАГ 6: ТЕСТИРОВАНИЕ TRBOnet One
[2026-07-15 04:10:32] [INFO] ============================================================
[2026-07-15 04:10:32] [INFO]   Команда: C:\Automation\.venv\Scripts\python.exe C:\Automation\core\trbonet_one_test.py 6.5.0.9124
[2026-07-15 04:10:32] [INFO]   Таймаут: 180 сек
[2026-07-15 04:11:13] [SUCCESS] ✅ ТЕСТ 'TRBOnet One' ПРОШЕЛ УСПЕШНО
[2026-07-15 04:11:16] [INFO] 
================================================================================
[2026-07-15 04:11:16] [INFO] 📊 ОТЧЁТ О ВЫПОЛНЕНИИ
[2026-07-15 04:11:16] [INFO] ================================================================================
[2026-07-15 04:11:16] [SUCCESS]   ОБЩИЙ СТАТУС: ✅ ВСЕ ШАГИ УСПЕШНЫ
[2026-07-15 04:11:16] [INFO]   Общее время: 384.5 сек
[2026-07-15 04:11:16] [INFO] 
[2026-07-15 04:11:16] [INFO]   ДЕТАЛИ ШАГОВ:
[2026-07-15 04:11:16] [INFO]   ----------------------------------------------------------------------
[2026-07-15 04:11:16] [INFO]     ✅ UNINSTALL      | Статус: SUCCESS | Время: 24.5 сек
[2026-07-15 04:11:16] [INFO]          Сообщение: Скрипт выполнен
[2026-07-15 04:11:16] [INFO]     ✅ DOWNLOAD       | Статус: SUCCESS | Время: 119.6 сек
[2026-07-15 04:11:16] [INFO]          Сообщение: Скрипт выполнен
[2026-07-15 04:11:16] [INFO]     ✅ INSTALL        | Статус: SUCCESS | Время: 44.8 сек
[2026-07-15 04:11:16] [INFO]          Сообщение: Скрипт выполнен
[2026-07-15 04:11:16] [INFO]     ✅ CONFIGURE      | Статус: SUCCESS | Время: 28.5 сек
[2026-07-15 04:11:16] [INFO]          Сообщение: Скрипт выполнен
[2026-07-15 04:11:16] [INFO]     ✅ DISPATCH_TEST  | Статус: SUCCESS | Время: 107.9 сек
[2026-07-15 04:11:16] [INFO]          Сообщение: Скрипт выполнен
[2026-07-15 04:11:16] [INFO]     ✅ ONE_TEST       | Статус: SUCCESS | Время: 41.1 сек
[2026-07-15 04:11:16] [INFO]          Сообщение: Скрипт выполнен
[2026-07-15 04:11:16] [INFO]   ----------------------------------------------------------------------
[2026-07-15 04:11:16] [INFO] ================================================================================
[2026-07-15 04:11:16] [INFO] 📄 Подробный отчёт сохранён: C:\Automation\core\logs\orchestrator_report_20260715_041116.json
[2026-07-15 04:11:16] [INFO]   🔍 Проверка JSON-файлов...
[2026-07-15 04:11:16] [SUCCESS]   ✅ Все JSON-файлы корректны (8 файлов)
[2026-07-15 04:11:16] [INFO] 
============================================================
[2026-07-15 04:11:16] [INFO] 📊 ГЕНЕРАЦИЯ ALLURE-ОТЧЁТА
[2026-07-15 04:11:16] [INFO] ============================================================
[2026-07-15 04:11:16] [INFO]   Найдено JSON-файлов: 8
[2026-07-15 04:11:16] [INFO]   ⏳ Генерация отчёта... (может занять некоторое время)
[2026-07-15 04:11:16] [INFO]   Команда: cd /d "C:\Automation\core" && allure generate allure-results -o allure-report --clean
[2026-07-15 04:11:16] [INFO]   Рабочая директория: C:\Automation\core
[2026-07-15 04:11:18] [SUCCESS]   ✅ Отчёт сгенерирован в: C:\Automation\core\allure-report
[2026-07-15 04:11:18] [SUCCESS]   ✅ index.html создан
[2026-07-15 04:11:18] [INFO]   🔧 Исправление кодировки HTML-файлов...
[2026-07-15 04:11:18] [INFO]   ℹ️ Все HTML-файлы уже содержат мета-тег charset
[2026-07-15 04:11:18] [WARNING]   ⚠️ Возможно, русский язык не отображается корректно
[2026-07-15 04:11:18] [INFO]   📂 Открытие Allure-отчёта...
[2026-07-15 04:11:18] [INFO]   Команда: cd /d "C:\Automation\core" && allure open allure-report
[2026-07-15 04:11:18] [SUCCESS]   ✅ Отчёт открыт в браузере
[2026-07-15 04:11:18] [SUCCESS] ✅ Allure-результаты сохранены в: C:\Automation\core\allure-results
[2026-07-15 04:11:18] [INFO]    Создано JSON-файлов: 8
[2026-07-15 05:31:41] [INFO] 🧹 Очистка старых Allure-результатов...
[2026-07-15 05:31:41] [WARNING]   ⚠️ Не удалось удалить C:\Automation\core\allure-results: [WinError 32] The process cannot access the file because it is being used by another process: 'C:\\Automation\\core\\allure-results'
[2026-07-15 05:31:41] [INFO]   ✅ Удалена папка: C:\Automation\core\allure-report
[2026-07-15 05:31:41] [SUCCESS]   ✅ Создана свежая папка: C:\Automation\core\allure-results
[2026-07-15 05:31:41] [SUCCESS] ✅ Allure инициализирован. Результаты будут сохранены в: C:\Automation\core\allure-results
[2026-07-15 05:31:41] [INFO] ================================================================================
[2026-07-15 05:31:41] [INFO] 🚀 ЗАПУСК ОРКЕСТРАТОРА
[2026-07-15 05:31:41] [INFO] ================================================================================
[2026-07-15 05:31:41] [INFO]   Старая версия: 6.5.0.9124
[2026-07-15 05:31:41] [INFO]   Новая версия: 6.5.0.9123
[2026-07-15 05:31:41] [INFO]   Путь к сборкам: C:\builds
[2026-07-15 05:31:41] [INFO]   Allure-результаты: C:\Automation\core\allure-results
[2026-07-15 05:31:41] [INFO] ================================================================================
[2026-07-15 05:31:41] [SUCCESS]   ✅ uninstall: C:\Automation\core\deinstall.py
[2026-07-15 05:31:41] [SUCCESS]   ✅ download: C:\Automation\core\download_build.py
[2026-07-15 05:31:41] [SUCCESS]   ✅ install: C:\Automation\core\install.py
[2026-07-15 05:31:41] [SUCCESS]   ✅ configure: C:\Automation\core\configure_server.py
[2026-07-15 05:31:41] [SUCCESS]   ✅ dispatch_test: C:\Automation\core\dispatch_console_test.py
[2026-07-15 05:31:41] [SUCCESS]   ✅ one_test: C:\Automation\core\trbonet_one_test.py
[2026-07-15 05:31:41] [INFO] 
============================================================
[2026-07-15 05:31:41] [INFO] 📌 ШАГ 1: УДАЛЕНИЕ СТАРОЙ ВЕРСИИ
[2026-07-15 05:31:41] [INFO] ============================================================
[2026-07-15 05:31:41] [INFO]   Команда: C:\Automation\.venv\Scripts\python.exe C:\Automation\core\deinstall.py 6.5.0.9124
[2026-07-15 05:31:41] [INFO]   Таймаут: 300 сек
[2026-07-15 05:32:08] [INFO] 
============================================================
[2026-07-15 05:32:08] [INFO] 📌 ШАГ 2: СКАЧИВАНИЕ НОВОЙ ВЕРСИИ
[2026-07-15 05:32:08] [INFO] ============================================================
[2026-07-15 05:32:08] [INFO]   Команда: C:\Automation\.venv\Scripts\python.exe C:\Automation\core\download_build.py 6.5.0.9123
[2026-07-15 05:32:08] [INFO]   Таймаут: 600 сек
[2026-07-15 05:34:55] [INFO] 
============================================================
[2026-07-15 05:34:55] [INFO] 📌 ШАГ 3: УСТАНОВКА НОВОЙ ВЕРСИИ
[2026-07-15 05:34:55] [INFO] ============================================================
[2026-07-15 05:34:55] [INFO]   Команда: C:\Automation\.venv\Scripts\python.exe C:\Automation\core\install.py 6.5.0.9123
[2026-07-15 05:34:55] [INFO]   Таймаут: 900 сек
[2026-07-15 05:35:43] [INFO] 
============================================================
[2026-07-15 05:35:43] [INFO] 📌 ШАГ 4: НАСТРОЙКА СЕРВЕРА
[2026-07-15 05:35:43] [INFO] ============================================================
[2026-07-15 05:35:43] [INFO]   Команда: C:\Automation\.venv\Scripts\python.exe C:\Automation\core\configure_server.py 6.5.0.9123
[2026-07-15 05:35:43] [INFO]   Таймаут: 300 сек
[2026-07-15 05:36:15] [INFO] 
============================================================
[2026-07-15 05:36:15] [INFO] 🧪 ЗАПУСК ТЕСТА: Dispatch Console
[2026-07-15 05:36:15] [INFO] ============================================================
[2026-07-15 05:36:15] [INFO] 
============================================================
[2026-07-15 05:36:15] [INFO] 📌 ШАГ 5: ТЕСТИРОВАНИЕ DISPATCH CONSOLE
[2026-07-15 05:36:15] [INFO] ============================================================
[2026-07-15 05:36:15] [INFO]   📷 Прикреплён скриншот: C:\Automation\core\screenshots\actual_console.png
[2026-07-15 05:36:15] [INFO]   Команда: C:\Automation\.venv\Scripts\python.exe C:\Automation\core\dispatch_console_test.py 6.5.0.9123
[2026-07-15 05:36:15] [INFO]   Таймаут: 180 сек
[2026-07-15 05:37:53] [SUCCESS] ✅ ТЕСТ 'Dispatch Console' ПРОШЕЛ УСПЕШНО
[2026-07-15 05:37:56] [INFO] 
============================================================
[2026-07-15 05:37:56] [INFO] 🧪 ЗАПУСК ТЕСТА: TRBOnet One
[2026-07-15 05:37:56] [INFO] ============================================================
[2026-07-15 05:37:56] [INFO] 
============================================================
[2026-07-15 05:37:56] [INFO] 📌 ШАГ 6: ТЕСТИРОВАНИЕ TRBOnet One
[2026-07-15 05:37:56] [INFO] ============================================================
[2026-07-15 05:37:56] [INFO]   📷 Прикреплён скриншот: C:\Automation\core\screenshots\actual_one.png
[2026-07-15 05:37:56] [INFO]   Команда: C:\Automation\.venv\Scripts\python.exe C:\Automation\core\trbonet_one_test.py 6.5.0.9123
[2026-07-15 05:37:56] [INFO]   Таймаут: 180 сек
[2026-07-15 05:38:38] [SUCCESS] ✅ ТЕСТ 'TRBOnet One' ПРОШЕЛ УСПЕШНО
[2026-07-15 05:38:41] [INFO] 
================================================================================
[2026-07-15 05:38:41] [INFO] 📊 ОТЧЁТ О ВЫПОЛНЕНИИ
[2026-07-15 05:38:41] [INFO] ================================================================================
[2026-07-15 05:38:41] [SUCCESS]   ОБЩИЙ СТАТУС: ✅ ВСЕ ШАГИ УСПЕШНЫ
[2026-07-15 05:38:41] [INFO]   Общее время: 420.3 сек
[2026-07-15 05:38:41] [INFO] 
[2026-07-15 05:38:41] [INFO]   ДЕТАЛИ ШАГОВ:
[2026-07-15 05:38:41] [INFO]   ----------------------------------------------------------------------
[2026-07-15 05:38:41] [INFO]     ✅ UNINSTALL      | Статус: SUCCESS | Время: 24.5 сек
[2026-07-15 05:38:41] [INFO]          Сообщение: Скрипт выполнен
[2026-07-15 05:38:41] [INFO]     ✅ DOWNLOAD       | Статус: SUCCESS | Время: 163.6 сек
[2026-07-15 05:38:41] [INFO]          Сообщение: Скрипт выполнен
[2026-07-15 05:38:41] [INFO]     ✅ INSTALL        | Статус: SUCCESS | Время: 45.4 сек
[2026-07-15 05:38:41] [INFO]          Сообщение: Скрипт выполнен
[2026-07-15 05:38:41] [INFO]     ✅ CONFIGURE      | Статус: SUCCESS | Время: 28.6 сек
[2026-07-15 05:38:41] [INFO]          Сообщение: Скрипт выполнен
[2026-07-15 05:38:41] [INFO]     ✅ DISPATCH_TEST  | Статус: SUCCESS | Время: 98.0 сек
[2026-07-15 05:38:41] [INFO]          Сообщение: Скрипт выполнен
[2026-07-15 05:38:41] [INFO]     ✅ ONE_TEST       | Статус: SUCCESS | Время: 42.0 сек
[2026-07-15 05:38:41] [INFO]          Сообщение: Скрипт выполнен
[2026-07-15 05:38:41] [INFO]   ----------------------------------------------------------------------
[2026-07-15 05:38:41] [INFO] ================================================================================
[2026-07-15 05:38:41] [INFO] 📄 Подробный отчёт сохранён: C:\Automation\core\logs\orchestrator_report_20260715_053841.json
[2026-07-15 05:38:41] [INFO]   🔍 Проверка JSON-файлов...
[2026-07-15 05:38:41] [SUCCESS]   ✅ Все JSON-файлы корректны (7 файлов)
[2026-07-15 05:38:41] [INFO] 
============================================================
[2026-07-15 05:38:41] [INFO] 📊 ГЕНЕРАЦИЯ ALLURE-ОТЧЁТА
[2026-07-15 05:38:41] [INFO] ============================================================
[2026-07-15 05:38:41] [INFO]   Найдено JSON-файлов: 7
[2026-07-15 05:38:41] [INFO]   ⏳ Генерация отчёта... (может занять некоторое время)
[2026-07-15 05:38:41] [INFO]   Команда: cd /d "C:\Automation\core" && allure generate allure-results -o allure-report --clean
[2026-07-15 05:38:41] [INFO]   Рабочая директория: C:\Automation\core
[2026-07-15 05:38:43] [SUCCESS]   ✅ Отчёт сгенерирован в: C:\Automation\core\allure-report
[2026-07-15 05:38:43] [SUCCESS]   ✅ index.html создан
[2026-07-15 05:38:43] [INFO]   🔧 Исправление кодировки HTML-файлов...
[2026-07-15 05:38:43] [INFO]   ℹ️ Все HTML-файлы уже содержат мета-тег charset
[2026-07-15 05:38:43] [WARNING]   ⚠️ Возможно, русский язык не отображается корректно
[2026-07-15 05:38:43] [INFO]   📂 Открытие Allure-отчёта...
[2026-07-15 05:38:43] [INFO]   Команда: cd /d "C:\Automation\core" && allure open allure-report
[2026-07-15 05:38:43] [SUCCESS]   ✅ Отчёт открыт в браузере
[2026-07-15 05:38:43] [SUCCESS] ✅ Allure-результаты сохранены в: C:\Automation\core\allure-results
[2026-07-15 05:38:43] [INFO]    Создано JSON-файлов: 7
[2026-07-15 05:51:31] [INFO] 🧹 Очистка старых Allure-результатов...
[2026-07-15 05:51:31] [WARNING]   ⚠️ Не удалось удалить C:\Automation\core\allure-results: [WinError 32] The process cannot access the file because it is being used by another process: 'C:\\Automation\\core\\allure-results'
[2026-07-15 05:51:31] [INFO]   ✅ Удалена папка: C:\Automation\core\allure-report
[2026-07-15 05:51:31] [SUCCESS]   ✅ Создана свежая папка: C:\Automation\core\allure-results
[2026-07-15 05:51:31] [SUCCESS] ✅ Allure инициализирован. Результаты будут сохранены в: C:\Automation\core\allure-results
[2026-07-15 05:51:31] [INFO] ================================================================================
[2026-07-15 05:51:31] [INFO] 🚀 ЗАПУСК ОРКЕСТРАТОРА
[2026-07-15 05:51:31] [INFO] ================================================================================
[2026-07-15 05:51:31] [INFO]   Старая версия: 6.5.0.9123
[2026-07-15 05:51:31] [INFO]   Новая версия: 6.5.0.9122
[2026-07-15 05:51:31] [INFO]   Путь к сборкам: C:\builds
[2026-07-15 05:51:31] [INFO]   Allure-результаты: C:\Automation\core\allure-results
[2026-07-15 05:51:31] [INFO] ================================================================================
[2026-07-15 05:51:31] [SUCCESS]   ✅ uninstall: C:\Automation\core\deinstall.py
[2026-07-15 05:51:31] [SUCCESS]   ✅ download: C:\Automation\core\download_build.py
[2026-07-15 05:51:31] [SUCCESS]   ✅ install: C:\Automation\core\install.py
[2026-07-15 05:51:31] [SUCCESS]   ✅ configure: C:\Automation\core\configure_server.py
[2026-07-15 05:51:31] [SUCCESS]   ✅ dispatch_test: C:\Automation\core\dispatch_console_test.py
[2026-07-15 05:51:31] [SUCCESS]   ✅ one_test: C:\Automation\core\trbonet_one_test.py
[2026-07-15 05:51:31] [INFO] 
============================================================
[2026-07-15 05:51:31] [INFO] 📌 ШАГ 1: УДАЛЕНИЕ СТАРОЙ ВЕРСИИ
[2026-07-15 05:51:31] [INFO] ============================================================
[2026-07-15 05:51:31] [INFO]   Команда: C:\Automation\.venv\Scripts\python.exe C:\Automation\core\deinstall.py 6.5.0.9123
[2026-07-15 05:51:31] [INFO]   Таймаут: 300 сек
[2026-07-15 05:51:59] [INFO] 
============================================================
[2026-07-15 05:51:59] [INFO] 📌 ШАГ 2: СКАЧИВАНИЕ НОВОЙ ВЕРСИИ
[2026-07-15 05:51:59] [INFO] ============================================================
[2026-07-15 05:51:59] [INFO]   Команда: C:\Automation\.venv\Scripts\python.exe C:\Automation\core\download_build.py 6.5.0.9122
[2026-07-15 05:51:59] [INFO]   Таймаут: 600 сек
[2026-07-15 05:53:54] [INFO] 
============================================================
[2026-07-15 05:53:54] [INFO] 📌 ШАГ 3: УСТАНОВКА НОВОЙ ВЕРСИИ
[2026-07-15 05:53:54] [INFO] ============================================================
[2026-07-15 05:53:54] [INFO]   Команда: C:\Automation\.venv\Scripts\python.exe C:\Automation\core\install.py 6.5.0.9122
[2026-07-15 05:53:54] [INFO]   Таймаут: 900 сек
[2026-07-15 05:54:42] [INFO] 
============================================================
[2026-07-15 05:54:42] [INFO] 📌 ШАГ 4: НАСТРОЙКА СЕРВЕРА
[2026-07-15 05:54:42] [INFO] ============================================================
[2026-07-15 05:54:42] [INFO]   Команда: C:\Automation\.venv\Scripts\python.exe C:\Automation\core\configure_server.py 6.5.0.9122
[2026-07-15 05:54:42] [INFO]   Таймаут: 300 сек
[2026-07-15 05:55:13] [INFO] 
============================================================
[2026-07-15 05:55:13] [INFO] 🧪 ЗАПУСК ТЕСТА: Dispatch Console
[2026-07-15 05:55:13] [INFO] ============================================================
[2026-07-15 05:55:13] [INFO] 
============================================================
[2026-07-15 05:55:13] [INFO] 📌 ШАГ 5: ТЕСТИРОВАНИЕ DISPATCH CONSOLE
[2026-07-15 05:55:13] [INFO] ============================================================
[2026-07-15 05:55:13] [INFO]   Команда: C:\Automation\.venv\Scripts\python.exe C:\Automation\core\dispatch_console_test.py 6.5.0.9122
[2026-07-15 05:55:13] [INFO]   Таймаут: 180 сек
[2026-07-15 05:56:17] [INFO]   📷 Прикреплён скриншот: C:\Automation\core\screenshots\actual_console.png
[2026-07-15 05:56:17] [SUCCESS] ✅ ТЕСТ 'Dispatch Console' ПРОШЕЛ УСПЕШНО
[2026-07-15 05:56:20] [INFO] 
============================================================
[2026-07-15 05:56:20] [INFO] 🧪 ЗАПУСК ТЕСТА: TRBOnet One
[2026-07-15 05:56:20] [INFO] ============================================================
[2026-07-15 05:56:20] [INFO] 
============================================================
[2026-07-15 05:56:20] [INFO] 📌 ШАГ 6: ТЕСТИРОВАНИЕ TRBOnet One
[2026-07-15 05:56:20] [INFO] ============================================================
[2026-07-15 05:56:20] [INFO]   Команда: C:\Automation\.venv\Scripts\python.exe C:\Automation\core\trbonet_one_test.py 6.5.0.9122
[2026-07-15 05:56:20] [INFO]   Таймаут: 180 сек
[2026-07-15 05:57:11] [INFO]   📷 Прикреплён скриншот: C:\Automation\core\screenshots\actual_one.png
[2026-07-15 05:57:11] [SUCCESS] ✅ ТЕСТ 'TRBOnet One' ПРОШЕЛ УСПЕШНО
[2026-07-15 05:57:14] [INFO] 
================================================================================
[2026-07-15 05:57:14] [INFO] 📊 ОТЧЁТ О ВЫПОЛНЕНИИ
[2026-07-15 05:57:14] [INFO] ================================================================================
[2026-07-15 05:57:14] [SUCCESS]   ОБЩИЙ СТАТУС: ✅ ВСЕ ШАГИ УСПЕШНЫ
[2026-07-15 05:57:14] [INFO]   Общее время: 342.3 сек
[2026-07-15 05:57:14] [INFO] 
[2026-07-15 05:57:14] [INFO]   ДЕТАЛИ ШАГОВ:
[2026-07-15 05:57:14] [INFO]   ----------------------------------------------------------------------
[2026-07-15 05:57:14] [INFO]     ✅ UNINSTALL      | Статус: SUCCESS | Время: 24.5 сек
[2026-07-15 05:57:14] [INFO]          Сообщение: Скрипт выполнен
[2026-07-15 05:57:14] [INFO]     ✅ DOWNLOAD       | Статус: SUCCESS | Время: 112.0 сек
[2026-07-15 05:57:14] [INFO]          Сообщение: Скрипт выполнен
[2026-07-15 05:57:14] [INFO]     ✅ INSTALL        | Статус: SUCCESS | Время: 44.8 сек
[2026-07-15 05:57:14] [INFO]          Сообщение: Скрипт выполнен
[2026-07-15 05:57:14] [INFO]     ✅ CONFIGURE      | Статус: SUCCESS | Время: 28.5 сек
[2026-07-15 05:57:14] [INFO]          Сообщение: Скрипт выполнен
[2026-07-15 05:57:14] [INFO]     ✅ DISPATCH_TEST  | Статус: SUCCESS | Время: 63.4 сек
[2026-07-15 05:57:14] [INFO]          Сообщение: Скрипт выполнен
[2026-07-15 05:57:14] [INFO]     ✅ ONE_TEST       | Статус: SUCCESS | Время: 51.0 сек
[2026-07-15 05:57:14] [INFO]          Сообщение: Скрипт выполнен
[2026-07-15 05:57:14] [INFO]   ----------------------------------------------------------------------
[2026-07-15 05:57:14] [INFO] ================================================================================
[2026-07-15 05:57:14] [INFO] 📄 Подробный отчёт сохранён: C:\Automation\core\logs\orchestrator_report_20260715_055714.json
[2026-07-15 05:57:14] [INFO]   🔍 Проверка JSON-файлов...
[2026-07-15 05:57:14] [SUCCESS]   ✅ Все JSON-файлы корректны (7 файлов)
[2026-07-15 05:57:14] [INFO] 
============================================================
[2026-07-15 05:57:14] [INFO] 📊 ГЕНЕРАЦИЯ ALLURE-ОТЧЁТА
[2026-07-15 05:57:14] [INFO] ============================================================
[2026-07-15 05:57:14] [INFO]   Найдено JSON-файлов: 7
[2026-07-15 05:57:14] [INFO]   ⏳ Генерация отчёта... (может занять некоторое время)
[2026-07-15 05:57:14] [INFO]   Команда: cd /d "C:\Automation\core" && allure generate allure-results -o allure-report --clean
[2026-07-15 05:57:14] [INFO]   Рабочая директория: C:\Automation\core
[2026-07-15 05:57:15] [SUCCESS]   ✅ Отчёт сгенерирован в: C:\Automation\core\allure-report
[2026-07-15 05:57:15] [SUCCESS]   ✅ index.html создан
[2026-07-15 05:57:15] [INFO]   🔧 Исправление кодировки HTML-файлов...
[2026-07-15 05:57:15] [INFO]   ℹ️ Все HTML-файлы уже содержат мета-тег charset
[2026-07-15 05:57:15] [WARNING]   ⚠️ Возможно, русский язык не отображается корректно
[2026-07-15 05:57:15] [INFO]   📂 Открытие Allure-отчёта...
[2026-07-15 05:57:15] [INFO]   Команда: cd /d "C:\Automation\core" && allure open allure-report
[2026-07-15 05:57:15] [SUCCESS]   ✅ Отчёт открыт в браузере
[2026-07-15 05:57:15] [SUCCESS] ✅ Allure-результаты сохранены в: C:\Automation\core\allure-results
[2026-07-15 05:57:15] [INFO]    Создано JSON-файлов: 7
[2026-07-15 06:07:11] [INFO] 🧹 Очистка старых Allure-результатов...
[2026-07-15 06:07:11] [WARNING]   ⚠️ Не удалось удалить C:\Automation\core\allure-results: [WinError 32] The process cannot access the file because it is being used by another process: 'C:\\Automation\\core\\allure-results'
[2026-07-15 06:07:11] [INFO]   ✅ Удалена папка: C:\Automation\core\allure-report
[2026-07-15 06:07:11] [SUCCESS]   ✅ Создана свежая папка: C:\Automation\core\allure-results
[2026-07-15 06:07:11] [SUCCESS] ✅ Allure инициализирован. Результаты будут сохранены в: C:\Automation\core\allure-results
[2026-07-15 06:07:11] [INFO] ================================================================================
[2026-07-15 06:07:11] [INFO] 🚀 ЗАПУСК ОРКЕСТРАТОРА
[2026-07-15 06:07:11] [INFO] ================================================================================
[2026-07-15 06:07:11] [INFO]   Старая версия: 6.5.0.9122
[2026-07-15 06:07:11] [INFO]   Новая версия: 6.5.0.9121
[2026-07-15 06:07:11] [INFO]   Путь к сборкам: C:\builds
[2026-07-15 06:07:11] [INFO]   Allure-результаты: C:\Automation\core\allure-results
[2026-07-15 06:07:11] [INFO] ================================================================================
[2026-07-15 06:07:11] [SUCCESS]   ✅ uninstall: C:\Automation\core\deinstall.py
[2026-07-15 06:07:11] [SUCCESS]   ✅ download: C:\Automation\core\download_build.py
[2026-07-15 06:07:11] [SUCCESS]   ✅ install: C:\Automation\core\install.py
[2026-07-15 06:07:11] [SUCCESS]   ✅ configure: C:\Automation\core\configure_server.py
[2026-07-15 06:07:11] [SUCCESS]   ✅ dispatch_test: C:\Automation\core\dispatch_console_test.py
[2026-07-15 06:07:11] [SUCCESS]   ✅ one_test: C:\Automation\core\trbonet_one_test.py
[2026-07-15 06:07:11] [INFO] 
============================================================
[2026-07-15 06:07:11] [INFO] 📌 ШАГ 1: УДАЛЕНИЕ СТАРОЙ ВЕРСИИ
[2026-07-15 06:07:11] [INFO] ============================================================
[2026-07-15 06:07:11] [INFO]   Команда: C:\Automation\.venv\Scripts\python.exe C:\Automation\core\deinstall.py 6.5.0.9122
[2026-07-15 06:07:11] [INFO]   Таймаут: 300 сек
[2026-07-15 06:07:38] [INFO] 
============================================================
[2026-07-15 06:07:38] [INFO] 📌 ШАГ 2: СКАЧИВАНИЕ НОВОЙ ВЕРСИИ
[2026-07-15 06:07:38] [INFO] ============================================================
[2026-07-15 06:07:38] [INFO]   Команда: C:\Automation\.venv\Scripts\python.exe C:\Automation\core\download_build.py 6.5.0.9121
[2026-07-15 06:07:38] [INFO]   Таймаут: 600 сек
[2026-07-15 06:13:05] [INFO] 
============================================================
[2026-07-15 06:13:05] [INFO] 📌 ШАГ 3: УСТАНОВКА НОВОЙ ВЕРСИИ
[2026-07-15 06:13:05] [INFO] ============================================================
[2026-07-15 06:13:05] [INFO]   Команда: C:\Automation\.venv\Scripts\python.exe C:\Automation\core\install.py 6.5.0.9121
[2026-07-15 06:13:05] [INFO]   Таймаут: 900 сек
[2026-07-15 06:13:53] [INFO] 
============================================================
[2026-07-15 06:13:53] [INFO] 📌 ШАГ 4: НАСТРОЙКА СЕРВЕРА
[2026-07-15 06:13:53] [INFO] ============================================================
[2026-07-15 06:13:53] [INFO]   Команда: C:\Automation\.venv\Scripts\python.exe C:\Automation\core\configure_server.py 6.5.0.9121
[2026-07-15 06:13:53] [INFO]   Таймаут: 300 сек
[2026-07-15 06:14:25] [INFO] 
============================================================
[2026-07-15 06:14:25] [INFO] 🧪 ЗАПУСК ТЕСТА: Dispatch Console
[2026-07-15 06:14:25] [INFO] ============================================================
[2026-07-15 06:14:25] [INFO] 
============================================================
[2026-07-15 06:14:25] [INFO] 📌 ШАГ 5: ТЕСТИРОВАНИЕ DISPATCH CONSOLE
[2026-07-15 06:14:25] [INFO] ============================================================
[2026-07-15 06:14:25] [INFO]   Команда: C:\Automation\.venv\Scripts\python.exe C:\Automation\core\dispatch_console_test.py 6.5.0.9121
[2026-07-15 06:14:25] [INFO]   Таймаут: 180 сек
[2026-07-15 06:15:26] [INFO]   📷 Найдено скриншотов: 2
[2026-07-15 06:15:26] [SUCCESS] ✅ ТЕСТ 'Dispatch Console' ПРОШЕЛ УСПЕШНО
[2026-07-15 06:15:29] [INFO] 
============================================================
[2026-07-15 06:15:29] [INFO] 🧪 ЗАПУСК ТЕСТА: TRBOnet One
[2026-07-15 06:15:29] [INFO] ============================================================
[2026-07-15 06:15:29] [INFO] 
============================================================
[2026-07-15 06:15:29] [INFO] 📌 ШАГ 6: ТЕСТИРОВАНИЕ TRBOnet One
[2026-07-15 06:15:29] [INFO] ============================================================
[2026-07-15 06:15:29] [INFO]   Команда: C:\Automation\.venv\Scripts\python.exe C:\Automation\core\trbonet_one_test.py 6.5.0.9121
[2026-07-15 06:15:29] [INFO]   Таймаут: 180 сек
[2026-07-15 06:16:10] [INFO]   📷 Найдено скриншотов: 2
[2026-07-15 06:16:10] [SUCCESS] ✅ ТЕСТ 'TRBOnet One' ПРОШЕЛ УСПЕШНО
[2026-07-15 06:16:13] [INFO] 
================================================================================
[2026-07-15 06:16:13] [INFO] 📊 ОТЧЁТ О ВЫПОЛНЕНИИ
[2026-07-15 06:16:13] [INFO] ================================================================================
[2026-07-15 06:16:13] [SUCCESS]   ОБЩИЙ СТАТУС: ✅ ВСЕ ШАГИ УСПЕШНЫ
[2026-07-15 06:16:13] [INFO]   Общее время: 542.0 сек
[2026-07-15 06:16:13] [INFO] 
[2026-07-15 06:16:13] [INFO]   ДЕТАЛИ ШАГОВ:
[2026-07-15 06:16:13] [INFO]   ----------------------------------------------------------------------
[2026-07-15 06:16:13] [INFO]     ✅ UNINSTALL      | Статус: SUCCESS | Время: 24.5 сек
[2026-07-15 06:16:13] [INFO]          Сообщение: Скрипт выполнен
[2026-07-15 06:16:13] [INFO]     ✅ DOWNLOAD       | Статус: SUCCESS | Время: 323.6 сек
[2026-07-15 06:16:13] [INFO]          Сообщение: Скрипт выполнен
[2026-07-15 06:16:13] [INFO]     ✅ INSTALL        | Статус: SUCCESS | Время: 45.1 сек
[2026-07-15 06:16:13] [INFO]          Сообщение: Скрипт выполнен
[2026-07-15 06:16:13] [INFO]     ✅ CONFIGURE      | Статус: SUCCESS | Время: 28.4 сек
[2026-07-15 06:16:13] [INFO]          Сообщение: Скрипт выполнен
[2026-07-15 06:16:13] [INFO]     ✅ DISPATCH_TEST  | Статус: SUCCESS | Время: 61.8 сек
[2026-07-15 06:16:13] [INFO]          Сообщение: Скрипт выполнен
[2026-07-15 06:16:13] [INFO]     ✅ ONE_TEST       | Статус: SUCCESS | Время: 40.5 сек
[2026-07-15 06:16:13] [INFO]          Сообщение: Скрипт выполнен
[2026-07-15 06:16:13] [INFO]   ----------------------------------------------------------------------
[2026-07-15 06:16:13] [INFO] ================================================================================
[2026-07-15 06:16:13] [INFO] 📄 Подробный отчёт сохранён: C:\Automation\core\logs\orchestrator_report_20260715_061613.json
[2026-07-15 06:16:13] [INFO]   🔍 Проверка JSON-файлов...
[2026-07-15 06:16:13] [SUCCESS]   ✅ Все JSON-файлы корректны (7 файлов)
[2026-07-15 06:16:13] [INFO] 
============================================================
[2026-07-15 06:16:13] [INFO] 📊 ГЕНЕРАЦИЯ ALLURE-ОТЧЁТА
[2026-07-15 06:16:13] [INFO] ============================================================
[2026-07-15 06:16:13] [INFO]   Найдено JSON-файлов: 7
[2026-07-15 06:16:13] [INFO]   ⏳ Генерация отчёта... (может занять некоторое время)
[2026-07-15 06:16:13] [INFO]   Команда: cd /d "C:\Automation\core" && allure generate allure-results -o allure-report --clean
[2026-07-15 06:16:13] [INFO]   Рабочая директория: C:\Automation\core
[2026-07-15 06:16:15] [SUCCESS]   ✅ Отчёт сгенерирован в: C:\Automation\core\allure-report
[2026-07-15 06:16:15] [SUCCESS]   ✅ index.html создан
[2026-07-15 06:16:15] [INFO]   🔧 Исправление кодировки HTML-файлов...
[2026-07-15 06:16:15] [INFO]   ℹ️ Все HTML-файлы уже содержат мета-тег charset
[2026-07-15 06:16:15] [WARNING]   ⚠️ Возможно, русский язык не отображается корректно
[2026-07-15 06:16:15] [INFO]   📂 Открытие Allure-отчёта...
[2026-07-15 06:16:15] [INFO]   Команда: cd /d "C:\Automation\core" && allure open allure-report
[2026-07-15 06:16:15] [SUCCESS]   ✅ Отчёт открыт в браузере
[2026-07-15 06:16:15] [SUCCESS] ✅ Allure-результаты сохранены в: C:\Automation\core\allure-results
[2026-07-15 06:16:15] [INFO]    Создано JSON-файлов: 7
[2026-07-16 02:20:31] [INFO] 🧹 Очистка старых Allure-результатов...
[2026-07-16 02:20:31] [INFO]   ✅ Удалена папка: C:\Automation\core\allure-results
[2026-07-16 02:20:31] [INFO]   ✅ Удалена папка: C:\Automation\core\allure-report
[2026-07-16 02:20:31] [SUCCESS]   ✅ Создана свежая папка: C:\Automation\core\allure-results
[2026-07-16 02:20:31] [SUCCESS] ✅ Allure инициализирован. Результаты будут сохранены в: C:\Automation\core\allure-results
[2026-07-16 02:20:31] [INFO] ================================================================================
[2026-07-16 02:20:31] [INFO] 🚀 ЗАПУСК ОРКЕСТРАТОРА
[2026-07-16 02:20:31] [INFO] ================================================================================
[2026-07-16 02:20:31] [INFO]   Старая версия: 6.5.0.9121
[2026-07-16 02:20:31] [INFO]   Новая версия: 6.5.0.9120
[2026-07-16 02:20:31] [INFO]   Путь к сборкам: C:\builds
[2026-07-16 02:20:31] [INFO]   Allure-результаты: C:\Automation\core\allure-results
[2026-07-16 02:20:31] [INFO] ================================================================================
[2026-07-16 02:20:31] [SUCCESS]   ✅ uninstall: C:\Automation\core\deinstall.py
[2026-07-16 02:20:31] [SUCCESS]   ✅ download: C:\Automation\core\download_build.py
[2026-07-16 02:20:31] [SUCCESS]   ✅ install: C:\Automation\core\install.py
[2026-07-16 02:20:31] [SUCCESS]   ✅ configure: C:\Automation\core\configure_server.py
[2026-07-16 02:20:31] [SUCCESS]   ✅ dispatch_test: C:\Automation\core\dispatch_console_test.py
[2026-07-16 02:20:31] [SUCCESS]   ✅ one_test: C:\Automation\core\trbonet_one_test.py
[2026-07-16 02:20:31] [INFO] 
============================================================
[2026-07-16 02:20:31] [INFO] 📌 ШАГ 1: УДАЛЕНИЕ СТАРОЙ ВЕРСИИ
[2026-07-16 02:20:31] [INFO] ============================================================
[2026-07-16 02:20:31] [INFO]   Команда: C:\Automation\.venv\Scripts\python.exe C:\Automation\core\deinstall.py 6.5.0.9121
[2026-07-16 02:20:31] [INFO]   Таймаут: 300 сек
[2026-07-16 02:21:06] [INFO] 
============================================================
[2026-07-16 02:21:06] [INFO] 📌 ШАГ 2: СКАЧИВАНИЕ НОВОЙ ВЕРСИИ
[2026-07-16 02:21:06] [INFO] ============================================================
[2026-07-16 02:21:06] [INFO]   Команда: C:\Automation\.venv\Scripts\python.exe C:\Automation\core\download_build.py 6.5.0.9120
[2026-07-16 02:21:06] [INFO]   Таймаут: 600 сек
[2026-07-16 02:23:17] [INFO] 
============================================================
[2026-07-16 02:23:17] [INFO] 📌 ШАГ 3: УСТАНОВКА НОВОЙ ВЕРСИИ
[2026-07-16 02:23:17] [INFO] ============================================================
[2026-07-16 02:23:17] [INFO]   Команда: C:\Automation\.venv\Scripts\python.exe C:\Automation\core\install.py 6.5.0.9120
[2026-07-16 02:23:17] [INFO]   Таймаут: 900 сек
[2026-07-16 02:24:08] [INFO] 
============================================================
[2026-07-16 02:24:08] [INFO] 📌 ШАГ 4: НАСТРОЙКА СЕРВЕРА
[2026-07-16 02:24:08] [INFO] ============================================================
[2026-07-16 02:24:08] [INFO]   Команда: C:\Automation\.venv\Scripts\python.exe C:\Automation\core\configure_server.py 6.5.0.9120
[2026-07-16 02:24:08] [INFO]   Таймаут: 300 сек
[2026-07-16 02:24:40] [INFO] 
============================================================
[2026-07-16 02:24:40] [INFO] 🧪 ЗАПУСК ТЕСТА: Dispatch Console
[2026-07-16 02:24:40] [INFO] ============================================================
[2026-07-16 02:24:40] [INFO] 
============================================================
[2026-07-16 02:24:40] [INFO] 📌 ШАГ 5: ТЕСТИРОВАНИЕ DISPATCH CONSOLE
[2026-07-16 02:24:40] [INFO] ============================================================
[2026-07-16 02:24:40] [INFO]   Команда: C:\Automation\.venv\Scripts\python.exe C:\Automation\core\dispatch_console_test.py 6.5.0.9120
[2026-07-16 02:24:40] [INFO]   Таймаут: 180 сек
[2026-07-16 02:25:42] [INFO]   📷 Найдено скриншотов: 2
[2026-07-16 02:25:42] [SUCCESS] ✅ ТЕСТ 'Dispatch Console' ПРОШЕЛ УСПЕШНО
[2026-07-16 02:25:45] [INFO] 
============================================================
[2026-07-16 02:25:45] [INFO] 🧪 ЗАПУСК ТЕСТА: TRBOnet One
[2026-07-16 02:25:45] [INFO] ============================================================
[2026-07-16 02:25:45] [INFO] 
============================================================
[2026-07-16 02:25:45] [INFO] 📌 ШАГ 6: ТЕСТИРОВАНИЕ TRBOnet One
[2026-07-16 02:25:45] [INFO] ============================================================
[2026-07-16 02:25:45] [INFO]   Команда: C:\Automation\.venv\Scripts\python.exe C:\Automation\core\trbonet_one_test.py 6.5.0.9120
[2026-07-16 02:25:45] [INFO]   Таймаут: 180 сек
[2026-07-16 02:26:37] [INFO]   📷 Найдено скриншотов: 2
[2026-07-16 02:26:37] [SUCCESS] ✅ ТЕСТ 'TRBOnet One' ПРОШЕЛ УСПЕШНО
[2026-07-16 02:26:40] [INFO] 
================================================================================
[2026-07-16 02:26:40] [INFO] 📊 ОТЧЁТ О ВЫПОЛНЕНИИ
[2026-07-16 02:26:40] [INFO] ================================================================================
[2026-07-16 02:26:40] [SUCCESS]   ОБЩИЙ СТАТУС: ✅ ВСЕ ШАГИ УСПЕШНЫ
[2026-07-16 02:26:40] [INFO]   Общее время: 368.3 сек
[2026-07-16 02:26:40] [INFO] 
[2026-07-16 02:26:40] [INFO]   ДЕТАЛИ ШАГОВ:
[2026-07-16 02:26:40] [INFO]   ----------------------------------------------------------------------
[2026-07-16 02:26:40] [INFO]     ✅ UNINSTALL      | Статус: SUCCESS | Время: 31.2 сек
[2026-07-16 02:26:40] [INFO]          Сообщение: Скрипт выполнен
[2026-07-16 02:26:40] [INFO]     ✅ DOWNLOAD       | Статус: SUCCESS | Время: 128.7 сек
[2026-07-16 02:26:40] [INFO]          Сообщение: Скрипт выполнен
[2026-07-16 02:26:40] [INFO]     ✅ INSTALL        | Статус: SUCCESS | Время: 47.8 сек
[2026-07-16 02:26:40] [INFO]          Сообщение: Скрипт выполнен
[2026-07-16 02:26:40] [INFO]     ✅ CONFIGURE      | Статус: SUCCESS | Время: 29.0 сек
[2026-07-16 02:26:40] [INFO]          Сообщение: Скрипт выполнен
[2026-07-16 02:26:40] [INFO]     ✅ DISPATCH_TEST  | Статус: SUCCESS | Время: 62.0 сек
[2026-07-16 02:26:40] [INFO]          Сообщение: Скрипт выполнен
[2026-07-16 02:26:40] [INFO]     ✅ ONE_TEST       | Статус: SUCCESS | Время: 51.6 сек
[2026-07-16 02:26:40] [INFO]          Сообщение: Скрипт выполнен
[2026-07-16 02:26:40] [INFO]   ----------------------------------------------------------------------
[2026-07-16 02:26:40] [INFO] ================================================================================
[2026-07-16 02:26:40] [INFO] 📄 Подробный отчёт сохранён: C:\Automation\core\logs\orchestrator_report_20260716_022640.json
[2026-07-16 02:26:40] [INFO]   🔍 Проверка JSON-файлов...
[2026-07-16 02:26:40] [SUCCESS]   ✅ Все JSON-файлы корректны (7 файлов)
[2026-07-16 02:26:40] [INFO] 
============================================================
[2026-07-16 02:26:40] [INFO] 📊 ГЕНЕРАЦИЯ ALLURE-ОТЧЁТА
[2026-07-16 02:26:40] [INFO] ============================================================
[2026-07-16 02:26:40] [INFO]   Найдено JSON-файлов: 7
[2026-07-16 02:26:40] [INFO]   ⏳ Генерация отчёта... (может занять некоторое время)
[2026-07-16 02:26:40] [INFO]   Команда: cd /d "C:\Automation\core" && allure generate allure-results -o allure-report --clean
[2026-07-16 02:26:40] [INFO]   Рабочая директория: C:\Automation\core
[2026-07-16 02:26:42] [SUCCESS]   ✅ Отчёт сгенерирован в: C:\Automation\core\allure-report
[2026-07-16 02:26:42] [SUCCESS]   ✅ index.html создан
[2026-07-16 02:26:42] [INFO]   🔧 Исправление кодировки HTML-файлов...
[2026-07-16 02:26:42] [INFO]   ℹ️ Все HTML-файлы уже содержат мета-тег charset
[2026-07-16 02:26:42] [WARNING]   ⚠️ Возможно, русский язык не отображается корректно
[2026-07-16 02:26:42] [INFO]   📂 Открытие Allure-отчёта...
[2026-07-16 02:26:42] [INFO]   Команда: cd /d "C:\Automation\core" && allure open allure-report
[2026-07-16 02:26:42] [SUCCESS]   ✅ Отчёт открыт в браузере
[2026-07-16 02:26:42] [SUCCESS] ✅ Allure-результаты сохранены в: C:\Automation\core\allure-results
[2026-07-16 02:26:42] [INFO]    Создано JSON-файлов: 7
[2026-07-16 04:04:23] [INFO] 🧹 Очистка старых Allure-результатов...
[2026-07-16 04:04:23] [WARNING]   ⚠️ Не удалось удалить C:\Automation\core\allure-results: [WinError 32] The process cannot access the file because it is being used by another process: 'C:\\Automation\\core\\allure-results'
[2026-07-16 04:04:23] [INFO]   ✅ Удалена папка: C:\Automation\core\allure-report
[2026-07-16 04:04:23] [SUCCESS]   ✅ Создана свежая папка: C:\Automation\core\allure-results
[2026-07-16 04:04:23] [SUCCESS] ✅ Allure инициализирован. Результаты будут сохранены в: C:\Automation\core\allure-results
[2026-07-16 04:04:23] [INFO] ================================================================================
[2026-07-16 04:04:23] [INFO] 🚀 ЗАПУСК ОРКЕСТРАТОРА
[2026-07-16 04:04:23] [INFO] ================================================================================
[2026-07-16 04:04:23] [INFO]   Старая версия: 6.5.0.9120
[2026-07-16 04:04:23] [INFO]   Новая версия: 6.5.0.9119
[2026-07-16 04:04:23] [INFO]   Путь к сборкам: C:\builds
[2026-07-16 04:04:23] [INFO]   Allure-результаты: C:\Automation\core\allure-results
[2026-07-16 04:04:23] [INFO] ================================================================================
[2026-07-16 04:04:23] [SUCCESS]   ✅ uninstall: C:\Automation\core\deinstall.py
[2026-07-16 04:04:23] [SUCCESS]   ✅ download: C:\Automation\core\download_build.py
[2026-07-16 04:04:23] [SUCCESS]   ✅ install: C:\Automation\core\install.py
[2026-07-16 04:04:23] [SUCCESS]   ✅ configure: C:\Automation\core\configure_server.py
[2026-07-16 04:04:23] [SUCCESS]   ✅ dispatch_test: C:\Automation\core\dispatch_console_test.py
[2026-07-16 04:04:23] [SUCCESS]   ✅ one_test: C:\Automation\core\trbonet_one_test.py
[2026-07-16 04:04:23] [INFO] 
============================================================
[2026-07-16 04:04:23] [INFO] 📌 ШАГ 1: УДАЛЕНИЕ СТАРОЙ ВЕРСИИ
[2026-07-16 04:04:23] [INFO] ============================================================
[2026-07-16 04:04:23] [INFO]   Команда: C:\Automation\.venv\Scripts\python.exe C:\Automation\core\deinstall.py 6.5.0.9120
[2026-07-16 04:04:23] [INFO]   Таймаут: 300 сек
[2026-07-16 04:04:54] [INFO] 
============================================================
[2026-07-16 04:04:54] [INFO] 📌 ШАГ 2: СКАЧИВАНИЕ НОВОЙ ВЕРСИИ
[2026-07-16 04:04:54] [INFO] ============================================================
[2026-07-16 04:04:54] [INFO]   Команда: C:\Automation\.venv\Scripts\python.exe C:\Automation\core\download_build.py 6.5.0.9119
[2026-07-16 04:04:54] [INFO]   Таймаут: 600 сек
[2026-07-16 04:05:50] [ERROR] ❌ ОБЯЗАТЕЛЬНЫЙ ШАГ 'DOWNLOAD' ПРОВАЛЕН. Остановка.
[2026-07-16 04:05:50] [INFO] 
================================================================================
[2026-07-16 04:05:50] [INFO] 📊 ОТЧЁТ О ВЫПОЛНЕНИИ
[2026-07-16 04:05:50] [INFO] ================================================================================
[2026-07-16 04:05:50] [ERROR]   ОБЩИЙ СТАТУС: ❌ ЕСТЬ ОШИБКИ
[2026-07-16 04:05:50] [INFO]   Общее время: 87.8 сек
[2026-07-16 04:05:50] [INFO] 
[2026-07-16 04:05:50] [INFO]   ДЕТАЛИ ШАГОВ:
[2026-07-16 04:05:50] [INFO]   ----------------------------------------------------------------------
[2026-07-16 04:05:50] [INFO]     ✅ UNINSTALL      | Статус: SUCCESS | Время: 28.1 сек
[2026-07-16 04:05:50] [INFO]          Сообщение: Скрипт выполнен
[2026-07-16 04:05:50] [INFO]     ❌ DOWNLOAD       | Статус: FAILED  | Время: 56.6 сек
[2026-07-16 04:05:50] [INFO]          Сообщение: Ошибка (код: 1)
[2026-07-16 04:05:50] [INFO]   ----------------------------------------------------------------------
[2026-07-16 04:05:50] [INFO] ================================================================================
[2026-07-16 04:05:50] [INFO] 📄 Подробный отчёт сохранён: C:\Automation\core\logs\orchestrator_report_20260716_040550.json
[2026-07-16 04:05:50] [INFO]   🔍 Проверка JSON-файлов...
[2026-07-16 04:05:50] [SUCCESS]   ✅ Все JSON-файлы корректны (3 файлов)
[2026-07-16 04:05:50] [INFO] 
============================================================
[2026-07-16 04:05:50] [INFO] 📊 ГЕНЕРАЦИЯ ALLURE-ОТЧЁТА
[2026-07-16 04:05:50] [INFO] ============================================================
[2026-07-16 04:05:50] [INFO]   Найдено JSON-файлов: 3
[2026-07-16 04:05:50] [INFO]   ⏳ Генерация отчёта... (может занять некоторое время)
[2026-07-16 04:05:50] [INFO]   Команда: cd /d "C:\Automation\core" && allure generate allure-results -o allure-report --clean
[2026-07-16 04:05:50] [INFO]   Рабочая директория: C:\Automation\core
[2026-07-16 04:05:53] [SUCCESS]   ✅ Отчёт сгенерирован в: C:\Automation\core\allure-report
[2026-07-16 04:05:53] [SUCCESS]   ✅ index.html создан
[2026-07-16 04:05:53] [INFO]   🔧 Исправление кодировки HTML-файлов...
[2026-07-16 04:05:53] [INFO]   ℹ️ Все HTML-файлы уже содержат мета-тег charset
[2026-07-16 04:05:53] [WARNING]   ⚠️ Возможно, русский язык не отображается корректно
[2026-07-16 04:05:53] [INFO]   📂 Открытие Allure-отчёта...
[2026-07-16 04:05:53] [INFO]   Команда: cd /d "C:\Automation\core" && allure open allure-report
[2026-07-16 04:05:53] [SUCCESS]   ✅ Отчёт открыт в браузере
[2026-07-16 04:05:53] [SUCCESS] ✅ Allure-результаты сохранены в: C:\Automation\core\allure-results
[2026-07-16 04:05:53] [INFO]    Создано JSON-файлов: 3
[2026-07-16 04:07:45] [INFO] 🧹 Очистка старых Allure-результатов...
[2026-07-16 04:07:45] [WARNING]   ⚠️ Не удалось удалить C:\Automation\core\allure-results: [WinError 32] The process cannot access the file because it is being used by another process: 'C:\\Automation\\core\\allure-results'
[2026-07-16 04:07:45] [INFO]   ✅ Удалена папка: C:\Automation\core\allure-report
[2026-07-16 04:07:45] [SUCCESS]   ✅ Создана свежая папка: C:\Automation\core\allure-results
[2026-07-16 04:07:45] [SUCCESS] ✅ Allure инициализирован. Результаты будут сохранены в: C:\Automation\core\allure-results
[2026-07-16 04:07:45] [INFO] ================================================================================
[2026-07-16 04:07:45] [INFO] 🚀 ЗАПУСК ОРКЕСТРАТОРА
[2026-07-16 04:07:45] [INFO] ================================================================================
[2026-07-16 04:07:45] [INFO]   Старая версия: 6.5.0.9120
[2026-07-16 04:07:45] [INFO]   Новая версия: 6.5.0.9118
[2026-07-16 04:07:45] [INFO]   Путь к сборкам: C:\builds
[2026-07-16 04:07:45] [INFO]   Allure-результаты: C:\Automation\core\allure-results
[2026-07-16 04:07:45] [INFO] ================================================================================
[2026-07-16 04:07:45] [SUCCESS]   ✅ uninstall: C:\Automation\core\deinstall.py
[2026-07-16 04:07:45] [SUCCESS]   ✅ download: C:\Automation\core\download_build.py
[2026-07-16 04:07:45] [SUCCESS]   ✅ install: C:\Automation\core\install.py
[2026-07-16 04:07:45] [SUCCESS]   ✅ configure: C:\Automation\core\configure_server.py
[2026-07-16 04:07:45] [SUCCESS]   ✅ dispatch_test: C:\Automation\core\dispatch_console_test.py
[2026-07-16 04:07:45] [SUCCESS]   ✅ one_test: C:\Automation\core\trbonet_one_test.py
[2026-07-16 04:07:45] [INFO] 
============================================================
[2026-07-16 04:07:45] [INFO] 📌 ШАГ 1: УДАЛЕНИЕ СТАРОЙ ВЕРСИИ
[2026-07-16 04:07:45] [INFO] ============================================================
[2026-07-16 04:07:45] [INFO]   Команда: C:\Automation\.venv\Scripts\python.exe C:\Automation\core\deinstall.py 6.5.0.9120
[2026-07-16 04:07:45] [INFO]   Таймаут: 300 сек
[2026-07-16 04:07:48] [INFO] 
============================================================
[2026-07-16 04:07:48] [INFO] 📌 ШАГ 2: СКАЧИВАНИЕ НОВОЙ ВЕРСИИ
[2026-07-16 04:07:48] [INFO] ============================================================
[2026-07-16 04:07:48] [INFO]   Команда: C:\Automation\.venv\Scripts\python.exe C:\Automation\core\download_build.py 6.5.0.9118
[2026-07-16 04:07:48] [INFO]   Таймаут: 600 сек
[2026-07-16 04:09:43] [INFO] 
============================================================
[2026-07-16 04:09:43] [INFO] 📌 ШАГ 3: УСТАНОВКА НОВОЙ ВЕРСИИ
[2026-07-16 04:09:43] [INFO] ============================================================
[2026-07-16 04:09:43] [INFO]   Команда: C:\Automation\.venv\Scripts\python.exe C:\Automation\core\install.py 6.5.0.9118
[2026-07-16 04:09:43] [INFO]   Таймаут: 900 сек
[2026-07-16 04:10:31] [INFO] 
============================================================
[2026-07-16 04:10:31] [INFO] 📌 ШАГ 4: НАСТРОЙКА СЕРВЕРА
[2026-07-16 04:10:31] [INFO] ============================================================
[2026-07-16 04:10:31] [INFO]   Команда: C:\Automation\.venv\Scripts\python.exe C:\Automation\core\configure_server.py 6.5.0.9118
[2026-07-16 04:10:31] [INFO]   Таймаут: 300 сек
[2026-07-16 04:11:03] [INFO] 
============================================================
[2026-07-16 04:11:03] [INFO] 🧪 ЗАПУСК ТЕСТА: Dispatch Console
[2026-07-16 04:11:03] [INFO] ============================================================
[2026-07-16 04:11:03] [INFO] 
============================================================
[2026-07-16 04:11:03] [INFO] 📌 ШАГ 5: ТЕСТИРОВАНИЕ DISPATCH CONSOLE
[2026-07-16 04:11:03] [INFO] ============================================================
[2026-07-16 04:11:03] [INFO]   Команда: C:\Automation\.venv\Scripts\python.exe C:\Automation\core\dispatch_console_test.py 6.5.0.9118
[2026-07-16 04:11:03] [INFO]   Таймаут: 180 сек
[2026-07-16 04:12:05] [INFO]   📷 Найдено скриншотов: 2
[2026-07-16 04:12:05] [SUCCESS] ✅ ТЕСТ 'Dispatch Console' ПРОШЕЛ УСПЕШНО
[2026-07-16 04:12:08] [INFO] 
============================================================
[2026-07-16 04:12:08] [INFO] 🧪 ЗАПУСК ТЕСТА: TRBOnet One
[2026-07-16 04:12:08] [INFO] ============================================================
[2026-07-16 04:12:08] [INFO] 
============================================================
[2026-07-16 04:12:08] [INFO] 📌 ШАГ 6: ТЕСТИРОВАНИЕ TRBOnet One
[2026-07-16 04:12:08] [INFO] ============================================================
[2026-07-16 04:12:08] [INFO]   Команда: C:\Automation\.venv\Scripts\python.exe C:\Automation\core\trbonet_one_test.py 6.5.0.9118
[2026-07-16 04:12:08] [INFO]   Таймаут: 180 сек
[2026-07-16 04:12:49] [INFO]   📷 Найдено скриншотов: 2
[2026-07-16 04:12:49] [SUCCESS] ✅ ТЕСТ 'TRBOnet One' ПРОШЕЛ УСПЕШНО
[2026-07-16 04:12:52] [INFO] 
================================================================================
[2026-07-16 04:12:52] [INFO] 📊 ОТЧЁТ О ВЫПОЛНЕНИИ
[2026-07-16 04:12:52] [INFO] ================================================================================
[2026-07-16 04:12:52] [SUCCESS]   ОБЩИЙ СТАТУС: ✅ ВСЕ ШАГИ УСПЕШНЫ
[2026-07-16 04:12:52] [INFO]   Общее время: 307.4 сек
[2026-07-16 04:12:52] [INFO] 
[2026-07-16 04:12:52] [INFO]   ДЕТАЛИ ШАГОВ:
[2026-07-16 04:12:52] [INFO]   ----------------------------------------------------------------------
[2026-07-16 04:12:52] [INFO]     ✅ UNINSTALL      | Статус: SUCCESS | Время: 0.1 сек
[2026-07-16 04:12:52] [INFO]          Сообщение: Скрипт выполнен
[2026-07-16 04:12:52] [INFO]     ✅ DOWNLOAD       | Статус: SUCCESS | Время: 112.6 сек
[2026-07-16 04:12:52] [INFO]          Сообщение: Скрипт выполнен
[2026-07-16 04:12:52] [INFO]     ✅ INSTALL        | Статус: SUCCESS | Время: 45.0 сек
[2026-07-16 04:12:52] [INFO]          Сообщение: Скрипт выполнен
[2026-07-16 04:12:52] [INFO]     ✅ CONFIGURE      | Статус: SUCCESS | Время: 28.6 сек
[2026-07-16 04:12:52] [INFO]          Сообщение: Скрипт выполнен
[2026-07-16 04:12:52] [INFO]     ✅ DISPATCH_TEST  | Статус: SUCCESS | Время: 61.8 сек
[2026-07-16 04:12:52] [INFO]          Сообщение: Скрипт выполнен
[2026-07-16 04:12:52] [INFO]     ✅ ONE_TEST       | Статус: SUCCESS | Время: 41.2 сек
[2026-07-16 04:12:52] [INFO]          Сообщение: Скрипт выполнен
[2026-07-16 04:12:52] [INFO]   ----------------------------------------------------------------------
[2026-07-16 04:12:52] [INFO] ================================================================================
[2026-07-16 04:12:52] [INFO] 📄 Подробный отчёт сохранён: C:\Automation\core\logs\orchestrator_report_20260716_041252.json
[2026-07-16 04:12:52] [INFO]   🔍 Проверка JSON-файлов...
[2026-07-16 04:12:52] [SUCCESS]   ✅ Все JSON-файлы корректны (7 файлов)
[2026-07-16 04:12:52] [INFO] 
============================================================
[2026-07-16 04:12:52] [INFO] 📊 ГЕНЕРАЦИЯ ALLURE-ОТЧЁТА
[2026-07-16 04:12:52] [INFO] ============================================================
[2026-07-16 04:12:52] [INFO]   Найдено JSON-файлов: 7
[2026-07-16 04:12:52] [INFO]   ⏳ Генерация отчёта... (может занять некоторое время)
[2026-07-16 04:12:52] [INFO]   Команда: cd /d "C:\Automation\core" && allure generate allure-results -o allure-report --clean
[2026-07-16 04:12:52] [INFO]   Рабочая директория: C:\Automation\core
[2026-07-16 04:12:54] [SUCCESS]   ✅ Отчёт сгенерирован в: C:\Automation\core\allure-report
[2026-07-16 04:12:54] [SUCCESS]   ✅ index.html создан
[2026-07-16 04:12:54] [INFO]   🔧 Исправление кодировки HTML-файлов...
[2026-07-16 04:12:54] [INFO]   ℹ️ Все HTML-файлы уже содержат мета-тег charset
[2026-07-16 04:12:54] [WARNING]   ⚠️ Возможно, русский язык не отображается корректно
[2026-07-16 04:12:54] [INFO]   📂 Открытие Allure-отчёта...
[2026-07-16 04:12:54] [INFO]   Команда: cd /d "C:\Automation\core" && allure open allure-report
[2026-07-16 04:12:54] [SUCCESS]   ✅ Отчёт открыт в браузере
[2026-07-16 04:12:54] [SUCCESS] ✅ Allure-результаты сохранены в: C:\Automation\core\allure-results
[2026-07-16 04:12:54] [INFO]    Создано JSON-файлов: 7
[2026-07-20 02:09:54] [INFO] 🧹 Очистка старых Allure-результатов...
[2026-07-20 02:09:54] [WARNING]   ⚠️ Не удалось удалить C:\Automation\core\allure-results: [WinError 32] The process cannot access the file because it is being used by another process: 'C:\\Automation\\core\\allure-results'
[2026-07-20 02:09:54] [INFO]   ✅ Удалена папка: C:\Automation\core\allure-report
[2026-07-20 02:09:54] [SUCCESS]   ✅ Создана свежая папка: C:\Automation\core\allure-results
[2026-07-20 02:09:54] [SUCCESS] ✅ Allure инициализирован. Результаты будут сохранены в: C:\Automation\core\allure-results
[2026-07-20 02:09:54] [INFO] ================================================================================
[2026-07-20 02:09:54] [INFO] 🚀 ЗАПУСК ОРКЕСТРАТОРА
[2026-07-20 02:09:54] [INFO] ================================================================================
[2026-07-20 02:09:54] [INFO]   Старая версия: 6.5.0.9118
[2026-07-20 02:09:54] [INFO]   Новая версия: 6.5.0.9141
[2026-07-20 02:09:54] [INFO]   Путь к сборкам: C:\builds
[2026-07-20 02:09:54] [INFO]   Allure-результаты: C:\Automation\core\allure-results
[2026-07-20 02:09:54] [INFO] ================================================================================
[2026-07-20 02:09:54] [SUCCESS]   ✅ uninstall: C:\Automation\core\deinstall.py
[2026-07-20 02:09:54] [SUCCESS]   ✅ download: C:\Automation\core\download_build.py
[2026-07-20 02:09:54] [SUCCESS]   ✅ install: C:\Automation\core\install.py
[2026-07-20 02:09:54] [SUCCESS]   ✅ configure: C:\Automation\core\configure_server.py
[2026-07-20 02:09:54] [SUCCESS]   ✅ dispatch_test: C:\Automation\core\dispatch_console_test.py
[2026-07-20 02:09:54] [SUCCESS]   ✅ one_test: C:\Automation\core\trbonet_one_test.py
[2026-07-20 02:09:54] [INFO] 
============================================================
[2026-07-20 02:09:54] [INFO] 📌 ШАГ 1: УДАЛЕНИЕ СТАРОЙ ВЕРСИИ
[2026-07-20 02:09:54] [INFO] ============================================================
[2026-07-20 02:09:54] [INFO]   Команда: C:\Automation\.venv\Scripts\python.exe C:\Automation\core\deinstall.py 6.5.0.9118
[2026-07-20 02:09:54] [INFO]   Таймаут: 300 сек
[2026-07-20 02:10:31] [INFO] 
============================================================
[2026-07-20 02:10:31] [INFO] 📌 ШАГ 2: СКАЧИВАНИЕ НОВОЙ ВЕРСИИ
[2026-07-20 02:10:31] [INFO] ============================================================
[2026-07-20 02:10:31] [INFO]   Команда: C:\Automation\.venv\Scripts\python.exe C:\Automation\core\download_build.py 6.5.0.9141
[2026-07-20 02:10:31] [INFO]   Таймаут: 600 сек
[2026-07-20 02:12:34] [INFO] 
============================================================
[2026-07-20 02:12:34] [INFO] 📌 ШАГ 3: УСТАНОВКА НОВОЙ ВЕРСИИ
[2026-07-20 02:12:34] [INFO] ============================================================
[2026-07-20 02:12:34] [INFO]   Команда: C:\Automation\.venv\Scripts\python.exe C:\Automation\core\install.py 6.5.0.9141
[2026-07-20 02:12:34] [INFO]   Таймаут: 900 сек
[2026-07-20 02:13:24] [INFO] 
============================================================
[2026-07-20 02:13:24] [INFO] 📌 ШАГ 4: НАСТРОЙКА СЕРВЕРА
[2026-07-20 02:13:24] [INFO] ============================================================
[2026-07-20 02:13:24] [INFO]   Команда: C:\Automation\.venv\Scripts\python.exe C:\Automation\core\configure_server.py 6.5.0.9141
[2026-07-20 02:13:24] [INFO]   Таймаут: 300 сек
[2026-07-20 02:13:56] [INFO] 
============================================================
[2026-07-20 02:13:56] [INFO] 🧪 ЗАПУСК ТЕСТА: Dispatch Console
[2026-07-20 02:13:56] [INFO] ============================================================
[2026-07-20 02:13:56] [INFO] 
============================================================
[2026-07-20 02:13:56] [INFO] 📌 ШАГ 5: ТЕСТИРОВАНИЕ DISPATCH CONSOLE
[2026-07-20 02:13:56] [INFO] ============================================================
[2026-07-20 02:13:56] [INFO]   Команда: C:\Automation\.venv\Scripts\python.exe C:\Automation\core\dispatch_console_test.py 6.5.0.9141
[2026-07-20 02:13:56] [INFO]   Таймаут: 180 сек
[2026-07-20 02:14:58] [INFO]   📷 Найдено скриншотов: 2
[2026-07-20 02:14:58] [SUCCESS] ✅ ТЕСТ 'Dispatch Console' ПРОШЕЛ УСПЕШНО
[2026-07-20 02:15:01] [INFO] 
============================================================
[2026-07-20 02:15:01] [INFO] 🧪 ЗАПУСК ТЕСТА: TRBOnet One
[2026-07-20 02:15:01] [INFO] ============================================================
[2026-07-20 02:15:01] [INFO] 
============================================================
[2026-07-20 02:15:01] [INFO] 📌 ШАГ 6: ТЕСТИРОВАНИЕ TRBOnet One
[2026-07-20 02:15:01] [INFO] ============================================================
[2026-07-20 02:15:01] [INFO]   Команда: C:\Automation\.venv\Scripts\python.exe C:\Automation\core\trbonet_one_test.py 6.5.0.9141
[2026-07-20 02:15:01] [INFO]   Таймаут: 180 сек
[2026-07-20 02:15:45] [INFO]   📷 Найдено скриншотов: 2
[2026-07-20 02:15:45] [SUCCESS] ✅ ТЕСТ 'TRBOnet One' ПРОШЕЛ УСПЕШНО
[2026-07-20 02:15:48] [INFO] 
================================================================================
[2026-07-20 02:15:48] [INFO] 📊 ОТЧЁТ О ВЫПОЛНЕНИИ
[2026-07-20 02:15:48] [INFO] ================================================================================
[2026-07-20 02:15:48] [SUCCESS]   ОБЩИЙ СТАТУС: ✅ ВСЕ ШАГИ УСПЕШНЫ
[2026-07-20 02:15:48] [INFO]   Общее время: 353.7 сек
[2026-07-20 02:15:48] [INFO] 
[2026-07-20 02:15:48] [INFO]   ДЕТАЛИ ШАГОВ:
[2026-07-20 02:15:48] [INFO]   ----------------------------------------------------------------------
[2026-07-20 02:15:48] [INFO]     ✅ UNINSTALL      | Статус: SUCCESS | Время: 34.1 сек
[2026-07-20 02:15:48] [INFO]          Сообщение: Скрипт выполнен
[2026-07-20 02:15:48] [INFO]     ✅ DOWNLOAD       | Статус: SUCCESS | Время: 119.5 сек
[2026-07-20 02:15:48] [INFO]          Сообщение: Скрипт выполнен
[2026-07-20 02:15:48] [INFO]     ✅ INSTALL        | Статус: SUCCESS | Время: 47.9 сек
[2026-07-20 02:15:48] [INFO]          Сообщение: Скрипт выполнен
[2026-07-20 02:15:48] [INFO]     ✅ CONFIGURE      | Статус: SUCCESS | Время: 29.0 сек
[2026-07-20 02:15:48] [INFO]          Сообщение: Скрипт выполнен
[2026-07-20 02:15:48] [INFO]     ✅ DISPATCH_TEST  | Статус: SUCCESS | Время: 61.3 сек
[2026-07-20 02:15:48] [INFO]          Сообщение: Скрипт выполнен
[2026-07-20 02:15:48] [INFO]     ✅ ONE_TEST       | Статус: SUCCESS | Время: 43.9 сек
[2026-07-20 02:15:48] [INFO]          Сообщение: Скрипт выполнен
[2026-07-20 02:15:48] [INFO]   ----------------------------------------------------------------------
[2026-07-20 02:15:48] [INFO] ================================================================================
[2026-07-20 02:15:48] [INFO] 📄 Подробный отчёт сохранён: C:\Automation\core\logs\orchestrator_report_20260720_021548.json
[2026-07-20 02:15:48] [INFO]   🔍 Проверка JSON-файлов...
[2026-07-20 02:15:48] [SUCCESS]   ✅ Все JSON-файлы корректны (7 файлов)
[2026-07-20 02:15:48] [INFO] 
============================================================
[2026-07-20 02:15:48] [INFO] 📊 ГЕНЕРАЦИЯ ALLURE-ОТЧЁТА
[2026-07-20 02:15:48] [INFO] ============================================================
[2026-07-20 02:15:48] [INFO]   Найдено JSON-файлов: 7
[2026-07-20 02:15:48] [INFO]   ⏳ Генерация отчёта... (может занять некоторое время)
[2026-07-20 02:15:48] [INFO]   Команда: cd /d "C:\Automation\core" && allure generate allure-results -o allure-report --clean
[2026-07-20 02:15:48] [INFO]   Рабочая директория: C:\Automation\core
[2026-07-20 02:15:49] [SUCCESS]   ✅ Отчёт сгенерирован в: C:\Automation\core\allure-report
[2026-07-20 02:15:49] [SUCCESS]   ✅ index.html создан
[2026-07-20 02:15:49] [INFO]   🔧 Исправление кодировки HTML-файлов...
[2026-07-20 02:15:50] [INFO]   ℹ️ Все HTML-файлы уже содержат мета-тег charset
[2026-07-20 02:15:50] [WARNING]   ⚠️ Возможно, русский язык не отображается корректно
[2026-07-20 02:15:50] [INFO]   📂 Открытие Allure-отчёта...
[2026-07-20 02:15:50] [INFO]   Команда: cd /d "C:\Automation\core" && allure open allure-report
[2026-07-20 02:15:50] [SUCCESS]   ✅ Отчёт открыт в браузере
[2026-07-20 02:15:50] [SUCCESS] ✅ Allure-результаты сохранены в: C:\Automation\core\allure-results
[2026-07-20 02:15:50] [INFO]    Создано JSON-файлов: 7
