[2026-07-15 01:31:00] [INFO] ================================================================================
[2026-07-15 01:31:00] [INFO] ЗАПУСК АВТОМАТИЧЕСКОГО УДАЛЕНИЯ TRBOnet
[2026-07-15 01:31:00] [INFO] ================================================================================
[2026-07-15 01:31:00] [SUCCESS] ✅ Скрипт запущен с правами администратора
[2026-07-15 01:31:00] [INFO] Версия для удаления: 6.5.0.9129
[2026-07-15 01:31:00] [INFO] 
📌 ШАГ 1: Поиск установленных экземпляров TRBOnet
[2026-07-15 01:31:00] [INFO] ----------------------------------------
[2026-07-15 01:31:00] [INFO]   Найден экземпляр: TRBOnet Enterprise 6.5 (версия: 6.5.0.9129)
[2026-07-15 01:31:00] [INFO] Найдено экземпляров: 1
[2026-07-15 01:31:00] [INFO] 
📌 ШАГ 2: Завершение процессов TRBOnet
[2026-07-15 01:31:00] [INFO] ----------------------------------------
[2026-07-15 01:31:00] [INFO] Поиск процессов, содержащих 'TRBOnet'...
[2026-07-15 01:31:00] [INFO]   Завершаем процесс: TRBOnet.Server.exe (PID: 5504)
[2026-07-15 01:31:00] [SUCCESS] Завершено процессов: 1
[2026-07-15 01:31:00] [INFO] 
📌 ШАГ 3: Поиск установочного файла
[2026-07-15 01:31:00] [INFO] ----------------------------------------
[2026-07-15 01:31:00] [INFO] Поиск установочного файла...
[2026-07-15 01:31:00] [INFO]   Папка: C:\builds
[2026-07-15 01:31:00] [INFO]   Версия: 6.5.0.9129
[2026-07-15 01:31:00] [SUCCESS] ✅ Найден установочный файл: C:\builds\TRBOnet.Enterprise_6.5.0.9129.exe
[2026-07-15 01:31:00] [INFO] 
📌 ШАГ 4: Удаление экземпляров TRBOnet через установочный файл
[2026-07-15 01:31:00] [INFO] ----------------------------------------
[2026-07-15 01:31:00] [INFO] 
  [1/1] Удаление экземпляра: TRBOnet Enterprise 6.5
[2026-07-15 01:31:00] [INFO]   Версия: 6.5.0.9129
[2026-07-15 01:31:00] [INFO]   Product Code: TRBOnet Enterprise 6.5 6.5.0.9129
[2026-07-15 01:31:00] [INFO] Запуск удаления через установочный файл...
[2026-07-15 01:31:00] [INFO]   Файл: C:\builds\TRBOnet.Enterprise_6.5.0.9129.exe
[2026-07-15 01:31:00] [INFO]   Экземпляр: TRBOnet Enterprise 6.5
[2026-07-15 01:31:00] [INFO]   Product Code: TRBOnet Enterprise 6.5 6.5.0.9129
[2026-07-15 01:31:00] [INFO]   Аргументы: /uninstallinst "TRBOnet Enterprise 6.5" /exebasicui /exelog "C:\Automation\core\uninstall_log_013100.txt" /quiet /qn /norestart
[2026-07-15 01:31:10] [SUCCESS] ✅ Процесс удаления запущен (Handle: 42)
[2026-07-15 01:31:10] [INFO] ⏳ Ожидание завершения удаления...
[2026-07-15 01:31:25] [INFO]   Удаление выполняется... (15 сек из 120 максимум)
[2026-07-15 01:31:37] [SUCCESS] ✅ Продукт успешно удалён за 27 секунд
[2026-07-15 01:31:37] [SUCCESS]   ✅ Удаление TRBOnet Enterprise 6.5 выполнено успешно
[2026-07-15 01:31:37] [INFO] 
📌 ШАГ 5: Проверка остатков после удаления
[2026-07-15 01:31:37] [INFO] ----------------------------------------
[2026-07-15 01:31:37] [INFO] Проверка остатков после удаления...
[2026-07-15 01:31:37] [INFO]   Поиск сервисов TRBOnet...
[2026-07-15 01:31:37] [SUCCESS] ✅ Остатки после удаления не обнаружены
[2026-07-15 01:31:37] [SUCCESS] Отчёт сохранён в: C:\Automation\core\logs\uninstall_report.txt
[2026-07-15 01:31:37] [INFO] 
================================================================================
[2026-07-15 01:31:37] [SUCCESS] ✅ УДАЛЕНИЕ ВЫПОЛНЕНО УСПЕШНО! Полная очистка.
[2026-07-15 01:31:37] [SUCCESS]    Удалено экземпляров: 1
[2026-07-15 01:31:37] [INFO] ================================================================================
[2026-07-15 01:42:02] [INFO] ================================================================================
[2026-07-15 01:42:02] [INFO] ЗАПУСК АВТОМАТИЧЕСКОГО УДАЛЕНИЯ TRBOnet
[2026-07-15 01:42:02] [INFO] ================================================================================
[2026-07-15 01:42:02] [SUCCESS] ✅ Скрипт запущен с правами администратора
[2026-07-15 01:42:02] [INFO] Версия для удаления: 6.5.0.9128
[2026-07-15 01:42:02] [INFO] 
📌 ШАГ 1: Поиск установленных экземпляров TRBOnet
[2026-07-15 01:42:02] [INFO] ----------------------------------------
[2026-07-15 01:42:02] [INFO]   Найден экземпляр: TRBOnet Enterprise 6.5 (версия: 6.5.0.9128)
[2026-07-15 01:42:02] [INFO] Найдено экземпляров: 1
[2026-07-15 01:42:02] [INFO] 
📌 ШАГ 2: Завершение процессов TRBOnet
[2026-07-15 01:42:02] [INFO] ----------------------------------------
[2026-07-15 01:42:02] [INFO] Поиск процессов, содержащих 'TRBOnet'...
[2026-07-15 01:42:02] [INFO] Процессы с 'TRBOnet' в названии не найдены
[2026-07-15 01:42:02] [INFO] 
📌 ШАГ 3: Поиск установочного файла
[2026-07-15 01:42:02] [INFO] ----------------------------------------
[2026-07-15 01:42:02] [INFO] Поиск установочного файла...
[2026-07-15 01:42:02] [INFO]   Папка: C:\builds
[2026-07-15 01:42:02] [INFO]   Версия: 6.5.0.9128
[2026-07-15 01:42:02] [SUCCESS] ✅ Найден установочный файл: C:\builds\TRBOnet.Enterprise_6.5.0.9128.exe
[2026-07-15 01:42:02] [INFO] 
📌 ШАГ 4: Удаление экземпляров TRBOnet через установочный файл
[2026-07-15 01:42:02] [INFO] ----------------------------------------
[2026-07-15 01:42:02] [INFO] 
  [1/1] Удаление экземпляра: TRBOnet Enterprise 6.5
[2026-07-15 01:42:02] [INFO]   Версия: 6.5.0.9128
[2026-07-15 01:42:02] [INFO]   Product Code: TRBOnet Enterprise 6.5 6.5.0.9128
[2026-07-15 01:42:02] [INFO] Запуск удаления через установочный файл...
[2026-07-15 01:42:02] [INFO]   Файл: C:\builds\TRBOnet.Enterprise_6.5.0.9128.exe
[2026-07-15 01:42:02] [INFO]   Экземпляр: TRBOnet Enterprise 6.5
[2026-07-15 01:42:02] [INFO]   Product Code: TRBOnet Enterprise 6.5 6.5.0.9128
[2026-07-15 01:42:02] [INFO]   Аргументы: /uninstallinst "TRBOnet Enterprise 6.5" /exebasicui /exelog "C:\Automation\core\uninstall_log_014202.txt" /quiet /qn /norestart
[2026-07-15 01:42:02] [SUCCESS] ✅ Процесс удаления запущен (Handle: 42)
[2026-07-15 01:42:02] [INFO] ⏳ Ожидание завершения удаления...
[2026-07-15 01:42:17] [INFO]   Удаление выполняется... (15 сек из 120 максимум)
[2026-07-15 01:42:26] [SUCCESS] ✅ Продукт успешно удалён за 24 секунд
[2026-07-15 01:42:26] [SUCCESS]   ✅ Удаление TRBOnet Enterprise 6.5 выполнено успешно
[2026-07-15 01:42:26] [INFO] 
📌 ШАГ 5: Проверка остатков после удаления
[2026-07-15 01:42:26] [INFO] ----------------------------------------
[2026-07-15 01:42:26] [INFO] Проверка остатков после удаления...
[2026-07-15 01:42:26] [INFO]   Поиск сервисов TRBOnet...
[2026-07-15 01:42:26] [SUCCESS] ✅ Остатки после удаления не обнаружены
[2026-07-15 01:42:26] [SUCCESS] Отчёт сохранён в: C:\Automation\core\logs\uninstall_report.txt
[2026-07-15 01:42:26] [INFO] 
================================================================================
[2026-07-15 01:42:26] [SUCCESS] ✅ УДАЛЕНИЕ ВЫПОЛНЕНО УСПЕШНО! Полная очистка.
[2026-07-15 01:42:26] [SUCCESS]    Удалено экземпляров: 1
[2026-07-15 01:42:26] [INFO] ================================================================================
[2026-07-15 03:24:43] [INFO] ================================================================================
[2026-07-15 03:24:43] [INFO] ЗАПУСК АВТОМАТИЧЕСКОГО УДАЛЕНИЯ TRBOnet
[2026-07-15 03:24:43] [INFO] ================================================================================
[2026-07-15 03:24:43] [SUCCESS] ✅ Скрипт запущен с правами администратора
[2026-07-15 03:24:43] [INFO] Версия для удаления: 6.5.0.9127
[2026-07-15 03:24:43] [INFO] 
📌 ШАГ 1: Поиск установленных экземпляров TRBOnet
[2026-07-15 03:24:43] [INFO] ----------------------------------------
[2026-07-15 03:24:43] [INFO]   Найден экземпляр: TRBOnet Enterprise 6.5 (версия: 6.5.0.9127)
[2026-07-15 03:24:43] [INFO] Найдено экземпляров: 1
[2026-07-15 03:24:43] [INFO] 
📌 ШАГ 2: Завершение процессов TRBOnet
[2026-07-15 03:24:43] [INFO] ----------------------------------------
[2026-07-15 03:24:43] [INFO] Поиск процессов, содержащих 'TRBOnet'...
[2026-07-15 03:24:43] [INFO]   Завершаем процесс: TRBOnet.Server.exe (PID: 2564)
[2026-07-15 03:24:43] [SUCCESS] Завершено процессов: 1
[2026-07-15 03:24:43] [INFO] 
📌 ШАГ 3: Поиск установочного файла
[2026-07-15 03:24:43] [INFO] ----------------------------------------
[2026-07-15 03:24:43] [INFO] Поиск установочного файла...
[2026-07-15 03:24:43] [INFO]   Папка: C:\builds
[2026-07-15 03:24:43] [INFO]   Версия: 6.5.0.9127
[2026-07-15 03:24:43] [SUCCESS] ✅ Найден установочный файл: C:\builds\TRBOnet.Enterprise_6.5.0.9127.exe
[2026-07-15 03:24:43] [INFO] 
📌 ШАГ 4: Удаление экземпляров TRBOnet через установочный файл
[2026-07-15 03:24:43] [INFO] ----------------------------------------
[2026-07-15 03:24:43] [INFO] 
  [1/1] Удаление экземпляра: TRBOnet Enterprise 6.5
[2026-07-15 03:24:43] [INFO]   Версия: 6.5.0.9127
[2026-07-15 03:24:43] [INFO]   Product Code: TRBOnet Enterprise 6.5 6.5.0.9127
[2026-07-15 03:24:43] [INFO] Запуск удаления через установочный файл...
[2026-07-15 03:24:43] [INFO]   Файл: C:\builds\TRBOnet.Enterprise_6.5.0.9127.exe
[2026-07-15 03:24:43] [INFO]   Экземпляр: TRBOnet Enterprise 6.5
[2026-07-15 03:24:43] [INFO]   Product Code: TRBOnet Enterprise 6.5 6.5.0.9127
[2026-07-15 03:24:43] [INFO]   Аргументы: /uninstallinst "TRBOnet Enterprise 6.5" /exebasicui /exelog "C:\Automation\core\logs\uninstall_log_032443.txt" /quiet /qn /norestart
[2026-07-15 03:24:44] [SUCCESS] ✅ Процесс удаления запущен (Handle: 42)
[2026-07-15 03:24:44] [INFO] ⏳ Ожидание завершения удаления...
[2026-07-15 03:24:59] [INFO]   Удаление выполняется... (15 сек из 120 максимум)
[2026-07-15 03:25:08] [SUCCESS] ✅ Продукт успешно удалён за 24 секунд
[2026-07-15 03:25:08] [SUCCESS]   ✅ Удаление TRBOnet Enterprise 6.5 выполнено успешно
[2026-07-15 03:25:08] [INFO] 
📌 ШАГ 5: Проверка остатков после удаления
[2026-07-15 03:25:08] [INFO] ----------------------------------------
[2026-07-15 03:25:08] [INFO] Проверка остатков после удаления...
[2026-07-15 03:25:08] [INFO]   Поиск сервисов TRBOnet...
[2026-07-15 03:25:08] [SUCCESS] ✅ Остатки после удаления не обнаружены
[2026-07-15 03:25:08] [SUCCESS] Отчёт сохранён в: C:\Automation\core\logs\uninstall_report.txt
[2026-07-15 03:25:08] [INFO] 
================================================================================
[2026-07-15 03:25:08] [SUCCESS] ✅ УДАЛЕНИЕ ВЫПОЛНЕНО УСПЕШНО! Полная очистка.
[2026-07-15 03:25:08] [SUCCESS]    Удалено экземпляров: 1
[2026-07-15 03:25:08] [INFO] ================================================================================
[2026-07-15 03:42:16] [INFO] ================================================================================
[2026-07-15 03:42:16] [INFO] ЗАПУСК АВТОМАТИЧЕСКОГО УДАЛЕНИЯ TRBOnet
[2026-07-15 03:42:16] [INFO] ================================================================================
[2026-07-15 03:42:16] [SUCCESS] ✅ Скрипт запущен с правами администратора
[2026-07-15 03:42:16] [INFO] Версия для удаления: 6.5.0.9126
[2026-07-15 03:42:16] [INFO] 
📌 ШАГ 1: Поиск установленных экземпляров TRBOnet
[2026-07-15 03:42:16] [INFO] ----------------------------------------
[2026-07-15 03:42:16] [INFO]   Найден экземпляр: TRBOnet Enterprise 6.5 (версия: 6.5.0.9126)
[2026-07-15 03:42:16] [INFO] Найдено экземпляров: 1
[2026-07-15 03:42:16] [INFO] 
📌 ШАГ 2: Завершение процессов TRBOnet
[2026-07-15 03:42:16] [INFO] ----------------------------------------
[2026-07-15 03:42:16] [INFO] Поиск процессов, содержащих 'TRBOnet'...
[2026-07-15 03:42:16] [INFO]   Завершаем процесс: TRBOnet.Server.exe (PID: 5836)
[2026-07-15 03:42:17] [SUCCESS] Завершено процессов: 1
[2026-07-15 03:42:17] [INFO] 
📌 ШАГ 3: Поиск установочного файла
[2026-07-15 03:42:17] [INFO] ----------------------------------------
[2026-07-15 03:42:17] [INFO] Поиск установочного файла...
[2026-07-15 03:42:17] [INFO]   Папка: C:\builds
[2026-07-15 03:42:17] [INFO]   Версия: 6.5.0.9126
[2026-07-15 03:42:17] [SUCCESS] ✅ Найден установочный файл: C:\builds\TRBOnet.Enterprise_6.5.0.9126.exe
[2026-07-15 03:42:17] [INFO] 
📌 ШАГ 4: Удаление экземпляров TRBOnet через установочный файл
[2026-07-15 03:42:17] [INFO] ----------------------------------------
[2026-07-15 03:42:17] [INFO] 
  [1/1] Удаление экземпляра: TRBOnet Enterprise 6.5
[2026-07-15 03:42:17] [INFO]   Версия: 6.5.0.9126
[2026-07-15 03:42:17] [INFO]   Product Code: TRBOnet Enterprise 6.5 6.5.0.9126
[2026-07-15 03:42:17] [INFO] Запуск удаления через установочный файл...
[2026-07-15 03:42:17] [INFO]   Файл: C:\builds\TRBOnet.Enterprise_6.5.0.9126.exe
[2026-07-15 03:42:17] [INFO]   Экземпляр: TRBOnet Enterprise 6.5
[2026-07-15 03:42:17] [INFO]   Product Code: TRBOnet Enterprise 6.5 6.5.0.9126
[2026-07-15 03:42:17] [INFO]   Аргументы: /uninstallinst "TRBOnet Enterprise 6.5" /exebasicui /exelog "C:\Automation\core\logs\uninstall_log_034217.txt" /quiet /qn /norestart
[2026-07-15 03:42:17] [SUCCESS] ✅ Процесс удаления запущен (Handle: 42)
[2026-07-15 03:42:17] [INFO] ⏳ Ожидание завершения удаления...
[2026-07-15 03:42:32] [INFO]   Удаление выполняется... (15 сек из 120 максимум)
[2026-07-15 03:42:41] [SUCCESS] ✅ Продукт успешно удалён за 24 секунд
[2026-07-15 03:42:41] [SUCCESS]   ✅ Удаление TRBOnet Enterprise 6.5 выполнено успешно
[2026-07-15 03:42:41] [INFO] 
📌 ШАГ 5: Проверка остатков после удаления
[2026-07-15 03:42:41] [INFO] ----------------------------------------
[2026-07-15 03:42:41] [INFO] Проверка остатков после удаления...
[2026-07-15 03:42:41] [INFO]   Поиск сервисов TRBOnet...
[2026-07-15 03:42:41] [SUCCESS] ✅ Остатки после удаления не обнаружены
[2026-07-15 03:42:41] [SUCCESS] Отчёт сохранён в: C:\Automation\core\logs\uninstall_report.txt
[2026-07-15 03:42:41] [INFO] 
================================================================================
[2026-07-15 03:42:41] [SUCCESS] ✅ УДАЛЕНИЕ ВЫПОЛНЕНО УСПЕШНО! Полная очистка.
[2026-07-15 03:42:41] [SUCCESS]    Удалено экземпляров: 1
[2026-07-15 03:42:41] [INFO] ================================================================================
[2026-07-15 04:04:51] [INFO] ================================================================================
[2026-07-15 04:04:51] [INFO] ЗАПУСК АВТОМАТИЧЕСКОГО УДАЛЕНИЯ TRBOnet
[2026-07-15 04:04:51] [INFO] ================================================================================
[2026-07-15 04:04:51] [SUCCESS] ✅ Скрипт запущен с правами администратора
[2026-07-15 04:04:51] [INFO] Версия для удаления: 6.5.0.9125
[2026-07-15 04:04:51] [INFO] 
📌 ШАГ 1: Поиск установленных экземпляров TRBOnet
[2026-07-15 04:04:51] [INFO] ----------------------------------------
[2026-07-15 04:04:51] [INFO]   Найден экземпляр: TRBOnet Enterprise 6.5 (версия: 6.5.0.9125)
[2026-07-15 04:04:51] [INFO] Найдено экземпляров: 1
[2026-07-15 04:04:51] [INFO] 
📌 ШАГ 2: Завершение процессов TRBOnet
[2026-07-15 04:04:51] [INFO] ----------------------------------------
[2026-07-15 04:04:51] [INFO] Поиск процессов, содержащих 'TRBOnet'...
[2026-07-15 04:04:51] [INFO]   Завершаем процесс: TRBOnet.Server.exe (PID: 11180)
[2026-07-15 04:04:52] [SUCCESS] Завершено процессов: 1
[2026-07-15 04:04:52] [INFO] 
📌 ШАГ 3: Поиск установочного файла
[2026-07-15 04:04:52] [INFO] ----------------------------------------
[2026-07-15 04:04:52] [INFO] Поиск установочного файла...
[2026-07-15 04:04:52] [INFO]   Папка: C:\builds
[2026-07-15 04:04:52] [INFO]   Версия: 6.5.0.9125
[2026-07-15 04:04:52] [SUCCESS] ✅ Найден установочный файл: C:\builds\TRBOnet.Enterprise_6.5.0.9125.exe
[2026-07-15 04:04:52] [INFO] 
📌 ШАГ 4: Удаление экземпляров TRBOnet через установочный файл
[2026-07-15 04:04:52] [INFO] ----------------------------------------
[2026-07-15 04:04:52] [INFO] 
  [1/1] Удаление экземпляра: TRBOnet Enterprise 6.5
[2026-07-15 04:04:52] [INFO]   Версия: 6.5.0.9125
[2026-07-15 04:04:52] [INFO]   Product Code: TRBOnet Enterprise 6.5 6.5.0.9125
[2026-07-15 04:04:52] [INFO] Запуск удаления через установочный файл...
[2026-07-15 04:04:52] [INFO]   Файл: C:\builds\TRBOnet.Enterprise_6.5.0.9125.exe
[2026-07-15 04:04:52] [INFO]   Экземпляр: TRBOnet Enterprise 6.5
[2026-07-15 04:04:52] [INFO]   Product Code: TRBOnet Enterprise 6.5 6.5.0.9125
[2026-07-15 04:04:52] [INFO]   Аргументы: /uninstallinst "TRBOnet Enterprise 6.5" /exebasicui /exelog "C:\Automation\core\logs\uninstall_log_040452.txt" /quiet /qn /norestart
[2026-07-15 04:04:52] [SUCCESS] ✅ Процесс удаления запущен (Handle: 42)
[2026-07-15 04:04:52] [INFO] ⏳ Ожидание завершения удаления...
[2026-07-15 04:05:07] [INFO]   Удаление выполняется... (15 сек из 120 максимум)
[2026-07-15 04:05:16] [SUCCESS] ✅ Продукт успешно удалён за 24 секунд
[2026-07-15 04:05:16] [SUCCESS]   ✅ Удаление TRBOnet Enterprise 6.5 выполнено успешно
[2026-07-15 04:05:16] [INFO] 
📌 ШАГ 5: Проверка остатков после удаления
[2026-07-15 04:05:16] [INFO] ----------------------------------------
[2026-07-15 04:05:16] [INFO] Проверка остатков после удаления...
[2026-07-15 04:05:16] [INFO]   Поиск сервисов TRBOnet...
[2026-07-15 04:05:16] [SUCCESS] ✅ Остатки после удаления не обнаружены
[2026-07-15 04:05:16] [SUCCESS] Отчёт сохранён в: C:\Automation\core\logs\uninstall_report.txt
[2026-07-15 04:05:16] [INFO] 
================================================================================
[2026-07-15 04:05:16] [SUCCESS] ✅ УДАЛЕНИЕ ВЫПОЛНЕНО УСПЕШНО! Полная очистка.
[2026-07-15 04:05:16] [SUCCESS]    Удалено экземпляров: 1
[2026-07-15 04:05:16] [INFO] ================================================================================
[2026-07-15 05:31:41] [INFO] ================================================================================
[2026-07-15 05:31:41] [INFO] ЗАПУСК АВТОМАТИЧЕСКОГО УДАЛЕНИЯ TRBOnet
[2026-07-15 05:31:41] [INFO] ================================================================================
[2026-07-15 05:31:41] [SUCCESS] ✅ Скрипт запущен с правами администратора
[2026-07-15 05:31:41] [INFO] Версия для удаления: 6.5.0.9124
[2026-07-15 05:31:41] [INFO] 
📌 ШАГ 1: Поиск установленных экземпляров TRBOnet
[2026-07-15 05:31:41] [INFO] ----------------------------------------
[2026-07-15 05:31:41] [INFO]   Найден экземпляр: TRBOnet Enterprise 6.5 (версия: 6.5.0.9124)
[2026-07-15 05:31:41] [INFO] Найдено экземпляров: 1
[2026-07-15 05:31:41] [INFO] 
📌 ШАГ 2: Завершение процессов TRBOnet
[2026-07-15 05:31:41] [INFO] ----------------------------------------
[2026-07-15 05:31:41] [INFO] Поиск процессов, содержащих 'TRBOnet'...
[2026-07-15 05:31:41] [INFO]   Завершаем процесс: TRBOnet.Server.exe (PID: 6952)
[2026-07-15 05:31:41] [SUCCESS] Завершено процессов: 1
[2026-07-15 05:31:41] [INFO] 
📌 ШАГ 3: Поиск установочного файла
[2026-07-15 05:31:41] [INFO] ----------------------------------------
[2026-07-15 05:31:41] [INFO] Поиск установочного файла...
[2026-07-15 05:31:41] [INFO]   Папка: C:\builds
[2026-07-15 05:31:41] [INFO]   Версия: 6.5.0.9124
[2026-07-15 05:31:41] [SUCCESS] ✅ Найден установочный файл: C:\builds\TRBOnet.Enterprise_6.5.0.9124.exe
[2026-07-15 05:31:41] [INFO] 
📌 ШАГ 4: Удаление экземпляров TRBOnet через установочный файл
[2026-07-15 05:31:41] [INFO] ----------------------------------------
[2026-07-15 05:31:41] [INFO] 
  [1/1] Удаление экземпляра: TRBOnet Enterprise 6.5
[2026-07-15 05:31:41] [INFO]   Версия: 6.5.0.9124
[2026-07-15 05:31:41] [INFO]   Product Code: TRBOnet Enterprise 6.5 6.5.0.9124
[2026-07-15 05:31:41] [INFO] Запуск удаления через установочный файл...
[2026-07-15 05:31:41] [INFO]   Файл: C:\builds\TRBOnet.Enterprise_6.5.0.9124.exe
[2026-07-15 05:31:41] [INFO]   Экземпляр: TRBOnet Enterprise 6.5
[2026-07-15 05:31:41] [INFO]   Product Code: TRBOnet Enterprise 6.5 6.5.0.9124
[2026-07-15 05:31:41] [INFO]   Аргументы: /uninstallinst "TRBOnet Enterprise 6.5" /exebasicui /exelog "C:\Automation\core\logs\uninstall_log_053141.txt" /quiet /qn /norestart
[2026-07-15 05:31:41] [SUCCESS] ✅ Процесс удаления запущен (Handle: 42)
[2026-07-15 05:31:41] [INFO] ⏳ Ожидание завершения удаления...
[2026-07-15 05:31:56] [INFO]   Удаление выполняется... (15 сек из 120 максимум)
[2026-07-15 05:32:05] [SUCCESS] ✅ Продукт успешно удалён за 24 секунд
[2026-07-15 05:32:05] [SUCCESS]   ✅ Удаление TRBOnet Enterprise 6.5 выполнено успешно
[2026-07-15 05:32:05] [INFO] 
📌 ШАГ 5: Проверка остатков после удаления
[2026-07-15 05:32:05] [INFO] ----------------------------------------
[2026-07-15 05:32:05] [INFO] Проверка остатков после удаления...
[2026-07-15 05:32:05] [INFO]   Поиск сервисов TRBOnet...
[2026-07-15 05:32:05] [SUCCESS] ✅ Остатки после удаления не обнаружены
[2026-07-15 05:32:05] [SUCCESS] Отчёт сохранён в: C:\Automation\core\logs\uninstall_report.txt
[2026-07-15 05:32:05] [INFO] 
================================================================================
[2026-07-15 05:32:05] [SUCCESS] ✅ УДАЛЕНИЕ ВЫПОЛНЕНО УСПЕШНО! Полная очистка.
[2026-07-15 05:32:05] [SUCCESS]    Удалено экземпляров: 1
[2026-07-15 05:32:05] [INFO] ================================================================================
[2026-07-15 05:51:31] [INFO] ================================================================================
[2026-07-15 05:51:31] [INFO] ЗАПУСК АВТОМАТИЧЕСКОГО УДАЛЕНИЯ TRBOnet
[2026-07-15 05:51:31] [INFO] ================================================================================
[2026-07-15 05:51:31] [SUCCESS] ✅ Скрипт запущен с правами администратора
[2026-07-15 05:51:31] [INFO] Версия для удаления: 6.5.0.9123
[2026-07-15 05:51:31] [INFO] 
📌 ШАГ 1: Поиск установленных экземпляров TRBOnet
[2026-07-15 05:51:31] [INFO] ----------------------------------------
[2026-07-15 05:51:31] [INFO]   Найден экземпляр: TRBOnet Enterprise 6.5 (версия: 6.5.0.9123)
[2026-07-15 05:51:31] [INFO] Найдено экземпляров: 1
[2026-07-15 05:51:31] [INFO] 
📌 ШАГ 2: Завершение процессов TRBOnet
[2026-07-15 05:51:31] [INFO] ----------------------------------------
[2026-07-15 05:51:31] [INFO] Поиск процессов, содержащих 'TRBOnet'...
[2026-07-15 05:51:31] [INFO]   Завершаем процесс: TRBOnet.Server.exe (PID: 5872)
[2026-07-15 05:51:32] [SUCCESS] Завершено процессов: 1
[2026-07-15 05:51:32] [INFO] 
📌 ШАГ 3: Поиск установочного файла
[2026-07-15 05:51:32] [INFO] ----------------------------------------
[2026-07-15 05:51:32] [INFO] Поиск установочного файла...
[2026-07-15 05:51:32] [INFO]   Папка: C:\builds
[2026-07-15 05:51:32] [INFO]   Версия: 6.5.0.9123
[2026-07-15 05:51:32] [SUCCESS] ✅ Найден установочный файл: C:\builds\TRBOnet.Enterprise_6.5.0.9123.exe
[2026-07-15 05:51:32] [INFO] 
📌 ШАГ 4: Удаление экземпляров TRBOnet через установочный файл
[2026-07-15 05:51:32] [INFO] ----------------------------------------
[2026-07-15 05:51:32] [INFO] 
  [1/1] Удаление экземпляра: TRBOnet Enterprise 6.5
[2026-07-15 05:51:32] [INFO]   Версия: 6.5.0.9123
[2026-07-15 05:51:32] [INFO]   Product Code: TRBOnet Enterprise 6.5 6.5.0.9123
[2026-07-15 05:51:32] [INFO] Запуск удаления через установочный файл...
[2026-07-15 05:51:32] [INFO]   Файл: C:\builds\TRBOnet.Enterprise_6.5.0.9123.exe
[2026-07-15 05:51:32] [INFO]   Экземпляр: TRBOnet Enterprise 6.5
[2026-07-15 05:51:32] [INFO]   Product Code: TRBOnet Enterprise 6.5 6.5.0.9123
[2026-07-15 05:51:32] [INFO]   Аргументы: /uninstallinst "TRBOnet Enterprise 6.5" /exebasicui /exelog "C:\Automation\core\logs\uninstall_log_055132.txt" /quiet /qn /norestart
[2026-07-15 05:51:32] [SUCCESS] ✅ Процесс удаления запущен (Handle: 42)
[2026-07-15 05:51:32] [INFO] ⏳ Ожидание завершения удаления...
[2026-07-15 05:51:47] [INFO]   Удаление выполняется... (15 сек из 120 максимум)
[2026-07-15 05:51:56] [SUCCESS] ✅ Продукт успешно удалён за 24 секунд
[2026-07-15 05:51:56] [SUCCESS]   ✅ Удаление TRBOnet Enterprise 6.5 выполнено успешно
[2026-07-15 05:51:56] [INFO] 
📌 ШАГ 5: Проверка остатков после удаления
[2026-07-15 05:51:56] [INFO] ----------------------------------------
[2026-07-15 05:51:56] [INFO] Проверка остатков после удаления...
[2026-07-15 05:51:56] [INFO]   Поиск сервисов TRBOnet...
[2026-07-15 05:51:56] [SUCCESS] ✅ Остатки после удаления не обнаружены
[2026-07-15 05:51:56] [SUCCESS] Отчёт сохранён в: C:\Automation\core\logs\uninstall_report.txt
[2026-07-15 05:51:56] [INFO] 
================================================================================
[2026-07-15 05:51:56] [SUCCESS] ✅ УДАЛЕНИЕ ВЫПОЛНЕНО УСПЕШНО! Полная очистка.
[2026-07-15 05:51:56] [SUCCESS]    Удалено экземпляров: 1
[2026-07-15 05:51:56] [INFO] ================================================================================
[2026-07-15 06:07:11] [INFO] ================================================================================
[2026-07-15 06:07:11] [INFO] ЗАПУСК АВТОМАТИЧЕСКОГО УДАЛЕНИЯ TRBOnet
[2026-07-15 06:07:11] [INFO] ================================================================================
[2026-07-15 06:07:11] [SUCCESS] ✅ Скрипт запущен с правами администратора
[2026-07-15 06:07:11] [INFO] Версия для удаления: 6.5.0.9122
[2026-07-15 06:07:11] [INFO] 
📌 ШАГ 1: Поиск установленных экземпляров TRBOnet
[2026-07-15 06:07:11] [INFO] ----------------------------------------
[2026-07-15 06:07:11] [INFO]   Найден экземпляр: TRBOnet Enterprise 6.5 (версия: 6.5.0.9122)
[2026-07-15 06:07:11] [INFO] Найдено экземпляров: 1
[2026-07-15 06:07:11] [INFO] 
📌 ШАГ 2: Завершение процессов TRBOnet
[2026-07-15 06:07:11] [INFO] ----------------------------------------
[2026-07-15 06:07:11] [INFO] Поиск процессов, содержащих 'TRBOnet'...
[2026-07-15 06:07:11] [INFO]   Завершаем процесс: TRBOnet.Server.exe (PID: 16268)
[2026-07-15 06:07:11] [SUCCESS] Завершено процессов: 1
[2026-07-15 06:07:11] [INFO] 
📌 ШАГ 3: Поиск установочного файла
[2026-07-15 06:07:11] [INFO] ----------------------------------------
[2026-07-15 06:07:11] [INFO] Поиск установочного файла...
[2026-07-15 06:07:11] [INFO]   Папка: C:\builds
[2026-07-15 06:07:11] [INFO]   Версия: 6.5.0.9122
[2026-07-15 06:07:11] [SUCCESS] ✅ Найден установочный файл: C:\builds\TRBOnet.Enterprise_6.5.0.9122.exe
[2026-07-15 06:07:11] [INFO] 
📌 ШАГ 4: Удаление экземпляров TRBOnet через установочный файл
[2026-07-15 06:07:11] [INFO] ----------------------------------------
[2026-07-15 06:07:11] [INFO] 
  [1/1] Удаление экземпляра: TRBOnet Enterprise 6.5
[2026-07-15 06:07:11] [INFO]   Версия: 6.5.0.9122
[2026-07-15 06:07:11] [INFO]   Product Code: TRBOnet Enterprise 6.5 6.5.0.9122
[2026-07-15 06:07:11] [INFO] Запуск удаления через установочный файл...
[2026-07-15 06:07:11] [INFO]   Файл: C:\builds\TRBOnet.Enterprise_6.5.0.9122.exe
[2026-07-15 06:07:11] [INFO]   Экземпляр: TRBOnet Enterprise 6.5
[2026-07-15 06:07:11] [INFO]   Product Code: TRBOnet Enterprise 6.5 6.5.0.9122
[2026-07-15 06:07:11] [INFO]   Аргументы: /uninstallinst "TRBOnet Enterprise 6.5" /exebasicui /exelog "C:\Automation\core\logs\uninstall_log_060711.txt" /quiet /qn /norestart
[2026-07-15 06:07:11] [SUCCESS] ✅ Процесс удаления запущен (Handle: 42)
[2026-07-15 06:07:11] [INFO] ⏳ Ожидание завершения удаления...
[2026-07-15 06:07:26] [INFO]   Удаление выполняется... (15 сек из 120 максимум)
[2026-07-15 06:07:35] [SUCCESS] ✅ Продукт успешно удалён за 24 секунд
[2026-07-15 06:07:35] [SUCCESS]   ✅ Удаление TRBOnet Enterprise 6.5 выполнено успешно
[2026-07-15 06:07:35] [INFO] 
📌 ШАГ 5: Проверка остатков после удаления
[2026-07-15 06:07:35] [INFO] ----------------------------------------
[2026-07-15 06:07:35] [INFO] Проверка остатков после удаления...
[2026-07-15 06:07:35] [INFO]   Поиск сервисов TRBOnet...
[2026-07-15 06:07:35] [SUCCESS] ✅ Остатки после удаления не обнаружены
[2026-07-15 06:07:35] [SUCCESS] Отчёт сохранён в: C:\Automation\core\logs\uninstall_report.txt
[2026-07-15 06:07:35] [INFO] 
================================================================================
[2026-07-15 06:07:35] [SUCCESS] ✅ УДАЛЕНИЕ ВЫПОЛНЕНО УСПЕШНО! Полная очистка.
[2026-07-15 06:07:35] [SUCCESS]    Удалено экземпляров: 1
[2026-07-15 06:07:35] [INFO] ================================================================================
[2026-07-16 02:20:32] [INFO] ================================================================================
[2026-07-16 02:20:32] [INFO] ЗАПУСК АВТОМАТИЧЕСКОГО УДАЛЕНИЯ TRBOnet
[2026-07-16 02:20:32] [INFO] ================================================================================
[2026-07-16 02:20:32] [SUCCESS] ✅ Скрипт запущен с правами администратора
[2026-07-16 02:20:32] [INFO] Версия для удаления: 6.5.0.9121
[2026-07-16 02:20:32] [INFO] 
📌 ШАГ 1: Поиск установленных экземпляров TRBOnet
[2026-07-16 02:20:32] [INFO] ----------------------------------------
[2026-07-16 02:20:32] [INFO]   Найден экземпляр: TRBOnet Enterprise 6.5 (версия: 6.5.0.9121)
[2026-07-16 02:20:32] [INFO] Найдено экземпляров: 1
[2026-07-16 02:20:32] [INFO] 
📌 ШАГ 2: Завершение процессов TRBOnet
[2026-07-16 02:20:32] [INFO] ----------------------------------------
[2026-07-16 02:20:32] [INFO] Поиск процессов, содержащих 'TRBOnet'...
[2026-07-16 02:20:32] [INFO]   Завершаем процесс: TRBOnet.Server.exe (PID: 15500)
[2026-07-16 02:20:32] [SUCCESS] Завершено процессов: 1
[2026-07-16 02:20:32] [INFO] 
📌 ШАГ 3: Поиск установочного файла
[2026-07-16 02:20:32] [INFO] ----------------------------------------
[2026-07-16 02:20:32] [INFO] Поиск установочного файла...
[2026-07-16 02:20:32] [INFO]   Папка: C:\builds
[2026-07-16 02:20:32] [INFO]   Версия: 6.5.0.9121
[2026-07-16 02:20:32] [SUCCESS] ✅ Найден установочный файл: C:\builds\TRBOnet.Enterprise_6.5.0.9121.exe
[2026-07-16 02:20:32] [INFO] 
📌 ШАГ 4: Удаление экземпляров TRBOnet через установочный файл
[2026-07-16 02:20:32] [INFO] ----------------------------------------
[2026-07-16 02:20:32] [INFO] 
  [1/1] Удаление экземпляра: TRBOnet Enterprise 6.5
[2026-07-16 02:20:32] [INFO]   Версия: 6.5.0.9121
[2026-07-16 02:20:32] [INFO]   Product Code: TRBOnet Enterprise 6.5 6.5.0.9121
[2026-07-16 02:20:32] [INFO] Запуск удаления через установочный файл...
[2026-07-16 02:20:32] [INFO]   Файл: C:\builds\TRBOnet.Enterprise_6.5.0.9121.exe
[2026-07-16 02:20:32] [INFO]   Экземпляр: TRBOnet Enterprise 6.5
[2026-07-16 02:20:32] [INFO]   Product Code: TRBOnet Enterprise 6.5 6.5.0.9121
[2026-07-16 02:20:32] [INFO]   Аргументы: /uninstallinst "TRBOnet Enterprise 6.5" /exebasicui /exelog "C:\Automation\core\logs\uninstall_log_022032.txt" /quiet /qn /norestart
[2026-07-16 02:20:33] [SUCCESS] ✅ Процесс удаления запущен (Handle: 42)
[2026-07-16 02:20:33] [INFO] ⏳ Ожидание завершения удаления...
[2026-07-16 02:20:48] [INFO]   Удаление выполняется... (15 сек из 120 максимум)
[2026-07-16 02:21:03] [SUCCESS] ✅ Продукт успешно удалён за 30 секунд
[2026-07-16 02:21:03] [SUCCESS]   ✅ Удаление TRBOnet Enterprise 6.5 выполнено успешно
[2026-07-16 02:21:03] [INFO] 
📌 ШАГ 5: Проверка остатков после удаления
[2026-07-16 02:21:03] [INFO] ----------------------------------------
[2026-07-16 02:21:03] [INFO] Проверка остатков после удаления...
[2026-07-16 02:21:03] [INFO]   Поиск сервисов TRBOnet...
[2026-07-16 02:21:03] [SUCCESS] ✅ Остатки после удаления не обнаружены
[2026-07-16 02:21:03] [SUCCESS] Отчёт сохранён в: C:\Automation\core\logs\uninstall_report.txt
[2026-07-16 02:21:03] [INFO] 
================================================================================
[2026-07-16 02:21:03] [SUCCESS] ✅ УДАЛЕНИЕ ВЫПОЛНЕНО УСПЕШНО! Полная очистка.
[2026-07-16 02:21:03] [SUCCESS]    Удалено экземпляров: 1
[2026-07-16 02:21:03] [INFO] ================================================================================
[2026-07-16 04:04:23] [INFO] ================================================================================
[2026-07-16 04:04:23] [INFO] ЗАПУСК АВТОМАТИЧЕСКОГО УДАЛЕНИЯ TRBOnet
[2026-07-16 04:04:23] [INFO] ================================================================================
[2026-07-16 04:04:23] [SUCCESS] ✅ Скрипт запущен с правами администратора
[2026-07-16 04:04:23] [INFO] Версия для удаления: 6.5.0.9120
[2026-07-16 04:04:23] [INFO] 
📌 ШАГ 1: Поиск установленных экземпляров TRBOnet
[2026-07-16 04:04:23] [INFO] ----------------------------------------
[2026-07-16 04:04:23] [INFO]   Найден экземпляр: TRBOnet Enterprise 6.5 (версия: 6.5.0.9120)
[2026-07-16 04:04:23] [INFO] Найдено экземпляров: 1
[2026-07-16 04:04:23] [INFO] 
📌 ШАГ 2: Завершение процессов TRBOnet
[2026-07-16 04:04:23] [INFO] ----------------------------------------
[2026-07-16 04:04:23] [INFO] Поиск процессов, содержащих 'TRBOnet'...
[2026-07-16 04:04:23] [INFO]   Завершаем процесс: TRBOnet.Server.exe (PID: 5724)
[2026-07-16 04:04:23] [SUCCESS] Завершено процессов: 1
[2026-07-16 04:04:23] [INFO] 
📌 ШАГ 3: Поиск установочного файла
[2026-07-16 04:04:23] [INFO] ----------------------------------------
[2026-07-16 04:04:23] [INFO] Поиск установочного файла...
[2026-07-16 04:04:23] [INFO]   Папка: C:\builds
[2026-07-16 04:04:23] [INFO]   Версия: 6.5.0.9120
[2026-07-16 04:04:23] [SUCCESS] ✅ Найден установочный файл: C:\builds\TRBOnet.Enterprise_6.5.0.9120.exe
[2026-07-16 04:04:23] [INFO] 
📌 ШАГ 4: Удаление экземпляров TRBOnet через установочный файл
[2026-07-16 04:04:23] [INFO] ----------------------------------------
[2026-07-16 04:04:23] [INFO] 
  [1/1] Удаление экземпляра: TRBOnet Enterprise 6.5
[2026-07-16 04:04:23] [INFO]   Версия: 6.5.0.9120
[2026-07-16 04:04:23] [INFO]   Product Code: TRBOnet Enterprise 6.5 6.5.0.9120
[2026-07-16 04:04:23] [INFO] Запуск удаления через установочный файл...
[2026-07-16 04:04:23] [INFO]   Файл: C:\builds\TRBOnet.Enterprise_6.5.0.9120.exe
[2026-07-16 04:04:23] [INFO]   Экземпляр: TRBOnet Enterprise 6.5
[2026-07-16 04:04:23] [INFO]   Product Code: TRBOnet Enterprise 6.5 6.5.0.9120
[2026-07-16 04:04:23] [INFO]   Аргументы: /uninstallinst "TRBOnet Enterprise 6.5" /exebasicui /exelog "C:\Automation\core\logs\uninstall_log_040423.txt" /quiet /qn /norestart
[2026-07-16 04:04:24] [SUCCESS] ✅ Процесс удаления запущен (Handle: 42)
[2026-07-16 04:04:24] [INFO] ⏳ Ожидание завершения удаления...
[2026-07-16 04:04:39] [INFO]   Удаление выполняется... (15 сек из 120 максимум)
[2026-07-16 04:04:51] [SUCCESS] ✅ Продукт успешно удалён за 27 секунд
[2026-07-16 04:04:51] [SUCCESS]   ✅ Удаление TRBOnet Enterprise 6.5 выполнено успешно
[2026-07-16 04:04:51] [INFO] 
📌 ШАГ 5: Проверка остатков после удаления
[2026-07-16 04:04:51] [INFO] ----------------------------------------
[2026-07-16 04:04:51] [INFO] Проверка остатков после удаления...
[2026-07-16 04:04:51] [INFO]   Поиск сервисов TRBOnet...
[2026-07-16 04:04:51] [SUCCESS] ✅ Остатки после удаления не обнаружены
[2026-07-16 04:04:51] [SUCCESS] Отчёт сохранён в: C:\Automation\core\logs\uninstall_report.txt
[2026-07-16 04:04:51] [INFO] 
================================================================================
[2026-07-16 04:04:51] [SUCCESS] ✅ УДАЛЕНИЕ ВЫПОЛНЕНО УСПЕШНО! Полная очистка.
[2026-07-16 04:04:51] [SUCCESS]    Удалено экземпляров: 1
[2026-07-16 04:04:51] [INFO] ================================================================================
[2026-07-16 04:07:45] [INFO] ================================================================================
[2026-07-16 04:07:45] [INFO] ЗАПУСК АВТОМАТИЧЕСКОГО УДАЛЕНИЯ TRBOnet
[2026-07-16 04:07:45] [INFO] ================================================================================
[2026-07-16 04:07:45] [SUCCESS] ✅ Скрипт запущен с правами администратора
[2026-07-16 04:07:45] [INFO] Версия для удаления: 6.5.0.9120
[2026-07-16 04:07:45] [INFO] 
📌 ШАГ 1: Поиск установленных экземпляров TRBOnet
[2026-07-16 04:07:45] [INFO] ----------------------------------------
[2026-07-16 04:07:45] [WARNING] ⚠️ Установленные экземпляры TRBOnet не найдены
[2026-07-16 04:07:45] [INFO]    Возможно, приложение уже удалено
[2026-07-16 04:07:45] [SUCCESS] Отчёт сохранён в: C:\Automation\core\logs\uninstall_report.txt
