[2026-07-15 01:34:39] [INFO] ================================================================================
[2026-07-15 01:34:39] [INFO] ЗАПУСК АВТОМАТИЧЕСКОЙ НАСТРОЙКИ TRBOnet Server
[2026-07-15 01:34:39] [INFO] ================================================================================
[2026-07-15 01:34:39] [SUCCESS] ✅ Скрипт запущен с правами администратора
[2026-07-15 01:34:39] [INFO]   Версия: 6.5.0.9128
[2026-07-15 01:34:39] [INFO]   Имя БД: TRBONET_6.5.0.9128
[2026-07-15 01:34:39] [INFO]   Путь к серверу: C:\Program Files\Neocom Software\TRBOnet Enterprise\Server\TRBOnet.Server.exe
[2026-07-15 01:34:39] [INFO] 
📌 ШАГ 1: Запуск приложения
[2026-07-15 01:34:39] [INFO] ----------------------------------------
[2026-07-15 01:34:39] [INFO] Запуск приложения: C:\Program Files\Neocom Software\TRBOnet Enterprise\Server\TRBOnet.Server.exe
[2026-07-15 01:34:46] [SUCCESS] ✅ Приложение запущено
[2026-07-15 01:34:46] [INFO] Поиск окна: 'TRBOnet Enterprise 6.5 / Server'...
[2026-07-15 01:34:46] [SUCCESS] ✅ Окно найдено: 'TRBOnet Enterprise 6.5 / Server'
[2026-07-15 01:34:46] [INFO] 
📌 ШАГ 2: Переход на вкладку Database
[2026-07-15 01:34:46] [INFO] ----------------------------------------
[2026-07-15 01:34:46] [INFO] Переход на вкладку Database...
[2026-07-15 01:34:46] [SUCCESS]   ✅ Найдено дерево
[2026-07-15 01:34:46] [SUCCESS]   ✅ Найден элемент 'Database'
[2026-07-15 01:34:46] [ERROR]   ❌ Ошибка при переходе на Database: (2, 'SetCursorPos', 'The system cannot find the file specified.')
[2026-07-15 01:34:46] [ERROR] ❌ Не удалось перейти на Database
[2026-07-15 01:34:46] [INFO] ✅ Приложение закрыто
[2026-07-15 01:45:30] [INFO] ================================================================================
[2026-07-15 01:45:30] [INFO] ЗАПУСК АВТОМАТИЧЕСКОЙ НАСТРОЙКИ TRBOnet Server
[2026-07-15 01:45:30] [INFO] ================================================================================
[2026-07-15 01:45:30] [SUCCESS] ✅ Скрипт запущен с правами администратора
[2026-07-15 01:45:30] [INFO]   Версия: 6.5.0.9127
[2026-07-15 01:45:30] [INFO]   Имя БД: TRBONET_6.5.0.9127
[2026-07-15 01:45:30] [INFO]   Путь к серверу: C:\Program Files\Neocom Software\TRBOnet Enterprise\Server\TRBOnet.Server.exe
[2026-07-15 01:45:30] [INFO] 
📌 ШАГ 1: Запуск приложения
[2026-07-15 01:45:30] [INFO] ----------------------------------------
[2026-07-15 01:45:30] [INFO] Запуск приложения: C:\Program Files\Neocom Software\TRBOnet Enterprise\Server\TRBOnet.Server.exe
[2026-07-15 01:45:37] [SUCCESS] ✅ Приложение запущено
[2026-07-15 01:45:37] [INFO] Поиск окна: 'TRBOnet Enterprise 6.5 / Server'...
[2026-07-15 01:45:37] [SUCCESS] ✅ Окно найдено: 'TRBOnet Enterprise 6.5 / Server'
[2026-07-15 01:45:37] [INFO] 
📌 ШАГ 2: Переход на вкладку Database
[2026-07-15 01:45:37] [INFO] ----------------------------------------
[2026-07-15 01:45:37] [INFO] Переход на вкладку Database...
[2026-07-15 01:45:37] [SUCCESS]   ✅ Найдено дерево
[2026-07-15 01:45:37] [SUCCESS]   ✅ Найден элемент 'Database'
[2026-07-15 01:45:40] [SUCCESS]   ✅ Клик по 'Database' выполнен
[2026-07-15 01:45:40] [INFO] 
📌 ШАГ 3: Установка имени базы данных
[2026-07-15 01:45:40] [INFO] ----------------------------------------
[2026-07-15 01:45:40] [INFO] Поиск ComboBox по ключу: 'combo_database'
[2026-07-15 01:45:40] [INFO]   Устанавливаем значение: 'TRBONET_6.5.0.9127'
[2026-07-15 01:45:40] [INFO]   Поиск элемента по AutomationId: 'm_boxDatabase'
[2026-07-15 01:45:40] [SUCCESS]     ✅ Найден: 'TRBONET_6.5.0.9129'
[2026-07-15 01:45:45] [SUCCESS]   ✅ Значение 'TRBONET_6.5.0.9127' установлено
[2026-07-15 01:45:45] [INFO] 
📌 ШАГ 4: Клик по 'Create Database'
[2026-07-15 01:45:45] [INFO] ----------------------------------------
[2026-07-15 01:45:45] [INFO] Клик по ключу: 'btn_create_database'
[2026-07-15 01:45:45] [INFO]   Поиск элемента по AutomationId: 'm_btnCreate'
[2026-07-15 01:45:46] [SUCCESS]     ✅ Найден: 'Create Database'
[2026-07-15 01:45:47] [SUCCESS]   ✅ Клик выполнен
[2026-07-15 01:45:47] [INFO] 
📌 ШАГ 5: Ожидание и закрытие диалога создания БД
[2026-07-15 01:45:47] [INFO] ----------------------------------------
[2026-07-15 01:45:47] [INFO] Ожидание диалога создания БД 'TRBONET_6.5.0.9127'...
[2026-07-15 01:45:47] [INFO]   Ожидание текста в диалоге: 'has been created'...
[2026-07-15 01:45:48] [SUCCESS]   ✅ Текст найден в диалоге
[2026-07-15 01:45:48] [INFO]   Поиск кнопки 'OK' в диалоге...
[2026-07-15 01:45:49] [SUCCESS]   ✅ Кнопка 'OK' нажата
[2026-07-15 01:45:49] [SUCCESS]   ✅ Диалог закрыт
[2026-07-15 01:45:49] [INFO] 
📌 ШАГ 6: Переход на вкладку Service
[2026-07-15 01:45:49] [INFO] ----------------------------------------
[2026-07-15 01:45:49] [INFO] Переход на вкладку Service...
[2026-07-15 01:45:52] [SUCCESS]   ✅ Переход на Service выполнен
[2026-07-15 01:45:52] [INFO] 
📌 ШАГ 7: Клик по 'Install Service'
[2026-07-15 01:45:52] [INFO] ----------------------------------------
[2026-07-15 01:45:52] [INFO] Клик по ключу: 'btn_install_service'
[2026-07-15 01:45:52] [INFO]   Поиск элемента по AutomationId: 'm_btnInstall'
[2026-07-15 01:45:52] [SUCCESS]     ✅ Найден: 'Install Service'
[2026-07-15 01:45:53] [SUCCESS]   ✅ Клик выполнен
[2026-07-15 01:45:53] [INFO] 
📌 ШАГ 8: Клик по 'Start service'
[2026-07-15 01:45:53] [INFO] ----------------------------------------
[2026-07-15 01:45:53] [INFO] Клик по 'Start service'...
[2026-07-15 01:45:53] [INFO] Клик по ключу: 'btn_start_service'
[2026-07-15 01:45:53] [INFO]   Поиск элемента по AutomationId: 'm_btnAction'
[2026-07-15 01:45:54] [SUCCESS]     ✅ Найден: 'Start service'
[2026-07-15 01:45:55] [SUCCESS]   ✅ Клик выполнен
[2026-07-15 01:45:55] [INFO] 
📌 ШАГ 9: Ожидание 'Service started'
[2026-07-15 01:45:55] [INFO] ----------------------------------------
[2026-07-15 01:45:55] [INFO]   Ожидание текста: 'Service started'...
[2026-07-15 01:45:55] [SUCCESS]   ✅ Текст найден: 'Service started'
[2026-07-15 01:45:55] [INFO] 
📌 ШАГ 10: Клик по кнопке OK
[2026-07-15 01:45:55] [INFO] ----------------------------------------
[2026-07-15 01:45:55] [INFO] Клик по ключу: 'btn_ok'
[2026-07-15 01:45:55] [INFO]   Поиск элемента по AutomationId: 'm_btnOk'
[2026-07-15 01:45:56] [SUCCESS]     ✅ Найден: 'OK'
[2026-07-15 01:45:57] [SUCCESS]   ✅ Клик выполнен
[2026-07-15 01:45:57] [INFO] 
📌 ШАГ 11: Обработка диалога перезапуска
[2026-07-15 01:45:57] [INFO] ----------------------------------------
[2026-07-15 01:45:57] [INFO] Ожидание диалога перезапуска сервера...
[2026-07-15 01:45:57] [INFO]   Ожидание текста в диалоге: 'Do you want to restart the server?'...
[2026-07-15 01:45:57] [SUCCESS]   ✅ Текст найден в диалоге
[2026-07-15 01:45:57] [INFO]   Поиск кнопки 'Yes' в диалоге...
[2026-07-15 01:45:58] [SUCCESS]   ✅ Кнопка 'Yes' нажата
[2026-07-15 01:45:58] [SUCCESS]   ✅ Диалог обработан
[2026-07-15 01:45:58] [INFO] 
================================================================================
[2026-07-15 01:45:58] [SUCCESS] ✅ НАСТРОЙКА TRBOnet Server ВЫПОЛНЕНА УСПЕШНО!
[2026-07-15 01:45:58] [SUCCESS]    Версия: 6.5.0.9127
[2026-07-15 01:45:58] [SUCCESS]    База данных: TRBONET_6.5.0.9127
[2026-07-15 01:45:58] [INFO] ================================================================================
[2026-07-15 01:45:58] [INFO] ✅ Приложение закрыто
[2026-07-15 03:28:01] [INFO] ================================================================================
[2026-07-15 03:28:01] [INFO] ЗАПУСК АВТОМАТИЧЕСКОЙ НАСТРОЙКИ TRBOnet Server
[2026-07-15 03:28:01] [INFO] ================================================================================
[2026-07-15 03:28:01] [SUCCESS] ✅ Скрипт запущен с правами администратора
[2026-07-15 03:28:01] [INFO]   Версия: 6.5.0.9126
[2026-07-15 03:28:01] [INFO]   Имя БД: TRBONET_6.5.0.9126
[2026-07-15 03:28:01] [INFO]   Путь к серверу: C:\Program Files\Neocom Software\TRBOnet Enterprise\Server\TRBOnet.Server.exe
[2026-07-15 03:28:01] [INFO] 
📌 ШАГ 1: Запуск приложения
[2026-07-15 03:28:01] [INFO] ----------------------------------------
[2026-07-15 03:28:01] [INFO] Запуск приложения: C:\Program Files\Neocom Software\TRBOnet Enterprise\Server\TRBOnet.Server.exe
[2026-07-15 03:28:08] [SUCCESS] ✅ Приложение запущено
[2026-07-15 03:28:08] [INFO] Поиск окна: 'TRBOnet Enterprise 6.5 / Server'...
[2026-07-15 03:28:08] [SUCCESS] ✅ Окно найдено: 'TRBOnet Enterprise 6.5 / Server'
[2026-07-15 03:28:08] [INFO] 
📌 ШАГ 2: Переход на вкладку Database
[2026-07-15 03:28:08] [INFO] ----------------------------------------
[2026-07-15 03:28:08] [INFO] Переход на вкладку Database...
[2026-07-15 03:28:08] [SUCCESS]   ✅ Найдено дерево
[2026-07-15 03:28:08] [SUCCESS]   ✅ Найден элемент 'Database'
[2026-07-15 03:28:10] [SUCCESS]   ✅ Клик по 'Database' выполнен
[2026-07-15 03:28:10] [INFO] 
📌 ШАГ 3: Установка имени базы данных
[2026-07-15 03:28:10] [INFO] ----------------------------------------
[2026-07-15 03:28:10] [INFO] Поиск ComboBox по ключу: 'combo_database'
[2026-07-15 03:28:10] [INFO]   Устанавливаем значение: 'TRBONET_6.5.0.9126'
[2026-07-15 03:28:10] [INFO]   Поиск элемента по AutomationId: 'm_boxDatabase'
[2026-07-15 03:28:11] [SUCCESS]     ✅ Найден: 'TRBONET_6.5.0.9127'
[2026-07-15 03:28:16] [SUCCESS]   ✅ Значение 'TRBONET_6.5.0.9126' установлено
[2026-07-15 03:28:16] [INFO] 
📌 ШАГ 4: Клик по 'Create Database'
[2026-07-15 03:28:16] [INFO] ----------------------------------------
[2026-07-15 03:28:16] [INFO] Клик по ключу: 'btn_create_database'
[2026-07-15 03:28:16] [INFO]   Поиск элемента по AutomationId: 'm_btnCreate'
[2026-07-15 03:28:17] [SUCCESS]     ✅ Найден: 'Create Database'
[2026-07-15 03:28:18] [SUCCESS]   ✅ Клик выполнен
[2026-07-15 03:28:18] [INFO] 
📌 ШАГ 5: Ожидание и закрытие диалога создания БД
[2026-07-15 03:28:18] [INFO] ----------------------------------------
[2026-07-15 03:28:18] [INFO] Ожидание диалога создания БД 'TRBONET_6.5.0.9126'...
[2026-07-15 03:28:18] [INFO]   Ожидание текста в диалоге: 'has been created'...
[2026-07-15 03:28:18] [SUCCESS]   ✅ Текст найден в диалоге
[2026-07-15 03:28:18] [INFO]   Поиск кнопки 'OK' в диалоге...
[2026-07-15 03:28:20] [SUCCESS]   ✅ Кнопка 'OK' нажата
[2026-07-15 03:28:20] [SUCCESS]   ✅ Диалог закрыт
[2026-07-15 03:28:20] [INFO] 
📌 ШАГ 6: Переход на вкладку Service
[2026-07-15 03:28:20] [INFO] ----------------------------------------
[2026-07-15 03:28:20] [INFO] Переход на вкладку Service...
[2026-07-15 03:28:23] [SUCCESS]   ✅ Переход на Service выполнен
[2026-07-15 03:28:23] [INFO] 
📌 ШАГ 7: Клик по 'Install Service'
[2026-07-15 03:28:23] [INFO] ----------------------------------------
[2026-07-15 03:28:23] [INFO] Клик по ключу: 'btn_install_service'
[2026-07-15 03:28:23] [INFO]   Поиск элемента по AutomationId: 'm_btnInstall'
[2026-07-15 03:28:23] [SUCCESS]     ✅ Найден: 'Install Service'
[2026-07-15 03:28:24] [SUCCESS]   ✅ Клик выполнен
[2026-07-15 03:28:24] [INFO] 
📌 ШАГ 8: Клик по 'Start service'
[2026-07-15 03:28:24] [INFO] ----------------------------------------
[2026-07-15 03:28:24] [INFO] Клик по 'Start service'...
[2026-07-15 03:28:24] [INFO] Клик по ключу: 'btn_start_service'
[2026-07-15 03:28:24] [INFO]   Поиск элемента по AutomationId: 'm_btnAction'
[2026-07-15 03:28:25] [SUCCESS]     ✅ Найден: 'Start service'
[2026-07-15 03:28:26] [SUCCESS]   ✅ Клик выполнен
[2026-07-15 03:28:26] [INFO] 
📌 ШАГ 9: Ожидание 'Service started'
[2026-07-15 03:28:26] [INFO] ----------------------------------------
[2026-07-15 03:28:26] [INFO]   Ожидание текста: 'Service started'...
[2026-07-15 03:28:26] [SUCCESS]   ✅ Текст найден: 'Service started'
[2026-07-15 03:28:26] [INFO] 
📌 ШАГ 10: Клик по кнопке OK
[2026-07-15 03:28:26] [INFO] ----------------------------------------
[2026-07-15 03:28:26] [INFO] Клик по ключу: 'btn_ok'
[2026-07-15 03:28:26] [INFO]   Поиск элемента по AutomationId: 'm_btnOk'
[2026-07-15 03:28:27] [SUCCESS]     ✅ Найден: 'OK'
[2026-07-15 03:28:28] [SUCCESS]   ✅ Клик выполнен
[2026-07-15 03:28:28] [INFO] 
📌 ШАГ 11: Обработка диалога перезапуска
[2026-07-15 03:28:28] [INFO] ----------------------------------------
[2026-07-15 03:28:28] [INFO] Ожидание диалога перезапуска сервера...
[2026-07-15 03:28:28] [INFO]   Ожидание текста в диалоге: 'Do you want to restart the server?'...
[2026-07-15 03:28:28] [SUCCESS]   ✅ Текст найден в диалоге
[2026-07-15 03:28:28] [INFO]   Поиск кнопки 'Yes' в диалоге...
[2026-07-15 03:28:29] [SUCCESS]   ✅ Кнопка 'Yes' нажата
[2026-07-15 03:28:29] [SUCCESS]   ✅ Диалог обработан
[2026-07-15 03:28:29] [INFO] 
================================================================================
[2026-07-15 03:28:29] [SUCCESS] ✅ НАСТРОЙКА TRBOnet Server ВЫПОЛНЕНА УСПЕШНО!
[2026-07-15 03:28:29] [SUCCESS]    Версия: 6.5.0.9126
[2026-07-15 03:28:29] [SUCCESS]    База данных: TRBONET_6.5.0.9126
[2026-07-15 03:28:29] [INFO] ================================================================================
[2026-07-15 03:28:29] [INFO] ✅ Приложение закрыто
[2026-07-15 03:45:40] [INFO] ================================================================================
[2026-07-15 03:45:40] [INFO] ЗАПУСК АВТОМАТИЧЕСКОЙ НАСТРОЙКИ TRBOnet Server
[2026-07-15 03:45:40] [INFO] ================================================================================
[2026-07-15 03:45:40] [SUCCESS] ✅ Скрипт запущен с правами администратора
[2026-07-15 03:45:40] [INFO]   Версия: 6.5.0.9125
[2026-07-15 03:45:40] [INFO]   Имя БД: TRBONET_6.5.0.9125
[2026-07-15 03:45:40] [INFO]   Путь к серверу: C:\Program Files\Neocom Software\TRBOnet Enterprise\Server\TRBOnet.Server.exe
[2026-07-15 03:45:40] [INFO] 
📌 ШАГ 1: Запуск приложения
[2026-07-15 03:45:40] [INFO] ----------------------------------------
[2026-07-15 03:45:40] [INFO] Запуск приложения: C:\Program Files\Neocom Software\TRBOnet Enterprise\Server\TRBOnet.Server.exe
[2026-07-15 03:45:46] [SUCCESS] ✅ Приложение запущено
[2026-07-15 03:45:46] [INFO] Поиск окна: 'TRBOnet Enterprise 6.5 / Server'...
[2026-07-15 03:45:47] [SUCCESS] ✅ Окно найдено: 'TRBOnet Enterprise 6.5 / Server'
[2026-07-15 03:45:47] [INFO] 
📌 ШАГ 2: Переход на вкладку Database
[2026-07-15 03:45:47] [INFO] ----------------------------------------
[2026-07-15 03:45:47] [INFO] Переход на вкладку Database...
[2026-07-15 03:45:47] [SUCCESS]   ✅ Найдено дерево
[2026-07-15 03:45:47] [SUCCESS]   ✅ Найден элемент 'Database'
[2026-07-15 03:45:49] [SUCCESS]   ✅ Клик по 'Database' выполнен
[2026-07-15 03:45:49] [INFO] 
📌 ШАГ 3: Установка имени базы данных
[2026-07-15 03:45:49] [INFO] ----------------------------------------
[2026-07-15 03:45:49] [INFO] Поиск ComboBox по ключу: 'combo_database'
[2026-07-15 03:45:49] [INFO]   Устанавливаем значение: 'TRBONET_6.5.0.9125'
[2026-07-15 03:45:49] [INFO]   Поиск элемента по AutomationId: 'm_boxDatabase'
[2026-07-15 03:45:50] [SUCCESS]     ✅ Найден: 'TRBONET_6.5.0.9126'
[2026-07-15 03:45:55] [SUCCESS]   ✅ Значение 'TRBONET_6.5.0.9125' установлено
[2026-07-15 03:45:55] [INFO] 
📌 ШАГ 4: Клик по 'Create Database'
[2026-07-15 03:45:55] [INFO] ----------------------------------------
[2026-07-15 03:45:55] [INFO] Клик по ключу: 'btn_create_database'
[2026-07-15 03:45:55] [INFO]   Поиск элемента по AutomationId: 'm_btnCreate'
[2026-07-15 03:45:55] [SUCCESS]     ✅ Найден: 'Create Database'
[2026-07-15 03:45:57] [SUCCESS]   ✅ Клик выполнен
[2026-07-15 03:45:57] [INFO] 
📌 ШАГ 5: Ожидание и закрытие диалога создания БД
[2026-07-15 03:45:57] [INFO] ----------------------------------------
[2026-07-15 03:45:57] [INFO] Ожидание диалога создания БД 'TRBONET_6.5.0.9125'...
[2026-07-15 03:45:57] [INFO]   Ожидание текста в диалоге: 'has been created'...
[2026-07-15 03:45:57] [SUCCESS]   ✅ Текст найден в диалоге
[2026-07-15 03:45:57] [INFO]   Поиск кнопки 'OK' в диалоге...
[2026-07-15 03:45:59] [SUCCESS]   ✅ Кнопка 'OK' нажата
[2026-07-15 03:45:59] [SUCCESS]   ✅ Диалог закрыт
[2026-07-15 03:45:59] [INFO] 
📌 ШАГ 6: Переход на вкладку Service
[2026-07-15 03:45:59] [INFO] ----------------------------------------
[2026-07-15 03:45:59] [INFO] Переход на вкладку Service...
[2026-07-15 03:46:01] [SUCCESS]   ✅ Переход на Service выполнен
[2026-07-15 03:46:01] [INFO] 
📌 ШАГ 7: Клик по 'Install Service'
[2026-07-15 03:46:01] [INFO] ----------------------------------------
[2026-07-15 03:46:01] [INFO] Клик по ключу: 'btn_install_service'
[2026-07-15 03:46:01] [INFO]   Поиск элемента по AutomationId: 'm_btnInstall'
[2026-07-15 03:46:02] [SUCCESS]     ✅ Найден: 'Install Service'
[2026-07-15 03:46:03] [SUCCESS]   ✅ Клик выполнен
[2026-07-15 03:46:03] [INFO] 
📌 ШАГ 8: Клик по 'Start service'
[2026-07-15 03:46:03] [INFO] ----------------------------------------
[2026-07-15 03:46:03] [INFO] Клик по 'Start service'...
[2026-07-15 03:46:03] [INFO] Клик по ключу: 'btn_start_service'
[2026-07-15 03:46:03] [INFO]   Поиск элемента по AutomationId: 'm_btnAction'
[2026-07-15 03:46:03] [SUCCESS]     ✅ Найден: 'Start service'
[2026-07-15 03:46:05] [SUCCESS]   ✅ Клик выполнен
[2026-07-15 03:46:05] [INFO] 
📌 ШАГ 9: Ожидание 'Service started'
[2026-07-15 03:46:05] [INFO] ----------------------------------------
[2026-07-15 03:46:05] [INFO]   Ожидание текста: 'Service started'...
[2026-07-15 03:46:05] [SUCCESS]   ✅ Текст найден: 'Service started'
[2026-07-15 03:46:05] [INFO] 
📌 ШАГ 10: Клик по кнопке OK
[2026-07-15 03:46:05] [INFO] ----------------------------------------
[2026-07-15 03:46:05] [INFO] Клик по ключу: 'btn_ok'
[2026-07-15 03:46:05] [INFO]   Поиск элемента по AutomationId: 'm_btnOk'
[2026-07-15 03:46:06] [SUCCESS]     ✅ Найден: 'OK'
[2026-07-15 03:46:07] [SUCCESS]   ✅ Клик выполнен
[2026-07-15 03:46:07] [INFO] 
📌 ШАГ 11: Обработка диалога перезапуска
[2026-07-15 03:46:07] [INFO] ----------------------------------------
[2026-07-15 03:46:07] [INFO] Ожидание диалога перезапуска сервера...
[2026-07-15 03:46:07] [INFO]   Ожидание текста в диалоге: 'Do you want to restart the server?'...
[2026-07-15 03:46:07] [SUCCESS]   ✅ Текст найден в диалоге
[2026-07-15 03:46:07] [INFO]   Поиск кнопки 'Yes' в диалоге...
[2026-07-15 03:46:08] [SUCCESS]   ✅ Кнопка 'Yes' нажата
[2026-07-15 03:46:08] [SUCCESS]   ✅ Диалог обработан
[2026-07-15 03:46:08] [INFO] 
================================================================================
[2026-07-15 03:46:08] [SUCCESS] ✅ НАСТРОЙКА TRBOnet Server ВЫПОЛНЕНА УСПЕШНО!
[2026-07-15 03:46:08] [SUCCESS]    Версия: 6.5.0.9125
[2026-07-15 03:46:08] [SUCCESS]    База данных: TRBONET_6.5.0.9125
[2026-07-15 03:46:08] [INFO] ================================================================================
[2026-07-15 03:46:08] [INFO] ✅ Приложение закрыто
[2026-07-15 04:08:10] [INFO] ================================================================================
[2026-07-15 04:08:10] [INFO] ЗАПУСК АВТОМАТИЧЕСКОЙ НАСТРОЙКИ TRBOnet Server
[2026-07-15 04:08:10] [INFO] ================================================================================
[2026-07-15 04:08:10] [SUCCESS] ✅ Скрипт запущен с правами администратора
[2026-07-15 04:08:10] [INFO]   Версия: 6.5.0.9124
[2026-07-15 04:08:10] [INFO]   Имя БД: TRBONET_6.5.0.9124
[2026-07-15 04:08:10] [INFO]   Путь к серверу: C:\Program Files\Neocom Software\TRBOnet Enterprise\Server\TRBOnet.Server.exe
[2026-07-15 04:08:10] [INFO] 
📌 ШАГ 1: Запуск приложения
[2026-07-15 04:08:10] [INFO] ----------------------------------------
[2026-07-15 04:08:10] [INFO] Запуск приложения: C:\Program Files\Neocom Software\TRBOnet Enterprise\Server\TRBOnet.Server.exe
[2026-07-15 04:08:16] [SUCCESS] ✅ Приложение запущено
[2026-07-15 04:08:16] [INFO] Поиск окна: 'TRBOnet Enterprise 6.5 / Server'...
[2026-07-15 04:08:16] [SUCCESS] ✅ Окно найдено: 'TRBOnet Enterprise 6.5 / Server'
[2026-07-15 04:08:16] [INFO] 
📌 ШАГ 2: Переход на вкладку Database
[2026-07-15 04:08:16] [INFO] ----------------------------------------
[2026-07-15 04:08:16] [INFO] Переход на вкладку Database...
[2026-07-15 04:08:17] [SUCCESS]   ✅ Найдено дерево
[2026-07-15 04:08:17] [SUCCESS]   ✅ Найден элемент 'Database'
[2026-07-15 04:08:19] [SUCCESS]   ✅ Клик по 'Database' выполнен
[2026-07-15 04:08:19] [INFO] 
📌 ШАГ 3: Установка имени базы данных
[2026-07-15 04:08:19] [INFO] ----------------------------------------
[2026-07-15 04:08:19] [INFO] Поиск ComboBox по ключу: 'combo_database'
[2026-07-15 04:08:19] [INFO]   Устанавливаем значение: 'TRBONET_6.5.0.9124'
[2026-07-15 04:08:19] [INFO]   Поиск элемента по AutomationId: 'm_boxDatabase'
[2026-07-15 04:08:19] [SUCCESS]     ✅ Найден: 'TRBONET_6.5.0.9125'
[2026-07-15 04:08:25] [SUCCESS]   ✅ Значение 'TRBONET_6.5.0.9124' установлено
[2026-07-15 04:08:25] [INFO] 
📌 ШАГ 4: Клик по 'Create Database'
[2026-07-15 04:08:25] [INFO] ----------------------------------------
[2026-07-15 04:08:25] [INFO] Клик по ключу: 'btn_create_database'
[2026-07-15 04:08:25] [INFO]   Поиск элемента по AutomationId: 'm_btnCreate'
[2026-07-15 04:08:25] [SUCCESS]     ✅ Найден: 'Create Database'
[2026-07-15 04:08:26] [SUCCESS]   ✅ Клик выполнен
[2026-07-15 04:08:26] [INFO] 
📌 ШАГ 5: Ожидание и закрытие диалога создания БД
[2026-07-15 04:08:26] [INFO] ----------------------------------------
[2026-07-15 04:08:26] [INFO] Ожидание диалога создания БД 'TRBONET_6.5.0.9124'...
[2026-07-15 04:08:26] [INFO]   Ожидание текста в диалоге: 'has been created'...
[2026-07-15 04:08:27] [SUCCESS]   ✅ Текст найден в диалоге
[2026-07-15 04:08:27] [INFO]   Поиск кнопки 'OK' в диалоге...
[2026-07-15 04:08:29] [SUCCESS]   ✅ Кнопка 'OK' нажата
[2026-07-15 04:08:29] [SUCCESS]   ✅ Диалог закрыт
[2026-07-15 04:08:29] [INFO] 
📌 ШАГ 6: Переход на вкладку Service
[2026-07-15 04:08:29] [INFO] ----------------------------------------
[2026-07-15 04:08:29] [INFO] Переход на вкладку Service...
[2026-07-15 04:08:31] [SUCCESS]   ✅ Переход на Service выполнен
[2026-07-15 04:08:31] [INFO] 
📌 ШАГ 7: Клик по 'Install Service'
[2026-07-15 04:08:31] [INFO] ----------------------------------------
[2026-07-15 04:08:31] [INFO] Клик по ключу: 'btn_install_service'
[2026-07-15 04:08:31] [INFO]   Поиск элемента по AutomationId: 'm_btnInstall'
[2026-07-15 04:08:32] [SUCCESS]     ✅ Найден: 'Install Service'
[2026-07-15 04:08:33] [SUCCESS]   ✅ Клик выполнен
[2026-07-15 04:08:33] [INFO] 
📌 ШАГ 8: Клик по 'Start service'
[2026-07-15 04:08:33] [INFO] ----------------------------------------
[2026-07-15 04:08:33] [INFO] Клик по 'Start service'...
[2026-07-15 04:08:33] [INFO] Клик по ключу: 'btn_start_service'
[2026-07-15 04:08:33] [INFO]   Поиск элемента по AutomationId: 'm_btnAction'
[2026-07-15 04:08:33] [SUCCESS]     ✅ Найден: 'Start service'
[2026-07-15 04:08:34] [SUCCESS]   ✅ Клик выполнен
[2026-07-15 04:08:34] [INFO] 
📌 ШАГ 9: Ожидание 'Service started'
[2026-07-15 04:08:34] [INFO] ----------------------------------------
[2026-07-15 04:08:34] [INFO]   Ожидание текста: 'Service started'...
[2026-07-15 04:08:35] [SUCCESS]   ✅ Текст найден: 'Service started'
[2026-07-15 04:08:35] [INFO] 
📌 ШАГ 10: Клик по кнопке OK
[2026-07-15 04:08:35] [INFO] ----------------------------------------
[2026-07-15 04:08:35] [INFO] Клик по ключу: 'btn_ok'
[2026-07-15 04:08:35] [INFO]   Поиск элемента по AutomationId: 'm_btnOk'
[2026-07-15 04:08:35] [SUCCESS]     ✅ Найден: 'OK'
[2026-07-15 04:08:37] [SUCCESS]   ✅ Клик выполнен
[2026-07-15 04:08:37] [INFO] 
📌 ШАГ 11: Обработка диалога перезапуска
[2026-07-15 04:08:37] [INFO] ----------------------------------------
[2026-07-15 04:08:37] [INFO] Ожидание диалога перезапуска сервера...
[2026-07-15 04:08:37] [INFO]   Ожидание текста в диалоге: 'Do you want to restart the server?'...
[2026-07-15 04:08:37] [SUCCESS]   ✅ Текст найден в диалоге
[2026-07-15 04:08:37] [INFO]   Поиск кнопки 'Yes' в диалоге...
[2026-07-15 04:08:38] [SUCCESS]   ✅ Кнопка 'Yes' нажата
[2026-07-15 04:08:38] [SUCCESS]   ✅ Диалог обработан
[2026-07-15 04:08:38] [INFO] 
================================================================================
[2026-07-15 04:08:38] [SUCCESS] ✅ НАСТРОЙКА TRBOnet Server ВЫПОЛНЕНА УСПЕШНО!
[2026-07-15 04:08:38] [SUCCESS]    Версия: 6.5.0.9124
[2026-07-15 04:08:38] [SUCCESS]    База данных: TRBONET_6.5.0.9124
[2026-07-15 04:08:38] [INFO] ================================================================================
[2026-07-15 04:08:38] [INFO] ✅ Приложение закрыто
[2026-07-15 05:35:44] [INFO] ================================================================================
[2026-07-15 05:35:44] [INFO] ЗАПУСК АВТОМАТИЧЕСКОЙ НАСТРОЙКИ TRBOnet Server
[2026-07-15 05:35:44] [INFO] ================================================================================
[2026-07-15 05:35:44] [SUCCESS] ✅ Скрипт запущен с правами администратора
[2026-07-15 05:35:44] [INFO]   Версия: 6.5.0.9123
[2026-07-15 05:35:44] [INFO]   Имя БД: TRBONET_6.5.0.9123
[2026-07-15 05:35:44] [INFO]   Путь к серверу: C:\Program Files\Neocom Software\TRBOnet Enterprise\Server\TRBOnet.Server.exe
[2026-07-15 05:35:44] [INFO] 
📌 ШАГ 1: Запуск приложения
[2026-07-15 05:35:44] [INFO] ----------------------------------------
[2026-07-15 05:35:44] [INFO] Запуск приложения: C:\Program Files\Neocom Software\TRBOnet Enterprise\Server\TRBOnet.Server.exe
[2026-07-15 05:35:50] [SUCCESS] ✅ Приложение запущено
[2026-07-15 05:35:50] [INFO] Поиск окна: 'TRBOnet Enterprise 6.5 / Server'...
[2026-07-15 05:35:50] [SUCCESS] ✅ Окно найдено: 'TRBOnet Enterprise 6.5 / Server'
[2026-07-15 05:35:50] [INFO] 
📌 ШАГ 2: Переход на вкладку Database
[2026-07-15 05:35:50] [INFO] ----------------------------------------
[2026-07-15 05:35:50] [INFO] Переход на вкладку Database...
[2026-07-15 05:35:51] [SUCCESS]   ✅ Найдено дерево
[2026-07-15 05:35:51] [SUCCESS]   ✅ Найден элемент 'Database'
[2026-07-15 05:35:53] [SUCCESS]   ✅ Клик по 'Database' выполнен
[2026-07-15 05:35:53] [INFO] 
📌 ШАГ 3: Установка имени базы данных
[2026-07-15 05:35:53] [INFO] ----------------------------------------
[2026-07-15 05:35:53] [INFO] Поиск ComboBox по ключу: 'combo_database'
[2026-07-15 05:35:53] [INFO]   Устанавливаем значение: 'TRBONET_6.5.0.9123'
[2026-07-15 05:35:53] [INFO]   Поиск элемента по AutomationId: 'm_boxDatabase'
[2026-07-15 05:35:53] [SUCCESS]     ✅ Найден: 'TRBONET_6.5.0.9124'
[2026-07-15 05:35:59] [SUCCESS]   ✅ Значение 'TRBONET_6.5.0.9123' установлено
[2026-07-15 05:35:59] [INFO] 
📌 ШАГ 4: Клик по 'Create Database'
[2026-07-15 05:35:59] [INFO] ----------------------------------------
[2026-07-15 05:35:59] [INFO] Клик по ключу: 'btn_create_database'
[2026-07-15 05:35:59] [INFO]   Поиск элемента по AutomationId: 'm_btnCreate'
[2026-07-15 05:35:59] [SUCCESS]     ✅ Найден: 'Create Database'
[2026-07-15 05:36:00] [SUCCESS]   ✅ Клик выполнен
[2026-07-15 05:36:00] [INFO] 
📌 ШАГ 5: Ожидание и закрытие диалога создания БД
[2026-07-15 05:36:00] [INFO] ----------------------------------------
[2026-07-15 05:36:00] [INFO] Ожидание диалога создания БД 'TRBONET_6.5.0.9123'...
[2026-07-15 05:36:00] [INFO]   Ожидание текста в диалоге: 'has been created'...
[2026-07-15 05:36:01] [SUCCESS]   ✅ Текст найден в диалоге
[2026-07-15 05:36:01] [INFO]   Поиск кнопки 'OK' в диалоге...
[2026-07-15 05:36:02] [SUCCESS]   ✅ Кнопка 'OK' нажата
[2026-07-15 05:36:02] [SUCCESS]   ✅ Диалог закрыт
[2026-07-15 05:36:02] [INFO] 
📌 ШАГ 6: Переход на вкладку Service
[2026-07-15 05:36:02] [INFO] ----------------------------------------
[2026-07-15 05:36:02] [INFO] Переход на вкладку Service...
[2026-07-15 05:36:05] [SUCCESS]   ✅ Переход на Service выполнен
[2026-07-15 05:36:05] [INFO] 
📌 ШАГ 7: Клик по 'Install Service'
[2026-07-15 05:36:05] [INFO] ----------------------------------------
[2026-07-15 05:36:05] [INFO] Клик по ключу: 'btn_install_service'
[2026-07-15 05:36:05] [INFO]   Поиск элемента по AutomationId: 'm_btnInstall'
[2026-07-15 05:36:06] [SUCCESS]     ✅ Найден: 'Install Service'
[2026-07-15 05:36:07] [SUCCESS]   ✅ Клик выполнен
[2026-07-15 05:36:07] [INFO] 
📌 ШАГ 8: Клик по 'Start service'
[2026-07-15 05:36:07] [INFO] ----------------------------------------
[2026-07-15 05:36:07] [INFO] Клик по 'Start service'...
[2026-07-15 05:36:07] [INFO] Клик по ключу: 'btn_start_service'
[2026-07-15 05:36:07] [INFO]   Поиск элемента по AutomationId: 'm_btnAction'
[2026-07-15 05:36:07] [SUCCESS]     ✅ Найден: 'Start service'
[2026-07-15 05:36:08] [SUCCESS]   ✅ Клик выполнен
[2026-07-15 05:36:08] [INFO] 
📌 ШАГ 9: Ожидание 'Service started'
[2026-07-15 05:36:08] [INFO] ----------------------------------------
[2026-07-15 05:36:08] [INFO]   Ожидание текста: 'Service started'...
[2026-07-15 05:36:09] [SUCCESS]   ✅ Текст найден: 'Service started'
[2026-07-15 05:36:09] [INFO] 
📌 ШАГ 10: Клик по кнопке OK
[2026-07-15 05:36:09] [INFO] ----------------------------------------
[2026-07-15 05:36:09] [INFO] Клик по ключу: 'btn_ok'
[2026-07-15 05:36:09] [INFO]   Поиск элемента по AutomationId: 'm_btnOk'
[2026-07-15 05:36:09] [SUCCESS]     ✅ Найден: 'OK'
[2026-07-15 05:36:10] [SUCCESS]   ✅ Клик выполнен
[2026-07-15 05:36:10] [INFO] 
📌 ШАГ 11: Обработка диалога перезапуска
[2026-07-15 05:36:10] [INFO] ----------------------------------------
[2026-07-15 05:36:10] [INFO] Ожидание диалога перезапуска сервера...
[2026-07-15 05:36:10] [INFO]   Ожидание текста в диалоге: 'Do you want to restart the server?'...
[2026-07-15 05:36:11] [SUCCESS]   ✅ Текст найден в диалоге
[2026-07-15 05:36:11] [INFO]   Поиск кнопки 'Yes' в диалоге...
[2026-07-15 05:36:12] [SUCCESS]   ✅ Кнопка 'Yes' нажата
[2026-07-15 05:36:12] [SUCCESS]   ✅ Диалог обработан
[2026-07-15 05:36:12] [INFO] 
================================================================================
[2026-07-15 05:36:12] [SUCCESS] ✅ НАСТРОЙКА TRBOnet Server ВЫПОЛНЕНА УСПЕШНО!
[2026-07-15 05:36:12] [SUCCESS]    Версия: 6.5.0.9123
[2026-07-15 05:36:12] [SUCCESS]    База данных: TRBONET_6.5.0.9123
[2026-07-15 05:36:12] [INFO] ================================================================================
[2026-07-15 05:36:12] [INFO] ✅ Приложение закрыто
[2026-07-15 05:54:42] [INFO] ================================================================================
[2026-07-15 05:54:42] [INFO] ЗАПУСК АВТОМАТИЧЕСКОЙ НАСТРОЙКИ TRBOnet Server
[2026-07-15 05:54:42] [INFO] ================================================================================
[2026-07-15 05:54:42] [SUCCESS] ✅ Скрипт запущен с правами администратора
[2026-07-15 05:54:42] [INFO]   Версия: 6.5.0.9122
[2026-07-15 05:54:42] [INFO]   Имя БД: TRBONET_6.5.0.9122
[2026-07-15 05:54:42] [INFO]   Путь к серверу: C:\Program Files\Neocom Software\TRBOnet Enterprise\Server\TRBOnet.Server.exe
[2026-07-15 05:54:42] [INFO] 
📌 ШАГ 1: Запуск приложения
[2026-07-15 05:54:42] [INFO] ----------------------------------------
[2026-07-15 05:54:42] [INFO] Запуск приложения: C:\Program Files\Neocom Software\TRBOnet Enterprise\Server\TRBOnet.Server.exe
[2026-07-15 05:54:49] [SUCCESS] ✅ Приложение запущено
[2026-07-15 05:54:49] [INFO] Поиск окна: 'TRBOnet Enterprise 6.5 / Server'...
[2026-07-15 05:54:49] [SUCCESS] ✅ Окно найдено: 'TRBOnet Enterprise 6.5 / Server'
[2026-07-15 05:54:49] [INFO] 
📌 ШАГ 2: Переход на вкладку Database
[2026-07-15 05:54:49] [INFO] ----------------------------------------
[2026-07-15 05:54:49] [INFO] Переход на вкладку Database...
[2026-07-15 05:54:49] [SUCCESS]   ✅ Найдено дерево
[2026-07-15 05:54:49] [SUCCESS]   ✅ Найден элемент 'Database'
[2026-07-15 05:54:51] [SUCCESS]   ✅ Клик по 'Database' выполнен
[2026-07-15 05:54:51] [INFO] 
📌 ШАГ 3: Установка имени базы данных
[2026-07-15 05:54:51] [INFO] ----------------------------------------
[2026-07-15 05:54:51] [INFO] Поиск ComboBox по ключу: 'combo_database'
[2026-07-15 05:54:51] [INFO]   Устанавливаем значение: 'TRBONET_6.5.0.9122'
[2026-07-15 05:54:51] [INFO]   Поиск элемента по AutomationId: 'm_boxDatabase'
[2026-07-15 05:54:52] [SUCCESS]     ✅ Найден: 'TRBONET_6.5.0.9123'
[2026-07-15 05:54:57] [SUCCESS]   ✅ Значение 'TRBONET_6.5.0.9122' установлено
[2026-07-15 05:54:57] [INFO] 
📌 ШАГ 4: Клик по 'Create Database'
[2026-07-15 05:54:57] [INFO] ----------------------------------------
[2026-07-15 05:54:57] [INFO] Клик по ключу: 'btn_create_database'
[2026-07-15 05:54:57] [INFO]   Поиск элемента по AutomationId: 'm_btnCreate'
[2026-07-15 05:54:58] [SUCCESS]     ✅ Найден: 'Create Database'
[2026-07-15 05:54:59] [SUCCESS]   ✅ Клик выполнен
[2026-07-15 05:54:59] [INFO] 
📌 ШАГ 5: Ожидание и закрытие диалога создания БД
[2026-07-15 05:54:59] [INFO] ----------------------------------------
[2026-07-15 05:54:59] [INFO] Ожидание диалога создания БД 'TRBONET_6.5.0.9122'...
[2026-07-15 05:54:59] [INFO]   Ожидание текста в диалоге: 'has been created'...
[2026-07-15 05:54:59] [SUCCESS]   ✅ Текст найден в диалоге
[2026-07-15 05:54:59] [INFO]   Поиск кнопки 'OK' в диалоге...
[2026-07-15 05:55:01] [SUCCESS]   ✅ Кнопка 'OK' нажата
[2026-07-15 05:55:01] [SUCCESS]   ✅ Диалог закрыт
[2026-07-15 05:55:01] [INFO] 
📌 ШАГ 6: Переход на вкладку Service
[2026-07-15 05:55:01] [INFO] ----------------------------------------
[2026-07-15 05:55:01] [INFO] Переход на вкладку Service...
[2026-07-15 05:55:03] [SUCCESS]   ✅ Переход на Service выполнен
[2026-07-15 05:55:03] [INFO] 
📌 ШАГ 7: Клик по 'Install Service'
[2026-07-15 05:55:03] [INFO] ----------------------------------------
[2026-07-15 05:55:03] [INFO] Клик по ключу: 'btn_install_service'
[2026-07-15 05:55:03] [INFO]   Поиск элемента по AutomationId: 'm_btnInstall'
[2026-07-15 05:55:04] [SUCCESS]     ✅ Найден: 'Install Service'
[2026-07-15 05:55:05] [SUCCESS]   ✅ Клик выполнен
[2026-07-15 05:55:05] [INFO] 
📌 ШАГ 8: Клик по 'Start service'
[2026-07-15 05:55:05] [INFO] ----------------------------------------
[2026-07-15 05:55:05] [INFO] Клик по 'Start service'...
[2026-07-15 05:55:05] [INFO] Клик по ключу: 'btn_start_service'
[2026-07-15 05:55:05] [INFO]   Поиск элемента по AutomationId: 'm_btnAction'
[2026-07-15 05:55:06] [SUCCESS]     ✅ Найден: 'Start service'
[2026-07-15 05:55:07] [SUCCESS]   ✅ Клик выполнен
[2026-07-15 05:55:07] [INFO] 
📌 ШАГ 9: Ожидание 'Service started'
[2026-07-15 05:55:07] [INFO] ----------------------------------------
[2026-07-15 05:55:07] [INFO]   Ожидание текста: 'Service started'...
[2026-07-15 05:55:07] [SUCCESS]   ✅ Текст найден: 'Service started'
[2026-07-15 05:55:07] [INFO] 
📌 ШАГ 10: Клик по кнопке OK
[2026-07-15 05:55:07] [INFO] ----------------------------------------
[2026-07-15 05:55:07] [INFO] Клик по ключу: 'btn_ok'
[2026-07-15 05:55:07] [INFO]   Поиск элемента по AutomationId: 'm_btnOk'
[2026-07-15 05:55:08] [SUCCESS]     ✅ Найден: 'OK'
[2026-07-15 05:55:09] [SUCCESS]   ✅ Клик выполнен
[2026-07-15 05:55:09] [INFO] 
📌 ШАГ 11: Обработка диалога перезапуска
[2026-07-15 05:55:09] [INFO] ----------------------------------------
[2026-07-15 05:55:09] [INFO] Ожидание диалога перезапуска сервера...
[2026-07-15 05:55:09] [INFO]   Ожидание текста в диалоге: 'Do you want to restart the server?'...
[2026-07-15 05:55:09] [SUCCESS]   ✅ Текст найден в диалоге
[2026-07-15 05:55:09] [INFO]   Поиск кнопки 'Yes' в диалоге...
[2026-07-15 05:55:10] [SUCCESS]   ✅ Кнопка 'Yes' нажата
[2026-07-15 05:55:10] [SUCCESS]   ✅ Диалог обработан
[2026-07-15 05:55:10] [INFO] 
================================================================================
[2026-07-15 05:55:10] [SUCCESS] ✅ НАСТРОЙКА TRBOnet Server ВЫПОЛНЕНА УСПЕШНО!
[2026-07-15 05:55:10] [SUCCESS]    Версия: 6.5.0.9122
[2026-07-15 05:55:10] [SUCCESS]    База данных: TRBONET_6.5.0.9122
[2026-07-15 05:55:10] [INFO] ================================================================================
[2026-07-15 05:55:10] [INFO] ✅ Приложение закрыто
[2026-07-15 06:13:53] [INFO] ================================================================================
[2026-07-15 06:13:53] [INFO] ЗАПУСК АВТОМАТИЧЕСКОЙ НАСТРОЙКИ TRBOnet Server
[2026-07-15 06:13:53] [INFO] ================================================================================
[2026-07-15 06:13:53] [SUCCESS] ✅ Скрипт запущен с правами администратора
[2026-07-15 06:13:53] [INFO]   Версия: 6.5.0.9121
[2026-07-15 06:13:53] [INFO]   Имя БД: TRBONET_6.5.0.9121
[2026-07-15 06:13:53] [INFO]   Путь к серверу: C:\Program Files\Neocom Software\TRBOnet Enterprise\Server\TRBOnet.Server.exe
[2026-07-15 06:13:53] [INFO] 
📌 ШАГ 1: Запуск приложения
[2026-07-15 06:13:53] [INFO] ----------------------------------------
[2026-07-15 06:13:53] [INFO] Запуск приложения: C:\Program Files\Neocom Software\TRBOnet Enterprise\Server\TRBOnet.Server.exe
[2026-07-15 06:14:00] [SUCCESS] ✅ Приложение запущено
[2026-07-15 06:14:00] [INFO] Поиск окна: 'TRBOnet Enterprise 6.5 / Server'...
[2026-07-15 06:14:00] [SUCCESS] ✅ Окно найдено: 'TRBOnet Enterprise 6.5 / Server'
[2026-07-15 06:14:00] [INFO] 
📌 ШАГ 2: Переход на вкладку Database
[2026-07-15 06:14:00] [INFO] ----------------------------------------
[2026-07-15 06:14:00] [INFO] Переход на вкладку Database...
[2026-07-15 06:14:00] [SUCCESS]   ✅ Найдено дерево
[2026-07-15 06:14:00] [SUCCESS]   ✅ Найден элемент 'Database'
[2026-07-15 06:14:03] [SUCCESS]   ✅ Клик по 'Database' выполнен
[2026-07-15 06:14:03] [INFO] 
📌 ШАГ 3: Установка имени базы данных
[2026-07-15 06:14:03] [INFO] ----------------------------------------
[2026-07-15 06:14:03] [INFO] Поиск ComboBox по ключу: 'combo_database'
[2026-07-15 06:14:03] [INFO]   Устанавливаем значение: 'TRBONET_6.5.0.9121'
[2026-07-15 06:14:03] [INFO]   Поиск элемента по AutomationId: 'm_boxDatabase'
[2026-07-15 06:14:03] [SUCCESS]     ✅ Найден: 'TRBONET_6.5.0.9122'
[2026-07-15 06:14:09] [SUCCESS]   ✅ Значение 'TRBONET_6.5.0.9121' установлено
[2026-07-15 06:14:09] [INFO] 
📌 ШАГ 4: Клик по 'Create Database'
[2026-07-15 06:14:09] [INFO] ----------------------------------------
[2026-07-15 06:14:09] [INFO] Клик по ключу: 'btn_create_database'
[2026-07-15 06:14:09] [INFO]   Поиск элемента по AutomationId: 'm_btnCreate'
[2026-07-15 06:14:09] [SUCCESS]     ✅ Найден: 'Create Database'
[2026-07-15 06:14:10] [SUCCESS]   ✅ Клик выполнен
[2026-07-15 06:14:10] [INFO] 
📌 ШАГ 5: Ожидание и закрытие диалога создания БД
[2026-07-15 06:14:10] [INFO] ----------------------------------------
[2026-07-15 06:14:10] [INFO] Ожидание диалога создания БД 'TRBONET_6.5.0.9121'...
[2026-07-15 06:14:10] [INFO]   Ожидание текста в диалоге: 'has been created'...
[2026-07-15 06:14:11] [SUCCESS]   ✅ Текст найден в диалоге
[2026-07-15 06:14:11] [INFO]   Поиск кнопки 'OK' в диалоге...
[2026-07-15 06:14:12] [SUCCESS]   ✅ Кнопка 'OK' нажата
[2026-07-15 06:14:12] [SUCCESS]   ✅ Диалог закрыт
[2026-07-15 06:14:12] [INFO] 
📌 ШАГ 6: Переход на вкладку Service
[2026-07-15 06:14:12] [INFO] ----------------------------------------
[2026-07-15 06:14:12] [INFO] Переход на вкладку Service...
[2026-07-15 06:14:15] [SUCCESS]   ✅ Переход на Service выполнен
[2026-07-15 06:14:15] [INFO] 
📌 ШАГ 7: Клик по 'Install Service'
[2026-07-15 06:14:15] [INFO] ----------------------------------------
[2026-07-15 06:14:15] [INFO] Клик по ключу: 'btn_install_service'
[2026-07-15 06:14:15] [INFO]   Поиск элемента по AutomationId: 'm_btnInstall'
[2026-07-15 06:14:15] [SUCCESS]     ✅ Найден: 'Install Service'
[2026-07-15 06:14:17] [SUCCESS]   ✅ Клик выполнен
[2026-07-15 06:14:17] [INFO] 
📌 ШАГ 8: Клик по 'Start service'
[2026-07-15 06:14:17] [INFO] ----------------------------------------
[2026-07-15 06:14:17] [INFO] Клик по 'Start service'...
[2026-07-15 06:14:17] [INFO] Клик по ключу: 'btn_start_service'
[2026-07-15 06:14:17] [INFO]   Поиск элемента по AutomationId: 'm_btnAction'
[2026-07-15 06:14:17] [SUCCESS]     ✅ Найден: 'Start service'
[2026-07-15 06:14:18] [SUCCESS]   ✅ Клик выполнен
[2026-07-15 06:14:18] [INFO] 
📌 ШАГ 9: Ожидание 'Service started'
[2026-07-15 06:14:18] [INFO] ----------------------------------------
[2026-07-15 06:14:18] [INFO]   Ожидание текста: 'Service started'...
[2026-07-15 06:14:19] [SUCCESS]   ✅ Текст найден: 'Service started'
[2026-07-15 06:14:19] [INFO] 
📌 ШАГ 10: Клик по кнопке OK
[2026-07-15 06:14:19] [INFO] ----------------------------------------
[2026-07-15 06:14:19] [INFO] Клик по ключу: 'btn_ok'
[2026-07-15 06:14:19] [INFO]   Поиск элемента по AutomationId: 'm_btnOk'
[2026-07-15 06:14:19] [SUCCESS]     ✅ Найден: 'OK'
[2026-07-15 06:14:20] [SUCCESS]   ✅ Клик выполнен
[2026-07-15 06:14:20] [INFO] 
📌 ШАГ 11: Обработка диалога перезапуска
[2026-07-15 06:14:20] [INFO] ----------------------------------------
[2026-07-15 06:14:20] [INFO] Ожидание диалога перезапуска сервера...
[2026-07-15 06:14:20] [INFO]   Ожидание текста в диалоге: 'Do you want to restart the server?'...
[2026-07-15 06:14:20] [SUCCESS]   ✅ Текст найден в диалоге
[2026-07-15 06:14:20] [INFO]   Поиск кнопки 'Yes' в диалоге...
[2026-07-15 06:14:21] [SUCCESS]   ✅ Кнопка 'Yes' нажата
[2026-07-15 06:14:21] [SUCCESS]   ✅ Диалог обработан
[2026-07-15 06:14:21] [INFO] 
================================================================================
[2026-07-15 06:14:21] [SUCCESS] ✅ НАСТРОЙКА TRBOnet Server ВЫПОЛНЕНА УСПЕШНО!
[2026-07-15 06:14:21] [SUCCESS]    Версия: 6.5.0.9121
[2026-07-15 06:14:21] [SUCCESS]    База данных: TRBONET_6.5.0.9121
[2026-07-15 06:14:21] [INFO] ================================================================================
[2026-07-15 06:14:21] [INFO] ✅ Приложение закрыто
[2026-07-16 02:24:09] [INFO] ================================================================================
[2026-07-16 02:24:09] [INFO] ЗАПУСК АВТОМАТИЧЕСКОЙ НАСТРОЙКИ TRBOnet Server
[2026-07-16 02:24:09] [INFO] ================================================================================
[2026-07-16 02:24:09] [SUCCESS] ✅ Скрипт запущен с правами администратора
[2026-07-16 02:24:09] [INFO]   Версия: 6.5.0.9120
[2026-07-16 02:24:09] [INFO]   Имя БД: TRBONET_6.5.0.9120
[2026-07-16 02:24:09] [INFO]   Путь к серверу: C:\Program Files\Neocom Software\TRBOnet Enterprise\Server\TRBOnet.Server.exe
[2026-07-16 02:24:09] [INFO] 
📌 ШАГ 1: Запуск приложения
[2026-07-16 02:24:09] [INFO] ----------------------------------------
[2026-07-16 02:24:09] [INFO] Запуск приложения: C:\Program Files\Neocom Software\TRBOnet Enterprise\Server\TRBOnet.Server.exe
[2026-07-16 02:24:15] [SUCCESS] ✅ Приложение запущено
[2026-07-16 02:24:15] [INFO] Поиск окна: 'TRBOnet Enterprise 6.5 / Server'...
[2026-07-16 02:24:15] [SUCCESS] ✅ Окно найдено: 'TRBOnet Enterprise 6.5 / Server'
[2026-07-16 02:24:15] [INFO] 
📌 ШАГ 2: Переход на вкладку Database
[2026-07-16 02:24:15] [INFO] ----------------------------------------
[2026-07-16 02:24:15] [INFO] Переход на вкладку Database...
[2026-07-16 02:24:16] [SUCCESS]   ✅ Найдено дерево
[2026-07-16 02:24:16] [SUCCESS]   ✅ Найден элемент 'Database'
[2026-07-16 02:24:18] [SUCCESS]   ✅ Клик по 'Database' выполнен
[2026-07-16 02:24:18] [INFO] 
📌 ШАГ 3: Установка имени базы данных
[2026-07-16 02:24:18] [INFO] ----------------------------------------
[2026-07-16 02:24:18] [INFO] Поиск ComboBox по ключу: 'combo_database'
[2026-07-16 02:24:18] [INFO]   Устанавливаем значение: 'TRBONET_6.5.0.9120'
[2026-07-16 02:24:18] [INFO]   Поиск элемента по AutomationId: 'm_boxDatabase'
[2026-07-16 02:24:19] [SUCCESS]     ✅ Найден: 'TRBONET_6.5.0.9121'
[2026-07-16 02:24:24] [SUCCESS]   ✅ Значение 'TRBONET_6.5.0.9120' установлено
[2026-07-16 02:24:24] [INFO] 
📌 ШАГ 4: Клик по 'Create Database'
[2026-07-16 02:24:24] [INFO] ----------------------------------------
[2026-07-16 02:24:24] [INFO] Клик по ключу: 'btn_create_database'
[2026-07-16 02:24:24] [INFO]   Поиск элемента по AutomationId: 'm_btnCreate'
[2026-07-16 02:24:25] [SUCCESS]     ✅ Найден: 'Create Database'
[2026-07-16 02:24:26] [SUCCESS]   ✅ Клик выполнен
[2026-07-16 02:24:26] [INFO] 
📌 ШАГ 5: Ожидание и закрытие диалога создания БД
[2026-07-16 02:24:26] [INFO] ----------------------------------------
[2026-07-16 02:24:26] [INFO] Ожидание диалога создания БД 'TRBONET_6.5.0.9120'...
[2026-07-16 02:24:26] [INFO]   Ожидание текста в диалоге: 'has been created'...
[2026-07-16 02:24:26] [SUCCESS]   ✅ Текст найден в диалоге
[2026-07-16 02:24:26] [INFO]   Поиск кнопки 'OK' в диалоге...
[2026-07-16 02:24:28] [SUCCESS]   ✅ Кнопка 'OK' нажата
[2026-07-16 02:24:28] [SUCCESS]   ✅ Диалог закрыт
[2026-07-16 02:24:28] [INFO] 
📌 ШАГ 6: Переход на вкладку Service
[2026-07-16 02:24:28] [INFO] ----------------------------------------
[2026-07-16 02:24:28] [INFO] Переход на вкладку Service...
[2026-07-16 02:24:30] [SUCCESS]   ✅ Переход на Service выполнен
[2026-07-16 02:24:30] [INFO] 
📌 ШАГ 7: Клик по 'Install Service'
[2026-07-16 02:24:30] [INFO] ----------------------------------------
[2026-07-16 02:24:30] [INFO] Клик по ключу: 'btn_install_service'
[2026-07-16 02:24:30] [INFO]   Поиск элемента по AutomationId: 'm_btnInstall'
[2026-07-16 02:24:31] [SUCCESS]     ✅ Найден: 'Install Service'
[2026-07-16 02:24:32] [SUCCESS]   ✅ Клик выполнен
[2026-07-16 02:24:32] [INFO] 
📌 ШАГ 8: Клик по 'Start service'
[2026-07-16 02:24:32] [INFO] ----------------------------------------
[2026-07-16 02:24:32] [INFO] Клик по 'Start service'...
[2026-07-16 02:24:32] [INFO] Клик по ключу: 'btn_start_service'
[2026-07-16 02:24:32] [INFO]   Поиск элемента по AutomationId: 'm_btnAction'
[2026-07-16 02:24:33] [SUCCESS]     ✅ Найден: 'Start service'
[2026-07-16 02:24:34] [SUCCESS]   ✅ Клик выполнен
[2026-07-16 02:24:34] [INFO] 
📌 ШАГ 9: Ожидание 'Service started'
[2026-07-16 02:24:34] [INFO] ----------------------------------------
[2026-07-16 02:24:34] [INFO]   Ожидание текста: 'Service started'...
[2026-07-16 02:24:34] [SUCCESS]   ✅ Текст найден: 'Service started'
[2026-07-16 02:24:34] [INFO] 
📌 ШАГ 10: Клик по кнопке OK
[2026-07-16 02:24:34] [INFO] ----------------------------------------
[2026-07-16 02:24:34] [INFO] Клик по ключу: 'btn_ok'
[2026-07-16 02:24:34] [INFO]   Поиск элемента по AutomationId: 'm_btnOk'
[2026-07-16 02:24:35] [SUCCESS]     ✅ Найден: 'OK'
[2026-07-16 02:24:36] [SUCCESS]   ✅ Клик выполнен
[2026-07-16 02:24:36] [INFO] 
📌 ШАГ 11: Обработка диалога перезапуска
[2026-07-16 02:24:36] [INFO] ----------------------------------------
[2026-07-16 02:24:36] [INFO] Ожидание диалога перезапуска сервера...
[2026-07-16 02:24:36] [INFO]   Ожидание текста в диалоге: 'Do you want to restart the server?'...
[2026-07-16 02:24:36] [SUCCESS]   ✅ Текст найден в диалоге
[2026-07-16 02:24:36] [INFO]   Поиск кнопки 'Yes' в диалоге...
[2026-07-16 02:24:37] [SUCCESS]   ✅ Кнопка 'Yes' нажата
[2026-07-16 02:24:37] [SUCCESS]   ✅ Диалог обработан
[2026-07-16 02:24:37] [INFO] 
================================================================================
[2026-07-16 02:24:37] [SUCCESS] ✅ НАСТРОЙКА TRBOnet Server ВЫПОЛНЕНА УСПЕШНО!
[2026-07-16 02:24:37] [SUCCESS]    Версия: 6.5.0.9120
[2026-07-16 02:24:37] [SUCCESS]    База данных: TRBONET_6.5.0.9120
[2026-07-16 02:24:37] [INFO] ================================================================================
[2026-07-16 02:24:37] [INFO] ✅ Приложение закрыто
[2026-07-16 04:10:32] [INFO] ================================================================================
[2026-07-16 04:10:32] [INFO] ЗАПУСК АВТОМАТИЧЕСКОЙ НАСТРОЙКИ TRBOnet Server
[2026-07-16 04:10:32] [INFO] ================================================================================
[2026-07-16 04:10:32] [SUCCESS] ✅ Скрипт запущен с правами администратора
[2026-07-16 04:10:32] [INFO]   Версия: 6.5.0.9118
[2026-07-16 04:10:32] [INFO]   Имя БД: TRBONET_6.5.0.9118
[2026-07-16 04:10:32] [INFO]   Путь к серверу: C:\Program Files\Neocom Software\TRBOnet Enterprise\Server\TRBOnet.Server.exe
[2026-07-16 04:10:32] [INFO] 
📌 ШАГ 1: Запуск приложения
[2026-07-16 04:10:32] [INFO] ----------------------------------------
[2026-07-16 04:10:32] [INFO] Запуск приложения: C:\Program Files\Neocom Software\TRBOnet Enterprise\Server\TRBOnet.Server.exe
[2026-07-16 04:10:38] [SUCCESS] ✅ Приложение запущено
[2026-07-16 04:10:38] [INFO] Поиск окна: 'TRBOnet Enterprise 6.5 / Server'...
[2026-07-16 04:10:38] [SUCCESS] ✅ Окно найдено: 'TRBOnet Enterprise 6.5 / Server'
[2026-07-16 04:10:38] [INFO] 
📌 ШАГ 2: Переход на вкладку Database
[2026-07-16 04:10:38] [INFO] ----------------------------------------
[2026-07-16 04:10:38] [INFO] Переход на вкладку Database...
[2026-07-16 04:10:39] [SUCCESS]   ✅ Найдено дерево
[2026-07-16 04:10:39] [SUCCESS]   ✅ Найден элемент 'Database'
[2026-07-16 04:10:41] [SUCCESS]   ✅ Клик по 'Database' выполнен
[2026-07-16 04:10:41] [INFO] 
📌 ШАГ 3: Установка имени базы данных
[2026-07-16 04:10:41] [INFO] ----------------------------------------
[2026-07-16 04:10:41] [INFO] Поиск ComboBox по ключу: 'combo_database'
[2026-07-16 04:10:41] [INFO]   Устанавливаем значение: 'TRBONET_6.5.0.9118'
[2026-07-16 04:10:41] [INFO]   Поиск элемента по AutomationId: 'm_boxDatabase'
[2026-07-16 04:10:42] [SUCCESS]     ✅ Найден: 'TRBONET_6.5.0.9120'
[2026-07-16 04:10:47] [SUCCESS]   ✅ Значение 'TRBONET_6.5.0.9118' установлено
[2026-07-16 04:10:47] [INFO] 
📌 ШАГ 4: Клик по 'Create Database'
[2026-07-16 04:10:47] [INFO] ----------------------------------------
[2026-07-16 04:10:47] [INFO] Клик по ключу: 'btn_create_database'
[2026-07-16 04:10:47] [INFO]   Поиск элемента по AutomationId: 'm_btnCreate'
[2026-07-16 04:10:47] [SUCCESS]     ✅ Найден: 'Create Database'
[2026-07-16 04:10:49] [SUCCESS]   ✅ Клик выполнен
[2026-07-16 04:10:49] [INFO] 
📌 ШАГ 5: Ожидание и закрытие диалога создания БД
[2026-07-16 04:10:49] [INFO] ----------------------------------------
[2026-07-16 04:10:49] [INFO] Ожидание диалога создания БД 'TRBONET_6.5.0.9118'...
[2026-07-16 04:10:49] [INFO]   Ожидание текста в диалоге: 'has been created'...
[2026-07-16 04:10:49] [SUCCESS]   ✅ Текст найден в диалоге
[2026-07-16 04:10:49] [INFO]   Поиск кнопки 'OK' в диалоге...
[2026-07-16 04:10:51] [SUCCESS]   ✅ Кнопка 'OK' нажата
[2026-07-16 04:10:51] [SUCCESS]   ✅ Диалог закрыт
[2026-07-16 04:10:51] [INFO] 
📌 ШАГ 6: Переход на вкладку Service
[2026-07-16 04:10:51] [INFO] ----------------------------------------
[2026-07-16 04:10:51] [INFO] Переход на вкладку Service...
[2026-07-16 04:10:53] [SUCCESS]   ✅ Переход на Service выполнен
[2026-07-16 04:10:53] [INFO] 
📌 ШАГ 7: Клик по 'Install Service'
[2026-07-16 04:10:53] [INFO] ----------------------------------------
[2026-07-16 04:10:53] [INFO] Клик по ключу: 'btn_install_service'
[2026-07-16 04:10:53] [INFO]   Поиск элемента по AutomationId: 'm_btnInstall'
[2026-07-16 04:10:54] [SUCCESS]     ✅ Найден: 'Install Service'
[2026-07-16 04:10:55] [SUCCESS]   ✅ Клик выполнен
[2026-07-16 04:10:55] [INFO] 
📌 ШАГ 8: Клик по 'Start service'
[2026-07-16 04:10:55] [INFO] ----------------------------------------
[2026-07-16 04:10:55] [INFO] Клик по 'Start service'...
[2026-07-16 04:10:55] [INFO] Клик по ключу: 'btn_start_service'
[2026-07-16 04:10:55] [INFO]   Поиск элемента по AutomationId: 'm_btnAction'
[2026-07-16 04:10:55] [SUCCESS]     ✅ Найден: 'Start service'
[2026-07-16 04:10:57] [SUCCESS]   ✅ Клик выполнен
[2026-07-16 04:10:57] [INFO] 
📌 ШАГ 9: Ожидание 'Service started'
[2026-07-16 04:10:57] [INFO] ----------------------------------------
[2026-07-16 04:10:57] [INFO]   Ожидание текста: 'Service started'...
[2026-07-16 04:10:57] [SUCCESS]   ✅ Текст найден: 'Service started'
[2026-07-16 04:10:57] [INFO] 
📌 ШАГ 10: Клик по кнопке OK
[2026-07-16 04:10:57] [INFO] ----------------------------------------
[2026-07-16 04:10:57] [INFO] Клик по ключу: 'btn_ok'
[2026-07-16 04:10:57] [INFO]   Поиск элемента по AutomationId: 'm_btnOk'
[2026-07-16 04:10:58] [SUCCESS]     ✅ Найден: 'OK'
[2026-07-16 04:10:59] [SUCCESS]   ✅ Клик выполнен
[2026-07-16 04:10:59] [INFO] 
📌 ШАГ 11: Обработка диалога перезапуска
[2026-07-16 04:10:59] [INFO] ----------------------------------------
[2026-07-16 04:10:59] [INFO] Ожидание диалога перезапуска сервера...
[2026-07-16 04:10:59] [INFO]   Ожидание текста в диалоге: 'Do you want to restart the server?'...
[2026-07-16 04:10:59] [SUCCESS]   ✅ Текст найден в диалоге
[2026-07-16 04:10:59] [INFO]   Поиск кнопки 'Yes' в диалоге...
[2026-07-16 04:11:00] [SUCCESS]   ✅ Кнопка 'Yes' нажата
[2026-07-16 04:11:00] [SUCCESS]   ✅ Диалог обработан
[2026-07-16 04:11:00] [INFO] 
================================================================================
[2026-07-16 04:11:00] [SUCCESS] ✅ НАСТРОЙКА TRBOnet Server ВЫПОЛНЕНА УСПЕШНО!
[2026-07-16 04:11:00] [SUCCESS]    Версия: 6.5.0.9118
[2026-07-16 04:11:00] [SUCCESS]    База данных: TRBONET_6.5.0.9118
[2026-07-16 04:11:00] [INFO] ================================================================================
[2026-07-16 04:11:00] [INFO] ✅ Приложение закрыто
[2026-07-20 02:13:25] [INFO] ================================================================================
[2026-07-20 02:13:25] [INFO] ЗАПУСК АВТОМАТИЧЕСКОЙ НАСТРОЙКИ TRBOnet Server
[2026-07-20 02:13:25] [INFO] ================================================================================
[2026-07-20 02:13:25] [SUCCESS] ✅ Скрипт запущен с правами администратора
[2026-07-20 02:13:25] [INFO]   Версия: 6.5.0.9141
[2026-07-20 02:13:25] [INFO]   Имя БД: TRBONET_6.5.0.9141
[2026-07-20 02:13:25] [INFO]   Путь к серверу: C:\Program Files\Neocom Software\TRBOnet Enterprise\Server\TRBOnet.Server.exe
[2026-07-20 02:13:25] [INFO] 
📌 ШАГ 1: Запуск приложения
[2026-07-20 02:13:25] [INFO] ----------------------------------------
[2026-07-20 02:13:25] [INFO] Запуск приложения: C:\Program Files\Neocom Software\TRBOnet Enterprise\Server\TRBOnet.Server.exe
[2026-07-20 02:13:31] [SUCCESS] ✅ Приложение запущено
[2026-07-20 02:13:31] [INFO] Поиск окна: 'TRBOnet Enterprise 6.5 / Server'...
[2026-07-20 02:13:32] [SUCCESS] ✅ Окно найдено: 'TRBOnet Enterprise 6.5 / Server'
[2026-07-20 02:13:32] [INFO] 
📌 ШАГ 2: Переход на вкладку Database
[2026-07-20 02:13:32] [INFO] ----------------------------------------
[2026-07-20 02:13:32] [INFO] Переход на вкладку Database...
[2026-07-20 02:13:32] [SUCCESS]   ✅ Найдено дерево
[2026-07-20 02:13:32] [SUCCESS]   ✅ Найден элемент 'Database'
[2026-07-20 02:13:34] [SUCCESS]   ✅ Клик по 'Database' выполнен
[2026-07-20 02:13:34] [INFO] 
📌 ШАГ 3: Установка имени базы данных
[2026-07-20 02:13:34] [INFO] ----------------------------------------
[2026-07-20 02:13:34] [INFO] Поиск ComboBox по ключу: 'combo_database'
[2026-07-20 02:13:34] [INFO]   Устанавливаем значение: 'TRBONET_6.5.0.9141'
[2026-07-20 02:13:34] [INFO]   Поиск элемента по AutomationId: 'm_boxDatabase'
[2026-07-20 02:13:35] [SUCCESS]     ✅ Найден: 'TRBONET_6.5.0.9118'
[2026-07-20 02:13:40] [SUCCESS]   ✅ Значение 'TRBONET_6.5.0.9141' установлено
[2026-07-20 02:13:40] [INFO] 
📌 ШАГ 4: Клик по 'Create Database'
[2026-07-20 02:13:40] [INFO] ----------------------------------------
[2026-07-20 02:13:40] [INFO] Клик по ключу: 'btn_create_database'
[2026-07-20 02:13:40] [INFO]   Поиск элемента по AutomationId: 'm_btnCreate'
[2026-07-20 02:13:41] [SUCCESS]     ✅ Найден: 'Create Database'
[2026-07-20 02:13:42] [SUCCESS]   ✅ Клик выполнен
[2026-07-20 02:13:42] [INFO] 
📌 ШАГ 5: Ожидание и закрытие диалога создания БД
[2026-07-20 02:13:42] [INFO] ----------------------------------------
[2026-07-20 02:13:42] [INFO] Ожидание диалога создания БД 'TRBONET_6.5.0.9141'...
[2026-07-20 02:13:42] [INFO]   Ожидание текста в диалоге: 'has been created'...
[2026-07-20 02:13:43] [SUCCESS]   ✅ Текст найден в диалоге
[2026-07-20 02:13:43] [INFO]   Поиск кнопки 'OK' в диалоге...
[2026-07-20 02:13:44] [SUCCESS]   ✅ Кнопка 'OK' нажата
[2026-07-20 02:13:44] [SUCCESS]   ✅ Диалог закрыт
[2026-07-20 02:13:44] [INFO] 
📌 ШАГ 6: Переход на вкладку Service
[2026-07-20 02:13:44] [INFO] ----------------------------------------
[2026-07-20 02:13:44] [INFO] Переход на вкладку Service...
[2026-07-20 02:13:47] [SUCCESS]   ✅ Переход на Service выполнен
[2026-07-20 02:13:47] [INFO] 
📌 ШАГ 7: Клик по 'Install Service'
[2026-07-20 02:13:47] [INFO] ----------------------------------------
[2026-07-20 02:13:47] [INFO] Клик по ключу: 'btn_install_service'
[2026-07-20 02:13:47] [INFO]   Поиск элемента по AutomationId: 'm_btnInstall'
[2026-07-20 02:13:47] [SUCCESS]     ✅ Найден: 'Install Service'
[2026-07-20 02:13:48] [SUCCESS]   ✅ Клик выполнен
[2026-07-20 02:13:48] [INFO] 
📌 ШАГ 8: Клик по 'Start service'
[2026-07-20 02:13:48] [INFO] ----------------------------------------
[2026-07-20 02:13:48] [INFO] Клик по 'Start service'...
[2026-07-20 02:13:48] [INFO] Клик по ключу: 'btn_start_service'
[2026-07-20 02:13:48] [INFO]   Поиск элемента по AutomationId: 'm_btnAction'
[2026-07-20 02:13:49] [SUCCESS]     ✅ Найден: 'Start service'
[2026-07-20 02:13:50] [SUCCESS]   ✅ Клик выполнен
[2026-07-20 02:13:50] [INFO] 
📌 ШАГ 9: Ожидание 'Service started'
[2026-07-20 02:13:50] [INFO] ----------------------------------------
[2026-07-20 02:13:50] [INFO]   Ожидание текста: 'Service started'...
[2026-07-20 02:13:50] [SUCCESS]   ✅ Текст найден: 'Service started'
[2026-07-20 02:13:50] [INFO] 
📌 ШАГ 10: Клик по кнопке OK
[2026-07-20 02:13:50] [INFO] ----------------------------------------
[2026-07-20 02:13:50] [INFO] Клик по ключу: 'btn_ok'
[2026-07-20 02:13:50] [INFO]   Поиск элемента по AutomationId: 'm_btnOk'
[2026-07-20 02:13:51] [SUCCESS]     ✅ Найден: 'OK'
[2026-07-20 02:13:52] [SUCCESS]   ✅ Клик выполнен
[2026-07-20 02:13:52] [INFO] 
📌 ШАГ 11: Обработка диалога перезапуска
[2026-07-20 02:13:52] [INFO] ----------------------------------------
[2026-07-20 02:13:52] [INFO] Ожидание диалога перезапуска сервера...
[2026-07-20 02:13:52] [INFO]   Ожидание текста в диалоге: 'Do you want to restart the server?'...
[2026-07-20 02:13:52] [SUCCESS]   ✅ Текст найден в диалоге
[2026-07-20 02:13:52] [INFO]   Поиск кнопки 'Yes' в диалоге...
[2026-07-20 02:13:53] [SUCCESS]   ✅ Кнопка 'Yes' нажата
[2026-07-20 02:13:53] [SUCCESS]   ✅ Диалог обработан
[2026-07-20 02:13:53] [INFO] 
================================================================================
[2026-07-20 02:13:53] [SUCCESS] ✅ НАСТРОЙКА TRBOnet Server ВЫПОЛНЕНА УСПЕШНО!
[2026-07-20 02:13:53] [SUCCESS]    Версия: 6.5.0.9141
[2026-07-20 02:13:53] [SUCCESS]    База данных: TRBONET_6.5.0.9141
[2026-07-20 02:13:53] [INFO] ================================================================================
[2026-07-20 02:13:53] [INFO] ✅ Приложение закрыто
[2026-08-03 04:03:07] [INFO] ================================================================================
[2026-08-03 04:03:07] [INFO] ЗАПУСК АВТОМАТИЧЕСКОЙ НАСТРОЙКИ TRBOnet Server
[2026-08-03 04:03:07] [INFO] ================================================================================
[2026-08-03 04:03:07] [SUCCESS] ✅ Скрипт запущен с правами администратора
[2026-08-03 04:03:07] [ERROR] ❌ Версия не указана. Использование: python configure_server.py <версия>
[2026-08-03 04:03:07] [INFO]    Пример: python configure_server.py 6.5.0.9140
[2026-08-03 04:03:24] [INFO] ================================================================================
[2026-08-03 04:03:24] [INFO] ЗАПУСК АВТОМАТИЧЕСКОЙ НАСТРОЙКИ TRBOnet Server
[2026-08-03 04:03:24] [INFO] ================================================================================
[2026-08-03 04:03:24] [SUCCESS] ✅ Скрипт запущен с правами администратора
[2026-08-03 04:03:24] [INFO]   Версия: 6.5.0.9141
[2026-08-03 04:03:24] [INFO]   Имя БД: TRBONET_6.5.0.9141
[2026-08-03 04:03:24] [INFO]   Путь к серверу: C:\Program Files\Neocom Software\TRBOnet Enterprise\Server\TRBOnet.Server.exe
[2026-08-03 04:03:24] [INFO] 
📌 ШАГ 1: Запуск приложения
[2026-08-03 04:03:24] [INFO] ----------------------------------------
[2026-08-03 04:03:24] [INFO] Запуск приложения: C:\Program Files\Neocom Software\TRBOnet Enterprise\Server\TRBOnet.Server.exe
[2026-08-03 04:03:30] [SUCCESS] ✅ Приложение запущено
[2026-08-03 04:03:30] [INFO] Поиск окна: 'TRBOnet Enterprise 6.5 / Server'...
[2026-08-03 04:03:30] [SUCCESS] ✅ Окно найдено: 'TRBOnet Enterprise 6.5 / Server'
[2026-08-03 04:03:30] [INFO] 
📌 ШАГ 2: Переход на вкладку Database
[2026-08-03 04:03:30] [INFO] ----------------------------------------
[2026-08-03 04:03:30] [INFO] Переход на вкладку Database...
[2026-08-03 04:03:30] [SUCCESS]   ✅ Найдено дерево
[2026-08-03 04:03:30] [SUCCESS]   ✅ Найден элемент 'Database'
[2026-08-03 04:03:32] [SUCCESS]   ✅ Клик по 'Database' выполнен
[2026-08-03 04:03:32] [INFO] 
📌 ШАГ 3: Установка имени базы данных
[2026-08-03 04:03:32] [INFO] ----------------------------------------
[2026-08-03 04:03:32] [ERROR] ❌ Ключ 'combo_database' не найден в AUTO_IDS
[2026-08-03 04:03:32] [ERROR] ❌ Не удалось установить имя БД
[2026-08-03 04:03:32] [INFO] ✅ Приложение закрыто
[2026-08-03 04:05:27] [INFO] ================================================================================
[2026-08-03 04:05:27] [INFO] ЗАПУСК АВТОМАТИЧЕСКОЙ НАСТРОЙКИ TRBOnet Server
[2026-08-03 04:05:27] [INFO] ================================================================================
[2026-08-03 04:05:27] [SUCCESS] ✅ Скрипт запущен с правами администратора
[2026-08-03 04:05:27] [INFO]   Версия: 6.5.0.9141
[2026-08-03 04:05:27] [INFO]   Имя БД: TRBONET_6.5.0.9141
[2026-08-03 04:05:27] [INFO]   Путь к серверу: C:\Program Files\Neocom Software\TRBOnet Enterprise\Server\TRBOnet.Server.exe
[2026-08-03 04:05:27] [INFO] 
📌 ШАГ 1: Запуск приложения
[2026-08-03 04:05:27] [INFO] ----------------------------------------
[2026-08-03 04:05:27] [INFO] Запуск приложения: C:\Program Files\Neocom Software\TRBOnet Enterprise\Server\TRBOnet.Server.exe
[2026-08-03 04:05:32] [SUCCESS] ✅ Приложение запущено
[2026-08-03 04:05:32] [INFO] Поиск окна: 'TRBOnet Enterprise 6.5 / Server'...
[2026-08-03 04:05:32] [SUCCESS] ✅ Окно найдено: 'TRBOnet Enterprise 6.5 / Server'
[2026-08-03 04:05:32] [INFO] 
📌 ШАГ 2: Переход на вкладку Database
[2026-08-03 04:05:32] [INFO] ----------------------------------------
[2026-08-03 04:05:32] [INFO] Переход на вкладку Database...
[2026-08-03 04:05:33] [SUCCESS]   ✅ Найдено дерево
[2026-08-03 04:05:33] [SUCCESS]   ✅ Найден элемент 'Database'
[2026-08-03 04:05:35] [SUCCESS]   ✅ Клик по 'Database' выполнен
[2026-08-03 04:05:35] [INFO] 
📌 ШАГ 3: Установка имени базы данных
[2026-08-03 04:05:35] [INFO] ----------------------------------------
[2026-08-03 04:05:35] [INFO] Поиск ComboBox по ключу: 'dd_list_database'
[2026-08-03 04:05:35] [INFO]   Устанавливаем значение: 'TRBONET_6.5.0.9141'
[2026-08-03 04:05:35] [INFO]   Поиск элемента по AutomationId: 'm_boxDatabase'
[2026-08-03 04:05:35] [SUCCESS]     ✅ Найден: 'TRBONET_6.5.0.9141_2'
[2026-08-03 04:05:41] [SUCCESS]   ✅ Значение 'TRBONET_6.5.0.9141' установлено
[2026-08-03 04:05:41] [INFO] 
📌 ШАГ 4: Клик по 'Create Database'
[2026-08-03 04:05:41] [INFO] ----------------------------------------
[2026-08-03 04:05:41] [INFO] Клик по ключу: 'btn_create_database'
[2026-08-03 04:05:41] [INFO]   Поиск элемента по AutomationId: 'm_btnCreate'
[2026-08-03 04:05:41] [SUCCESS]     ✅ Найден: 'Create Database'
[2026-08-03 04:05:42] [SUCCESS]   ✅ Клик выполнен
[2026-08-03 04:05:42] [INFO] 
📌 ШАГ 5: Ожидание и закрытие диалога создания БД
[2026-08-03 04:05:42] [INFO] ----------------------------------------
[2026-08-03 04:05:42] [INFO] Ожидание диалога создания БД 'TRBONET_6.5.0.9141'...
[2026-08-03 04:05:42] [INFO]   Ожидание текста в диалоге: 'has been created'...
[2026-08-03 04:05:43] [SUCCESS]   ✅ Текст найден в диалоге
[2026-08-03 04:05:43] [INFO]   Поиск кнопки 'OK' в диалоге...
[2026-08-03 04:05:45] [SUCCESS]   ✅ Кнопка 'OK' нажата
[2026-08-03 04:05:45] [SUCCESS]   ✅ Диалог закрыт
[2026-08-03 04:05:45] [INFO] 
📌 ШАГ 6: Переход на вкладку Service
[2026-08-03 04:05:45] [INFO] ----------------------------------------
[2026-08-03 04:05:45] [INFO] Переход на вкладку Service...
[2026-08-03 04:05:47] [SUCCESS]   ✅ Переход на Service выполнен
[2026-08-03 04:05:47] [INFO] 
📌 ШАГ 7: Клик по 'Install Service'
[2026-08-03 04:05:47] [INFO] ----------------------------------------
[2026-08-03 04:05:47] [INFO] Клик по ключу: 'btn_install_service'
[2026-08-03 04:05:47] [INFO]   Поиск элемента по AutomationId: 'm_btnInstall'
[2026-08-03 04:05:48] [SUCCESS]     ✅ Найден: 'Install Service'
[2026-08-03 04:05:49] [SUCCESS]   ✅ Клик выполнен
[2026-08-03 04:05:49] [INFO] 
📌 ШАГ 8: Клик по 'Start service'
[2026-08-03 04:05:49] [INFO] ----------------------------------------
[2026-08-03 04:05:49] [INFO] Клик по 'Start service'...
[2026-08-03 04:05:49] [INFO] Клик по ключу: 'btn_start_service'
[2026-08-03 04:05:49] [INFO]   Поиск элемента по AutomationId: 'm_btnAction'
[2026-08-03 04:05:49] [SUCCESS]     ✅ Найден: 'Start service'
[2026-08-03 04:05:50] [SUCCESS]   ✅ Клик выполнен
[2026-08-03 04:05:50] [INFO] 
📌 ШАГ 9: Ожидание 'Service started'
[2026-08-03 04:05:50] [INFO] ----------------------------------------
[2026-08-03 04:05:50] [INFO]   Ожидание текста: 'Service started'...
[2026-08-03 04:05:51] [SUCCESS]   ✅ Текст найден: 'Service started'
[2026-08-03 04:05:51] [INFO] 
📌 ШАГ 10: Клик по кнопке OK
[2026-08-03 04:05:51] [INFO] ----------------------------------------
[2026-08-03 04:05:51] [INFO] Клик по ключу: 'btn_ok'
[2026-08-03 04:05:51] [INFO]   Поиск элемента по AutomationId: 'm_btnOk'
[2026-08-03 04:05:51] [SUCCESS]     ✅ Найден: 'OK'
[2026-08-03 04:05:53] [SUCCESS]   ✅ Клик выполнен
[2026-08-03 04:05:53] [INFO] 
📌 ШАГ 11: Обработка диалога перезапуска
[2026-08-03 04:05:53] [INFO] ----------------------------------------
[2026-08-03 04:05:53] [INFO] Ожидание диалога перезапуска сервера...
[2026-08-03 04:05:53] [INFO]   Ожидание текста в диалоге: 'Do you want to restart the server?'...
[2026-08-03 04:05:53] [SUCCESS]   ✅ Текст найден в диалоге
[2026-08-03 04:05:53] [INFO]   Поиск кнопки 'Yes' в диалоге...
[2026-08-03 04:05:54] [SUCCESS]   ✅ Кнопка 'Yes' нажата
[2026-08-03 04:05:54] [SUCCESS]   ✅ Диалог обработан
[2026-08-03 04:05:54] [INFO] 
================================================================================
[2026-08-03 04:05:54] [SUCCESS] ✅ НАСТРОЙКА TRBOnet Server ВЫПОЛНЕНА УСПЕШНО!
[2026-08-03 04:05:54] [SUCCESS]    Версия: 6.5.0.9141
[2026-08-03 04:05:54] [SUCCESS]    База данных: TRBONET_6.5.0.9141
[2026-08-03 04:05:54] [INFO] ================================================================================
[2026-08-03 04:05:54] [INFO] ✅ Приложение закрыто
