[2026-07-15 01:31:00] [INFO] ================================================================================
[2026-07-15 01:31:00] [INFO] ЗАПУСК АВТОМАТИЧЕСКОГО УДАЛЕНИЯ TRBOnet
[2026-07-15 01:31:00] [INFO] ================================================================================
[2026-07-15 01:31:00] [SUCCESS] ✅ Скрипт запущен с правами администратора
[2026-07-15 01:31:00] [INFO] Версия для удаления: 6.5.0.9129
[2026-07-15 01:31:00] [INFO] 
📌 ШАГ 1: Поиск установленных экземпляров TRBOnet
[2026-07-15 01:31:00] [INFO] ----------------------------------------
[2026-07-15 01:31:00] [INFO]   Найден экземпляр: TRBOnet Enterprise 6.5 (версия: 6.5.0.9129)
[2026-07-15 01:31:00] [INFO] Найдено экземпляров: 1
[2026-07-15 01:31:00] [INFO] 
📌 ШАГ 2: Завершение процессов TRBOnet
[2026-07-15 01:31:00] [INFO] ----------------------------------------
[2026-07-15 01:31:00] [INFO] Поиск процессов, содержащих 'TRBOnet'...
[2026-07-15 01:31:00] [INFO]   Завершаем процесс: TRBOnet.Server.exe (PID: 5504)
[2026-07-15 01:31:00] [SUCCESS] Завершено процессов: 1
[2026-07-15 01:31:00] [INFO] 
📌 ШАГ 3: Поиск установочного файла
[2026-07-15 01:31:00] [INFO] ----------------------------------------
[2026-07-15 01:31:00] [INFO] Поиск установочного файла...
[2026-07-15 01:31:00] [INFO]   Папка: C:\builds
[2026-07-15 01:31:00] [INFO]   Версия: 6.5.0.9129
[2026-07-15 01:31:00] [SUCCESS] ✅ Найден установочный файл: C:\builds\TRBOnet.Enterprise_6.5.0.9129.exe
[2026-07-15 01:31:00] [INFO] 
📌 ШАГ 4: Удаление экземпляров TRBOnet через установочный файл
[2026-07-15 01:31:00] [INFO] ----------------------------------------
[2026-07-15 01:31:00] [INFO] 
  [1/1] Удаление экземпляра: TRBOnet Enterprise 6.5
[2026-07-15 01:31:00] [INFO]   Версия: 6.5.0.9129
[2026-07-15 01:31:00] [INFO]   Product Code: TRBOnet Enterprise 6.5 6.5.0.9129
[2026-07-15 01:31:00] [INFO] Запуск удаления через установочный файл...
[2026-07-15 01:31:00] [INFO]   Файл: C:\builds\TRBOnet.Enterprise_6.5.0.9129.exe
[2026-07-15 01:31:00] [INFO]   Экземпляр: TRBOnet Enterprise 6.5
[2026-07-15 01:31:00] [INFO]   Product Code: TRBOnet Enterprise 6.5 6.5.0.9129
[2026-07-15 01:31:00] [INFO]   Аргументы: /uninstallinst "TRBOnet Enterprise 6.5" /exebasicui /exelog "C:\Automation\core\uninstall_log_013100.txt" /quiet /qn /norestart
[2026-07-15 01:31:10] [SUCCESS] ✅ Процесс удаления запущен (Handle: 42)
[2026-07-15 01:31:10] [INFO] ⏳ Ожидание завершения удаления...
[2026-07-15 01:31:25] [INFO]   Удаление выполняется... (15 сек из 120 максимум)
[2026-07-15 01:31:37] [SUCCESS] ✅ Продукт успешно удалён за 27 секунд
[2026-07-15 01:31:37] [SUCCESS]   ✅ Удаление TRBOnet Enterprise 6.5 выполнено успешно
[2026-07-15 01:31:37] [INFO] 
📌 ШАГ 5: Проверка остатков после удаления
[2026-07-15 01:31:37] [INFO] ----------------------------------------
[2026-07-15 01:31:37] [INFO] Проверка остатков после удаления...
[2026-07-15 01:31:37] [INFO]   Поиск сервисов TRBOnet...
[2026-07-15 01:31:37] [SUCCESS] ✅ Остатки после удаления не обнаружены
[2026-07-15 01:31:37] [SUCCESS] Отчёт сохранён в: C:\Automation\core\logs\uninstall_report.txt
[2026-07-15 01:31:37] [INFO] 
================================================================================
[2026-07-15 01:31:37] [SUCCESS] ✅ УДАЛЕНИЕ ВЫПОЛНЕНО УСПЕШНО! Полная очистка.
[2026-07-15 01:31:37] [SUCCESS]    Удалено экземпляров: 1
[2026-07-15 01:31:37] [INFO] ================================================================================
[2026-07-15 01:42:02] [INFO] ================================================================================
[2026-07-15 01:42:02] [INFO] ЗАПУСК АВТОМАТИЧЕСКОГО УДАЛЕНИЯ TRBOnet
[2026-07-15 01:42:02] [INFO] ================================================================================
[2026-07-15 01:42:02] [SUCCESS] ✅ Скрипт запущен с правами администратора
[2026-07-15 01:42:02] [INFO] Версия для удаления: 6.5.0.9128
[2026-07-15 01:42:02] [INFO] 
📌 ШАГ 1: Поиск установленных экземпляров TRBOnet
[2026-07-15 01:42:02] [INFO] ----------------------------------------
[2026-07-15 01:42:02] [INFO]   Найден экземпляр: TRBOnet Enterprise 6.5 (версия: 6.5.0.9128)
[2026-07-15 01:42:02] [INFO] Найдено экземпляров: 1
[2026-07-15 01:42:02] [INFO] 
📌 ШАГ 2: Завершение процессов TRBOnet
[2026-07-15 01:42:02] [INFO] ----------------------------------------
[2026-07-15 01:42:02] [INFO] Поиск процессов, содержащих 'TRBOnet'...
[2026-07-15 01:42:02] [INFO] Процессы с 'TRBOnet' в названии не найдены
[2026-07-15 01:42:02] [INFO] 
📌 ШАГ 3: Поиск установочного файла
[2026-07-15 01:42:02] [INFO] ----------------------------------------
[2026-07-15 01:42:02] [INFO] Поиск установочного файла...
[2026-07-15 01:42:02] [INFO]   Папка: C:\builds
[2026-07-15 01:42:02] [INFO]   Версия: 6.5.0.9128
[2026-07-15 01:42:02] [SUCCESS] ✅ Найден установочный файл: C:\builds\TRBOnet.Enterprise_6.5.0.9128.exe
[2026-07-15 01:42:02] [INFO] 
📌 ШАГ 4: Удаление экземпляров TRBOnet через установочный файл
[2026-07-15 01:42:02] [INFO] ----------------------------------------
[2026-07-15 01:42:02] [INFO] 
  [1/1] Удаление экземпляра: TRBOnet Enterprise 6.5
[2026-07-15 01:42:02] [INFO]   Версия: 6.5.0.9128
[2026-07-15 01:42:02] [INFO]   Product Code: TRBOnet Enterprise 6.5 6.5.0.9128
[2026-07-15 01:42:02] [INFO] Запуск удаления через установочный файл...
[2026-07-15 01:42:02] [INFO]   Файл: C:\builds\TRBOnet.Enterprise_6.5.0.9128.exe
[2026-07-15 01:42:02] [INFO]   Экземпляр: TRBOnet Enterprise 6.5
[2026-07-15 01:42:02] [INFO]   Product Code: TRBOnet Enterprise 6.5 6.5.0.9128
[2026-07-15 01:42:02] [INFO]   Аргументы: /uninstallinst "TRBOnet Enterprise 6.5" /exebasicui /exelog "C:\Automation\core\uninstall_log_014202.txt" /quiet /qn /norestart
[2026-07-15 01:42:02] [SUCCESS] ✅ Процесс удаления запущен (Handle: 42)
[2026-07-15 01:42:02] [INFO] ⏳ Ожидание завершения удаления...
[2026-07-15 01:42:17] [INFO]   Удаление выполняется... (15 сек из 120 максимум)
[2026-07-15 01:42:26] [SUCCESS] ✅ Продукт успешно удалён за 24 секунд
[2026-07-15 01:42:26] [SUCCESS]   ✅ Удаление TRBOnet Enterprise 6.5 выполнено успешно
[2026-07-15 01:42:26] [INFO] 
📌 ШАГ 5: Проверка остатков после удаления
[2026-07-15 01:42:26] [INFO] ----------------------------------------
[2026-07-15 01:42:26] [INFO] Проверка остатков после удаления...
[2026-07-15 01:42:26] [INFO]   Поиск сервисов TRBOnet...
[2026-07-15 01:42:26] [SUCCESS] ✅ Остатки после удаления не обнаружены
[2026-07-15 01:42:26] [SUCCESS] Отчёт сохранён в: C:\Automation\core\logs\uninstall_report.txt
[2026-07-15 01:42:26] [INFO] 
================================================================================
[2026-07-15 01:42:26] [SUCCESS] ✅ УДАЛЕНИЕ ВЫПОЛНЕНО УСПЕШНО! Полная очистка.
[2026-07-15 01:42:26] [SUCCESS]    Удалено экземпляров: 1
[2026-07-15 01:42:26] [INFO] ================================================================================
[2026-07-15 03:24:43] [INFO] ================================================================================
[2026-07-15 03:24:43] [INFO] ЗАПУСК АВТОМАТИЧЕСКОГО УДАЛЕНИЯ TRBOnet
[2026-07-15 03:24:43] [INFO] ================================================================================
[2026-07-15 03:24:43] [SUCCESS] ✅ Скрипт запущен с правами администратора
[2026-07-15 03:24:43] [INFO] Версия для удаления: 6.5.0.9127
[2026-07-15 03:24:43] [INFO] 
📌 ШАГ 1: Поиск установленных экземпляров TRBOnet
[2026-07-15 03:24:43] [INFO] ----------------------------------------
[2026-07-15 03:24:43] [INFO]   Найден экземпляр: TRBOnet Enterprise 6.5 (версия: 6.5.0.9127)
[2026-07-15 03:24:43] [INFO] Найдено экземпляров: 1
[2026-07-15 03:24:43] [INFO] 
📌 ШАГ 2: Завершение процессов TRBOnet
[2026-07-15 03:24:43] [INFO] ----------------------------------------
[2026-07-15 03:24:43] [INFO] Поиск процессов, содержащих 'TRBOnet'...
[2026-07-15 03:24:43] [INFO]   Завершаем процесс: TRBOnet.Server.exe (PID: 2564)
[2026-07-15 03:24:43] [SUCCESS] Завершено процессов: 1
[2026-07-15 03:24:43] [INFO] 
📌 ШАГ 3: Поиск установочного файла
[2026-07-15 03:24:43] [INFO] ----------------------------------------
[2026-07-15 03:24:43] [INFO] Поиск установочного файла...
[2026-07-15 03:24:43] [INFO]   Папка: C:\builds
[2026-07-15 03:24:43] [INFO]   Версия: 6.5.0.9127
[2026-07-15 03:24:43] [SUCCESS] ✅ Найден установочный файл: C:\builds\TRBOnet.Enterprise_6.5.0.9127.exe
[2026-07-15 03:24:43] [INFO] 
📌 ШАГ 4: Удаление экземпляров TRBOnet через установочный файл
[2026-07-15 03:24:43] [INFO] ----------------------------------------
[2026-07-15 03:24:43] [INFO] 
  [1/1] Удаление экземпляра: TRBOnet Enterprise 6.5
[2026-07-15 03:24:43] [INFO]   Версия: 6.5.0.9127
[2026-07-15 03:24:43] [INFO]   Product Code: TRBOnet Enterprise 6.5 6.5.0.9127
[2026-07-15 03:24:43] [INFO] Запуск удаления через установочный файл...
[2026-07-15 03:24:43] [INFO]   Файл: C:\builds\TRBOnet.Enterprise_6.5.0.9127.exe
[2026-07-15 03:24:43] [INFO]   Экземпляр: TRBOnet Enterprise 6.5
[2026-07-15 03:24:43] [INFO]   Product Code: TRBOnet Enterprise 6.5 6.5.0.9127
[2026-07-15 03:24:43] [INFO]   Аргументы: /uninstallinst "TRBOnet Enterprise 6.5" /exebasicui /exelog "C:\Automation\core\logs\uninstall_log_032443.txt" /quiet /qn /norestart
[2026-07-15 03:24:44] [SUCCESS] ✅ Процесс удаления запущен (Handle: 42)
[2026-07-15 03:24:44] [INFO] ⏳ Ожидание завершения удаления...
[2026-07-15 03:24:59] [INFO]   Удаление выполняется... (15 сек из 120 максимум)
[2026-07-15 03:25:08] [SUCCESS] ✅ Продукт успешно удалён за 24 секунд
[2026-07-15 03:25:08] [SUCCESS]   ✅ Удаление TRBOnet Enterprise 6.5 выполнено успешно
[2026-07-15 03:25:08] [INFO] 
📌 ШАГ 5: Проверка остатков после удаления
[2026-07-15 03:25:08] [INFO] ----------------------------------------
[2026-07-15 03:25:08] [INFO] Проверка остатков после удаления...
[2026-07-15 03:25:08] [INFO]   Поиск сервисов TRBOnet...
[2026-07-15 03:25:08] [SUCCESS] ✅ Остатки после удаления не обнаружены
[2026-07-15 03:25:08] [SUCCESS] Отчёт сохранён в: C:\Automation\core\logs\uninstall_report.txt
[2026-07-15 03:25:08] [INFO] 
================================================================================
[2026-07-15 03:25:08] [SUCCESS] ✅ УДАЛЕНИЕ ВЫПОЛНЕНО УСПЕШНО! Полная очистка.
[2026-07-15 03:25:08] [SUCCESS]    Удалено экземпляров: 1
[2026-07-15 03:25:08] [INFO] ================================================================================
[2026-07-15 03:42:16] [INFO] ================================================================================
[2026-07-15 03:42:16] [INFO] ЗАПУСК АВТОМАТИЧЕСКОГО УДАЛЕНИЯ TRBOnet
[2026-07-15 03:42:16] [INFO] ================================================================================
[2026-07-15 03:42:16] [SUCCESS] ✅ Скрипт запущен с правами администратора
[2026-07-15 03:42:16] [INFO] Версия для удаления: 6.5.0.9126
[2026-07-15 03:42:16] [INFO] 
📌 ШАГ 1: Поиск установленных экземпляров TRBOnet
[2026-07-15 03:42:16] [INFO] ----------------------------------------
[2026-07-15 03:42:16] [INFO]   Найден экземпляр: TRBOnet Enterprise 6.5 (версия: 6.5.0.9126)
[2026-07-15 03:42:16] [INFO] Найдено экземпляров: 1
[2026-07-15 03:42:16] [INFO] 
📌 ШАГ 2: Завершение процессов TRBOnet
[2026-07-15 03:42:16] [INFO] ----------------------------------------
[2026-07-15 03:42:16] [INFO] Поиск процессов, содержащих 'TRBOnet'...
[2026-07-15 03:42:16] [INFO]   Завершаем процесс: TRBOnet.Server.exe (PID: 5836)
[2026-07-15 03:42:17] [SUCCESS] Завершено процессов: 1
[2026-07-15 03:42:17] [INFO] 
📌 ШАГ 3: Поиск установочного файла
[2026-07-15 03:42:17] [INFO] ----------------------------------------
[2026-07-15 03:42:17] [INFO] Поиск установочного файла...
[2026-07-15 03:42:17] [INFO]   Папка: C:\builds
[2026-07-15 03:42:17] [INFO]   Версия: 6.5.0.9126
[2026-07-15 03:42:17] [SUCCESS] ✅ Найден установочный файл: C:\builds\TRBOnet.Enterprise_6.5.0.9126.exe
[2026-07-15 03:42:17] [INFO] 
📌 ШАГ 4: Удаление экземпляров TRBOnet через установочный файл
[2026-07-15 03:42:17] [INFO] ----------------------------------------
[2026-07-15 03:42:17] [INFO] 
  [1/1] Удаление экземпляра: TRBOnet Enterprise 6.5
[2026-07-15 03:42:17] [INFO]   Версия: 6.5.0.9126
[2026-07-15 03:42:17] [INFO]   Product Code: TRBOnet Enterprise 6.5 6.5.0.9126
[2026-07-15 03:42:17] [INFO] Запуск удаления через установочный файл...
[2026-07-15 03:42:17] [INFO]   Файл: C:\builds\TRBOnet.Enterprise_6.5.0.9126.exe
[2026-07-15 03:42:17] [INFO]   Экземпляр: TRBOnet Enterprise 6.5
[2026-07-15 03:42:17] [INFO]   Product Code: TRBOnet Enterprise 6.5 6.5.0.9126
[2026-07-15 03:42:17] [INFO]   Аргументы: /uninstallinst "TRBOnet Enterprise 6.5" /exebasicui /exelog "C:\Automation\core\logs\uninstall_log_034217.txt" /quiet /qn /norestart
[2026-07-15 03:42:17] [SUCCESS] ✅ Процесс удаления запущен (Handle: 42)
[2026-07-15 03:42:17] [INFO] ⏳ Ожидание завершения удаления...
[2026-07-15 03:42:32] [INFO]   Удаление выполняется... (15 сек из 120 максимум)
[2026-07-15 03:42:41] [SUCCESS] ✅ Продукт успешно удалён за 24 секунд
[2026-07-15 03:42:41] [SUCCESS]   ✅ Удаление TRBOnet Enterprise 6.5 выполнено успешно
[2026-07-15 03:42:41] [INFO] 
📌 ШАГ 5: Проверка остатков после удаления
[2026-07-15 03:42:41] [INFO] ----------------------------------------
[2026-07-15 03:42:41] [INFO] Проверка остатков после удаления...
[2026-07-15 03:42:41] [INFO]   Поиск сервисов TRBOnet...
[2026-07-15 03:42:41] [SUCCESS] ✅ Остатки после удаления не обнаружены
[2026-07-15 03:42:41] [SUCCESS] Отчёт сохранён в: C:\Automation\core\logs\uninstall_report.txt
[2026-07-15 03:42:41] [INFO] 
================================================================================
[2026-07-15 03:42:41] [SUCCESS] ✅ УДАЛЕНИЕ ВЫПОЛНЕНО УСПЕШНО! Полная очистка.
[2026-07-15 03:42:41] [SUCCESS]    Удалено экземпляров: 1
[2026-07-15 03:42:41] [INFO] ================================================================================
[2026-07-15 04:04:51] [INFO] ================================================================================
[2026-07-15 04:04:51] [INFO] ЗАПУСК АВТОМАТИЧЕСКОГО УДАЛЕНИЯ TRBOnet
[2026-07-15 04:04:51] [INFO] ================================================================================
[2026-07-15 04:04:51] [SUCCESS] ✅ Скрипт запущен с правами администратора
[2026-07-15 04:04:51] [INFO] Версия для удаления: 6.5.0.9125
[2026-07-15 04:04:51] [INFO] 
📌 ШАГ 1: Поиск установленных экземпляров TRBOnet
[2026-07-15 04:04:51] [INFO] ----------------------------------------
[2026-07-15 04:04:51] [INFO]   Найден экземпляр: TRBOnet Enterprise 6.5 (версия: 6.5.0.9125)
[2026-07-15 04:04:51] [INFO] Найдено экземпляров: 1
[2026-07-15 04:04:51] [INFO] 
📌 ШАГ 2: Завершение процессов TRBOnet
[2026-07-15 04:04:51] [INFO] ----------------------------------------
[2026-07-15 04:04:51] [INFO] Поиск процессов, содержащих 'TRBOnet'...
[2026-07-15 04:04:51] [INFO]   Завершаем процесс: TRBOnet.Server.exe (PID: 11180)
[2026-07-15 04:04:52] [SUCCESS] Завершено процессов: 1
[2026-07-15 04:04:52] [INFO] 
📌 ШАГ 3: Поиск установочного файла
[2026-07-15 04:04:52] [INFO] ----------------------------------------
[2026-07-15 04:04:52] [INFO] Поиск установочного файла...
[2026-07-15 04:04:52] [INFO]   Папка: C:\builds
[2026-07-15 04:04:52] [INFO]   Версия: 6.5.0.9125
[2026-07-15 04:04:52] [SUCCESS] ✅ Найден установочный файл: C:\builds\TRBOnet.Enterprise_6.5.0.9125.exe
[2026-07-15 04:04:52] [INFO] 
📌 ШАГ 4: Удаление экземпляров TRBOnet через установочный файл
[2026-07-15 04:04:52] [INFO] ----------------------------------------
[2026-07-15 04:04:52] [INFO] 
  [1/1] Удаление экземпляра: TRBOnet Enterprise 6.5
[2026-07-15 04:04:52] [INFO]   Версия: 6.5.0.9125
[2026-07-15 04:04:52] [INFO]   Product Code: TRBOnet Enterprise 6.5 6.5.0.9125
[2026-07-15 04:04:52] [INFO] Запуск удаления через установочный файл...
[2026-07-15 04:04:52] [INFO]   Файл: C:\builds\TRBOnet.Enterprise_6.5.0.9125.exe
[2026-07-15 04:04:52] [INFO]   Экземпляр: TRBOnet Enterprise 6.5
[2026-07-15 04:04:52] [INFO]   Product Code: TRBOnet Enterprise 6.5 6.5.0.9125
[2026-07-15 04:04:52] [INFO]   Аргументы: /uninstallinst "TRBOnet Enterprise 6.5" /exebasicui /exelog "C:\Automation\core\logs\uninstall_log_040452.txt" /quiet /qn /norestart
[2026-07-15 04:04:52] [SUCCESS] ✅ Процесс удаления запущен (Handle: 42)
[2026-07-15 04:04:52] [INFO] ⏳ Ожидание завершения удаления...
[2026-07-15 04:05:07] [INFO]   Удаление выполняется... (15 сек из 120 максимум)
[2026-07-15 04:05:16] [SUCCESS] ✅ Продукт успешно удалён за 24 секунд
[2026-07-15 04:05:16] [SUCCESS]   ✅ Удаление TRBOnet Enterprise 6.5 выполнено успешно
[2026-07-15 04:05:16] [INFO] 
📌 ШАГ 5: Проверка остатков после удаления
[2026-07-15 04:05:16] [INFO] ----------------------------------------
[2026-07-15 04:05:16] [INFO] Проверка остатков после удаления...
[2026-07-15 04:05:16] [INFO]   Поиск сервисов TRBOnet...
[2026-07-15 04:05:16] [SUCCESS] ✅ Остатки после удаления не обнаружены
[2026-07-15 04:05:16] [SUCCESS] Отчёт сохранён в: C:\Automation\core\logs\uninstall_report.txt
[2026-07-15 04:05:16] [INFO] 
================================================================================
[2026-07-15 04:05:16] [SUCCESS] ✅ УДАЛЕНИЕ ВЫПОЛНЕНО УСПЕШНО! Полная очистка.
[2026-07-15 04:05:16] [SUCCESS]    Удалено экземпляров: 1
[2026-07-15 04:05:16] [INFO] ================================================================================
[2026-07-15 05:31:41] [INFO] ================================================================================
[2026-07-15 05:31:41] [INFO] ЗАПУСК АВТОМАТИЧЕСКОГО УДАЛЕНИЯ TRBOnet
[2026-07-15 05:31:41] [INFO] ================================================================================
[2026-07-15 05:31:41] [SUCCESS] ✅ Скрипт запущен с правами администратора
[2026-07-15 05:31:41] [INFO] Версия для удаления: 6.5.0.9124
[2026-07-15 05:31:41] [INFO] 
📌 ШАГ 1: Поиск установленных экземпляров TRBOnet
[2026-07-15 05:31:41] [INFO] ----------------------------------------
[2026-07-15 05:31:41] [INFO]   Найден экземпляр: TRBOnet Enterprise 6.5 (версия: 6.5.0.9124)
[2026-07-15 05:31:41] [INFO] Найдено экземпляров: 1
[2026-07-15 05:31:41] [INFO] 
📌 ШАГ 2: Завершение процессов TRBOnet
[2026-07-15 05:31:41] [INFO] ----------------------------------------
[2026-07-15 05:31:41] [INFO] Поиск процессов, содержащих 'TRBOnet'...
[2026-07-15 05:31:41] [INFO]   Завершаем процесс: TRBOnet.Server.exe (PID: 6952)
[2026-07-15 05:31:41] [SUCCESS] Завершено процессов: 1
[2026-07-15 05:31:41] [INFO] 
📌 ШАГ 3: Поиск установочного файла
[2026-07-15 05:31:41] [INFO] ----------------------------------------
[2026-07-15 05:31:41] [INFO] Поиск установочного файла...
[2026-07-15 05:31:41] [INFO]   Папка: C:\builds
[2026-07-15 05:31:41] [INFO]   Версия: 6.5.0.9124
[2026-07-15 05:31:41] [SUCCESS] ✅ Найден установочный файл: C:\builds\TRBOnet.Enterprise_6.5.0.9124.exe
[2026-07-15 05:31:41] [INFO] 
📌 ШАГ 4: Удаление экземпляров TRBOnet через установочный файл
[2026-07-15 05:31:41] [INFO] ----------------------------------------
[2026-07-15 05:31:41] [INFO] 
  [1/1] Удаление экземпляра: TRBOnet Enterprise 6.5
[2026-07-15 05:31:41] [INFO]   Версия: 6.5.0.9124
[2026-07-15 05:31:41] [INFO]   Product Code: TRBOnet Enterprise 6.5 6.5.0.9124
[2026-07-15 05:31:41] [INFO] Запуск удаления через установочный файл...
[2026-07-15 05:31:41] [INFO]   Файл: C:\builds\TRBOnet.Enterprise_6.5.0.9124.exe
[2026-07-15 05:31:41] [INFO]   Экземпляр: TRBOnet Enterprise 6.5
[2026-07-15 05:31:41] [INFO]   Product Code: TRBOnet Enterprise 6.5 6.5.0.9124
[2026-07-15 05:31:41] [INFO]   Аргументы: /uninstallinst "TRBOnet Enterprise 6.5" /exebasicui /exelog "C:\Automation\core\logs\uninstall_log_053141.txt" /quiet /qn /norestart
[2026-07-15 05:31:41] [SUCCESS] ✅ Процесс удаления запущен (Handle: 42)
[2026-07-15 05:31:41] [INFO] ⏳ Ожидание завершения удаления...
[2026-07-15 05:31:56] [INFO]   Удаление выполняется... (15 сек из 120 максимум)
[2026-07-15 05:32:05] [SUCCESS] ✅ Продукт успешно удалён за 24 секунд
[2026-07-15 05:32:05] [SUCCESS]   ✅ Удаление TRBOnet Enterprise 6.5 выполнено успешно
[2026-07-15 05:32:05] [INFO] 
📌 ШАГ 5: Проверка остатков после удаления
[2026-07-15 05:32:05] [INFO] ----------------------------------------
[2026-07-15 05:32:05] [INFO] Проверка остатков после удаления...
[2026-07-15 05:32:05] [INFO]   Поиск сервисов TRBOnet...
[2026-07-15 05:32:05] [SUCCESS] ✅ Остатки после удаления не обнаружены
[2026-07-15 05:32:05] [SUCCESS] Отчёт сохранён в: C:\Automation\core\logs\uninstall_report.txt
[2026-07-15 05:32:05] [INFO] 
================================================================================
[2026-07-15 05:32:05] [SUCCESS] ✅ УДАЛЕНИЕ ВЫПОЛНЕНО УСПЕШНО! Полная очистка.
[2026-07-15 05:32:05] [SUCCESS]    Удалено экземпляров: 1
[2026-07-15 05:32:05] [INFO] ================================================================================
[2026-07-15 05:51:31] [INFO] ================================================================================
[2026-07-15 05:51:31] [INFO] ЗАПУСК АВТОМАТИЧЕСКОГО УДАЛЕНИЯ TRBOnet
[2026-07-15 05:51:31] [INFO] ================================================================================
[2026-07-15 05:51:31] [SUCCESS] ✅ Скрипт запущен с правами администратора
[2026-07-15 05:51:31] [INFO] Версия для удаления: 6.5.0.9123
[2026-07-15 05:51:31] [INFO] 
📌 ШАГ 1: Поиск установленных экземпляров TRBOnet
[2026-07-15 05:51:31] [INFO] ----------------------------------------
[2026-07-15 05:51:31] [INFO]   Найден экземпляр: TRBOnet Enterprise 6.5 (версия: 6.5.0.9123)
[2026-07-15 05:51:31] [INFO] Найдено экземпляров: 1
[2026-07-15 05:51:31] [INFO] 
📌 ШАГ 2: Завершение процессов TRBOnet
[2026-07-15 05:51:31] [INFO] ----------------------------------------
[2026-07-15 05:51:31] [INFO] Поиск процессов, содержащих 'TRBOnet'...
[2026-07-15 05:51:31] [INFO]   Завершаем процесс: TRBOnet.Server.exe (PID: 5872)
[2026-07-15 05:51:32] [SUCCESS] Завершено процессов: 1
[2026-07-15 05:51:32] [INFO] 
📌 ШАГ 3: Поиск установочного файла
[2026-07-15 05:51:32] [INFO] ----------------------------------------
[2026-07-15 05:51:32] [INFO] Поиск установочного файла...
[2026-07-15 05:51:32] [INFO]   Папка: C:\builds
[2026-07-15 05:51:32] [INFO]   Версия: 6.5.0.9123
[2026-07-15 05:51:32] [SUCCESS] ✅ Найден установочный файл: C:\builds\TRBOnet.Enterprise_6.5.0.9123.exe
[2026-07-15 05:51:32] [INFO] 
📌 ШАГ 4: Удаление экземпляров TRBOnet через установочный файл
[2026-07-15 05:51:32] [INFO] ----------------------------------------
[2026-07-15 05:51:32] [INFO] 
  [1/1] Удаление экземпляра: TRBOnet Enterprise 6.5
[2026-07-15 05:51:32] [INFO]   Версия: 6.5.0.9123
[2026-07-15 05:51:32] [INFO]   Product Code: TRBOnet Enterprise 6.5 6.5.0.9123
[2026-07-15 05:51:32] [INFO] Запуск удаления через установочный файл...
[2026-07-15 05:51:32] [INFO]   Файл: C:\builds\TRBOnet.Enterprise_6.5.0.9123.exe
[2026-07-15 05:51:32] [INFO]   Экземпляр: TRBOnet Enterprise 6.5
[2026-07-15 05:51:32] [INFO]   Product Code: TRBOnet Enterprise 6.5 6.5.0.9123
[2026-07-15 05:51:32] [INFO]   Аргументы: /uninstallinst "TRBOnet Enterprise 6.5" /exebasicui /exelog "C:\Automation\core\logs\uninstall_log_055132.txt" /quiet /qn /norestart
[2026-07-15 05:51:32] [SUCCESS] ✅ Процесс удаления запущен (Handle: 42)
[2026-07-15 05:51:32] [INFO] ⏳ Ожидание завершения удаления...
[2026-07-15 05:51:47] [INFO]   Удаление выполняется... (15 сек из 120 максимум)
[2026-07-15 05:51:56] [SUCCESS] ✅ Продукт успешно удалён за 24 секунд
[2026-07-15 05:51:56] [SUCCESS]   ✅ Удаление TRBOnet Enterprise 6.5 выполнено успешно
[2026-07-15 05:51:56] [INFO] 
📌 ШАГ 5: Проверка остатков после удаления
[2026-07-15 05:51:56] [INFO] ----------------------------------------
[2026-07-15 05:51:56] [INFO] Проверка остатков после удаления...
[2026-07-15 05:51:56] [INFO]   Поиск сервисов TRBOnet...
[2026-07-15 05:51:56] [SUCCESS] ✅ Остатки после удаления не обнаружены
[2026-07-15 05:51:56] [SUCCESS] Отчёт сохранён в: C:\Automation\core\logs\uninstall_report.txt
[2026-07-15 05:51:56] [INFO] 
================================================================================
[2026-07-15 05:51:56] [SUCCESS] ✅ УДАЛЕНИЕ ВЫПОЛНЕНО УСПЕШНО! Полная очистка.
[2026-07-15 05:51:56] [SUCCESS]    Удалено экземпляров: 1
[2026-07-15 05:51:56] [INFO] ================================================================================
[2026-07-15 06:07:11] [INFO] ================================================================================
[2026-07-15 06:07:11] [INFO] ЗАПУСК АВТОМАТИЧЕСКОГО УДАЛЕНИЯ TRBOnet
[2026-07-15 06:07:11] [INFO] ================================================================================
[2026-07-15 06:07:11] [SUCCESS] ✅ Скрипт запущен с правами администратора
[2026-07-15 06:07:11] [INFO] Версия для удаления: 6.5.0.9122
[2026-07-15 06:07:11] [INFO] 
📌 ШАГ 1: Поиск установленных экземпляров TRBOnet
[2026-07-15 06:07:11] [INFO] ----------------------------------------
[2026-07-15 06:07:11] [INFO]   Найден экземпляр: TRBOnet Enterprise 6.5 (версия: 6.5.0.9122)
[2026-07-15 06:07:11] [INFO] Найдено экземпляров: 1
[2026-07-15 06:07:11] [INFO] 
📌 ШАГ 2: Завершение процессов TRBOnet
[2026-07-15 06:07:11] [INFO] ----------------------------------------
[2026-07-15 06:07:11] [INFO] Поиск процессов, содержащих 'TRBOnet'...
[2026-07-15 06:07:11] [INFO]   Завершаем процесс: TRBOnet.Server.exe (PID: 16268)
[2026-07-15 06:07:11] [SUCCESS] Завершено процессов: 1
[2026-07-15 06:07:11] [INFO] 
📌 ШАГ 3: Поиск установочного файла
[2026-07-15 06:07:11] [INFO] ----------------------------------------
[2026-07-15 06:07:11] [INFO] Поиск установочного файла...
[2026-07-15 06:07:11] [INFO]   Папка: C:\builds
[2026-07-15 06:07:11] [INFO]   Версия: 6.5.0.9122
[2026-07-15 06:07:11] [SUCCESS] ✅ Найден установочный файл: C:\builds\TRBOnet.Enterprise_6.5.0.9122.exe
[2026-07-15 06:07:11] [INFO] 
📌 ШАГ 4: Удаление экземпляров TRBOnet через установочный файл
[2026-07-15 06:07:11] [INFO] ----------------------------------------
[2026-07-15 06:07:11] [INFO] 
  [1/1] Удаление экземпляра: TRBOnet Enterprise 6.5
[2026-07-15 06:07:11] [INFO]   Версия: 6.5.0.9122
[2026-07-15 06:07:11] [INFO]   Product Code: TRBOnet Enterprise 6.5 6.5.0.9122
[2026-07-15 06:07:11] [INFO] Запуск удаления через установочный файл...
[2026-07-15 06:07:11] [INFO]   Файл: C:\builds\TRBOnet.Enterprise_6.5.0.9122.exe
[2026-07-15 06:07:11] [INFO]   Экземпляр: TRBOnet Enterprise 6.5
[2026-07-15 06:07:11] [INFO]   Product Code: TRBOnet Enterprise 6.5 6.5.0.9122
[2026-07-15 06:07:11] [INFO]   Аргументы: /uninstallinst "TRBOnet Enterprise 6.5" /exebasicui /exelog "C:\Automation\core\logs\uninstall_log_060711.txt" /quiet /qn /norestart
[2026-07-15 06:07:11] [SUCCESS] ✅ Процесс удаления запущен (Handle: 42)
[2026-07-15 06:07:11] [INFO] ⏳ Ожидание завершения удаления...
[2026-07-15 06:07:26] [INFO]   Удаление выполняется... (15 сек из 120 максимум)
[2026-07-15 06:07:35] [SUCCESS] ✅ Продукт успешно удалён за 24 секунд
[2026-07-15 06:07:35] [SUCCESS]   ✅ Удаление TRBOnet Enterprise 6.5 выполнено успешно
[2026-07-15 06:07:35] [INFO] 
📌 ШАГ 5: Проверка остатков после удаления
[2026-07-15 06:07:35] [INFO] ----------------------------------------
[2026-07-15 06:07:35] [INFO] Проверка остатков после удаления...
[2026-07-15 06:07:35] [INFO]   Поиск сервисов TRBOnet...
[2026-07-15 06:07:35] [SUCCESS] ✅ Остатки после удаления не обнаружены
[2026-07-15 06:07:35] [SUCCESS] Отчёт сохранён в: C:\Automation\core\logs\uninstall_report.txt
[2026-07-15 06:07:35] [INFO] 
================================================================================
[2026-07-15 06:07:35] [SUCCESS] ✅ УДАЛЕНИЕ ВЫПОЛНЕНО УСПЕШНО! Полная очистка.
[2026-07-15 06:07:35] [SUCCESS]    Удалено экземпляров: 1
[2026-07-15 06:07:35] [INFO] ================================================================================
[2026-07-16 02:20:32] [INFO] ================================================================================
[2026-07-16 02:20:32] [INFO] ЗАПУСК АВТОМАТИЧЕСКОГО УДАЛЕНИЯ TRBOnet
[2026-07-16 02:20:32] [INFO] ================================================================================
[2026-07-16 02:20:32] [SUCCESS] ✅ Скрипт запущен с правами администратора
[2026-07-16 02:20:32] [INFO] Версия для удаления: 6.5.0.9121
[2026-07-16 02:20:32] [INFO] 
📌 ШАГ 1: Поиск установленных экземпляров TRBOnet
[2026-07-16 02:20:32] [INFO] ----------------------------------------
[2026-07-16 02:20:32] [INFO]   Найден экземпляр: TRBOnet Enterprise 6.5 (версия: 6.5.0.9121)
[2026-07-16 02:20:32] [INFO] Найдено экземпляров: 1
[2026-07-16 02:20:32] [INFO] 
📌 ШАГ 2: Завершение процессов TRBOnet
[2026-07-16 02:20:32] [INFO] ----------------------------------------
[2026-07-16 02:20:32] [INFO] Поиск процессов, содержащих 'TRBOnet'...
[2026-07-16 02:20:32] [INFO]   Завершаем процесс: TRBOnet.Server.exe (PID: 15500)
[2026-07-16 02:20:32] [SUCCESS] Завершено процессов: 1
[2026-07-16 02:20:32] [INFO] 
📌 ШАГ 3: Поиск установочного файла
[2026-07-16 02:20:32] [INFO] ----------------------------------------
[2026-07-16 02:20:32] [INFO] Поиск установочного файла...
[2026-07-16 02:20:32] [INFO]   Папка: C:\builds
[2026-07-16 02:20:32] [INFO]   Версия: 6.5.0.9121
[2026-07-16 02:20:32] [SUCCESS] ✅ Найден установочный файл: C:\builds\TRBOnet.Enterprise_6.5.0.9121.exe
[2026-07-16 02:20:32] [INFO] 
📌 ШАГ 4: Удаление экземпляров TRBOnet через установочный файл
[2026-07-16 02:20:32] [INFO] ----------------------------------------
[2026-07-16 02:20:32] [INFO] 
  [1/1] Удаление экземпляра: TRBOnet Enterprise 6.5
[2026-07-16 02:20:32] [INFO]   Версия: 6.5.0.9121
[2026-07-16 02:20:32] [INFO]   Product Code: TRBOnet Enterprise 6.5 6.5.0.9121
[2026-07-16 02:20:32] [INFO] Запуск удаления через установочный файл...
[2026-07-16 02:20:32] [INFO]   Файл: C:\builds\TRBOnet.Enterprise_6.5.0.9121.exe
[2026-07-16 02:20:32] [INFO]   Экземпляр: TRBOnet Enterprise 6.5
[2026-07-16 02:20:32] [INFO]   Product Code: TRBOnet Enterprise 6.5 6.5.0.9121
[2026-07-16 02:20:32] [INFO]   Аргументы: /uninstallinst "TRBOnet Enterprise 6.5" /exebasicui /exelog "C:\Automation\core\logs\uninstall_log_022032.txt" /quiet /qn /norestart
[2026-07-16 02:20:33] [SUCCESS] ✅ Процесс удаления запущен (Handle: 42)
[2026-07-16 02:20:33] [INFO] ⏳ Ожидание завершения удаления...
[2026-07-16 02:20:48] [INFO]   Удаление выполняется... (15 сек из 120 максимум)
[2026-07-16 02:21:03] [SUCCESS] ✅ Продукт успешно удалён за 30 секунд
[2026-07-16 02:21:03] [SUCCESS]   ✅ Удаление TRBOnet Enterprise 6.5 выполнено успешно
[2026-07-16 02:21:03] [INFO] 
📌 ШАГ 5: Проверка остатков после удаления
[2026-07-16 02:21:03] [INFO] ----------------------------------------
[2026-07-16 02:21:03] [INFO] Проверка остатков после удаления...
[2026-07-16 02:21:03] [INFO]   Поиск сервисов TRBOnet...
[2026-07-16 02:21:03] [SUCCESS] ✅ Остатки после удаления не обнаружены
[2026-07-16 02:21:03] [SUCCESS] Отчёт сохранён в: C:\Automation\core\logs\uninstall_report.txt
[2026-07-16 02:21:03] [INFO] 
================================================================================
[2026-07-16 02:21:03] [SUCCESS] ✅ УДАЛЕНИЕ ВЫПОЛНЕНО УСПЕШНО! Полная очистка.
[2026-07-16 02:21:03] [SUCCESS]    Удалено экземпляров: 1
[2026-07-16 02:21:03] [INFO] ================================================================================
[2026-07-16 04:04:23] [INFO] ================================================================================
[2026-07-16 04:04:23] [INFO] ЗАПУСК АВТОМАТИЧЕСКОГО УДАЛЕНИЯ TRBOnet
[2026-07-16 04:04:23] [INFO] ================================================================================
[2026-07-16 04:04:23] [SUCCESS] ✅ Скрипт запущен с правами администратора
[2026-07-16 04:04:23] [INFO] Версия для удаления: 6.5.0.9120
[2026-07-16 04:04:23] [INFO] 
📌 ШАГ 1: Поиск установленных экземпляров TRBOnet
[2026-07-16 04:04:23] [INFO] ----------------------------------------
[2026-07-16 04:04:23] [INFO]   Найден экземпляр: TRBOnet Enterprise 6.5 (версия: 6.5.0.9120)
[2026-07-16 04:04:23] [INFO] Найдено экземпляров: 1
[2026-07-16 04:04:23] [INFO] 
📌 ШАГ 2: Завершение процессов TRBOnet
[2026-07-16 04:04:23] [INFO] ----------------------------------------
[2026-07-16 04:04:23] [INFO] Поиск процессов, содержащих 'TRBOnet'...
[2026-07-16 04:04:23] [INFO]   Завершаем процесс: TRBOnet.Server.exe (PID: 5724)
[2026-07-16 04:04:23] [SUCCESS] Завершено процессов: 1
[2026-07-16 04:04:23] [INFO] 
📌 ШАГ 3: Поиск установочного файла
[2026-07-16 04:04:23] [INFO] ----------------------------------------
[2026-07-16 04:04:23] [INFO] Поиск установочного файла...
[2026-07-16 04:04:23] [INFO]   Папка: C:\builds
[2026-07-16 04:04:23] [INFO]   Версия: 6.5.0.9120
[2026-07-16 04:04:23] [SUCCESS] ✅ Найден установочный файл: C:\builds\TRBOnet.Enterprise_6.5.0.9120.exe
[2026-07-16 04:04:23] [INFO] 
📌 ШАГ 4: Удаление экземпляров TRBOnet через установочный файл
[2026-07-16 04:04:23] [INFO] ----------------------------------------
[2026-07-16 04:04:23] [INFO] 
  [1/1] Удаление экземпляра: TRBOnet Enterprise 6.5
[2026-07-16 04:04:23] [INFO]   Версия: 6.5.0.9120
[2026-07-16 04:04:23] [INFO]   Product Code: TRBOnet Enterprise 6.5 6.5.0.9120
[2026-07-16 04:04:23] [INFO] Запуск удаления через установочный файл...
[2026-07-16 04:04:23] [INFO]   Файл: C:\builds\TRBOnet.Enterprise_6.5.0.9120.exe
[2026-07-16 04:04:23] [INFO]   Экземпляр: TRBOnet Enterprise 6.5
[2026-07-16 04:04:23] [INFO]   Product Code: TRBOnet Enterprise 6.5 6.5.0.9120
[2026-07-16 04:04:23] [INFO]   Аргументы: /uninstallinst "TRBOnet Enterprise 6.5" /exebasicui /exelog "C:\Automation\core\logs\uninstall_log_040423.txt" /quiet /qn /norestart
[2026-07-16 04:04:24] [SUCCESS] ✅ Процесс удаления запущен (Handle: 42)
[2026-07-16 04:04:24] [INFO] ⏳ Ожидание завершения удаления...
[2026-07-16 04:04:39] [INFO]   Удаление выполняется... (15 сек из 120 максимум)
[2026-07-16 04:04:51] [SUCCESS] ✅ Продукт успешно удалён за 27 секунд
[2026-07-16 04:04:51] [SUCCESS]   ✅ Удаление TRBOnet Enterprise 6.5 выполнено успешно
[2026-07-16 04:04:51] [INFO] 
📌 ШАГ 5: Проверка остатков после удаления
[2026-07-16 04:04:51] [INFO] ----------------------------------------
[2026-07-16 04:04:51] [INFO] Проверка остатков после удаления...
[2026-07-16 04:04:51] [INFO]   Поиск сервисов TRBOnet...
[2026-07-16 04:04:51] [SUCCESS] ✅ Остатки после удаления не обнаружены
[2026-07-16 04:04:51] [SUCCESS] Отчёт сохранён в: C:\Automation\core\logs\uninstall_report.txt
[2026-07-16 04:04:51] [INFO] 
================================================================================
[2026-07-16 04:04:51] [SUCCESS] ✅ УДАЛЕНИЕ ВЫПОЛНЕНО УСПЕШНО! Полная очистка.
[2026-07-16 04:04:51] [SUCCESS]    Удалено экземпляров: 1
[2026-07-16 04:04:51] [INFO] ================================================================================
[2026-07-16 04:07:45] [INFO] ================================================================================
[2026-07-16 04:07:45] [INFO] ЗАПУСК АВТОМАТИЧЕСКОГО УДАЛЕНИЯ TRBOnet
[2026-07-16 04:07:45] [INFO] ================================================================================
[2026-07-16 04:07:45] [SUCCESS] ✅ Скрипт запущен с правами администратора
[2026-07-16 04:07:45] [INFO] Версия для удаления: 6.5.0.9120
[2026-07-16 04:07:45] [INFO] 
📌 ШАГ 1: Поиск установленных экземпляров TRBOnet
[2026-07-16 04:07:45] [INFO] ----------------------------------------
[2026-07-16 04:07:45] [WARNING] ⚠️ Установленные экземпляры TRBOnet не найдены
[2026-07-16 04:07:45] [INFO]    Возможно, приложение уже удалено
[2026-07-16 04:07:45] [SUCCESS] Отчёт сохранён в: C:\Automation\core\logs\uninstall_report.txt
[2026-07-20 02:09:54] [INFO] ================================================================================
[2026-07-20 02:09:54] [INFO] ЗАПУСК АВТОМАТИЧЕСКОГО УДАЛЕНИЯ TRBOnet
[2026-07-20 02:09:54] [INFO] ================================================================================
[2026-07-20 02:09:54] [SUCCESS] ✅ Скрипт запущен с правами администратора
[2026-07-20 02:09:54] [INFO] Версия для удаления: 6.5.0.9118
[2026-07-20 02:09:54] [INFO] 
📌 ШАГ 1: Поиск установленных экземпляров TRBOnet
[2026-07-20 02:09:54] [INFO] ----------------------------------------
[2026-07-20 02:09:54] [INFO]   Найден экземпляр: TRBOnet Enterprise 6.5 (версия: 6.5.0.9118)
[2026-07-20 02:09:54] [INFO] Найдено экземпляров: 1
[2026-07-20 02:09:54] [INFO] 
📌 ШАГ 2: Завершение процессов TRBOnet
[2026-07-20 02:09:54] [INFO] ----------------------------------------
[2026-07-20 02:09:54] [INFO] Поиск процессов, содержащих 'TRBOnet'...
[2026-07-20 02:09:54] [INFO]   Завершаем процесс: TRBOnet.Server.exe (PID: 17680)
[2026-07-20 02:09:54] [SUCCESS] Завершено процессов: 1
[2026-07-20 02:09:54] [INFO] 
📌 ШАГ 3: Поиск установочного файла
[2026-07-20 02:09:54] [INFO] ----------------------------------------
[2026-07-20 02:09:54] [INFO] Поиск установочного файла...
[2026-07-20 02:09:54] [INFO]   Папка: C:\builds
[2026-07-20 02:09:54] [INFO]   Версия: 6.5.0.9118
[2026-07-20 02:09:54] [SUCCESS] ✅ Найден установочный файл: C:\builds\TRBOnet.Enterprise_6.5.0.9118.exe
[2026-07-20 02:09:54] [INFO] 
📌 ШАГ 4: Удаление экземпляров TRBOnet через установочный файл
[2026-07-20 02:09:54] [INFO] ----------------------------------------
[2026-07-20 02:09:54] [INFO] 
  [1/1] Удаление экземпляра: TRBOnet Enterprise 6.5
[2026-07-20 02:09:54] [INFO]   Версия: 6.5.0.9118
[2026-07-20 02:09:54] [INFO]   Product Code: TRBOnet Enterprise 6.5 6.5.0.9118
[2026-07-20 02:09:54] [INFO] Запуск удаления через установочный файл...
[2026-07-20 02:09:54] [INFO]   Файл: C:\builds\TRBOnet.Enterprise_6.5.0.9118.exe
[2026-07-20 02:09:54] [INFO]   Экземпляр: TRBOnet Enterprise 6.5
[2026-07-20 02:09:54] [INFO]   Product Code: TRBOnet Enterprise 6.5 6.5.0.9118
[2026-07-20 02:09:54] [INFO]   Аргументы: /uninstallinst "TRBOnet Enterprise 6.5" /exebasicui /exelog "C:\Automation\core\logs\uninstall_log_020954.txt" /quiet /qn /norestart
[2026-07-20 02:09:55] [SUCCESS] ✅ Процесс удаления запущен (Handle: 42)
[2026-07-20 02:09:55] [INFO] ⏳ Ожидание завершения удаления...
[2026-07-20 02:10:10] [INFO]   Удаление выполняется... (15 сек из 120 максимум)
[2026-07-20 02:10:25] [INFO]   Удаление выполняется... (30 сек из 120 максимум)
[2026-07-20 02:10:28] [SUCCESS] ✅ Продукт успешно удалён за 33 секунд
[2026-07-20 02:10:28] [SUCCESS]   ✅ Удаление TRBOnet Enterprise 6.5 выполнено успешно
[2026-07-20 02:10:28] [INFO] 
📌 ШАГ 5: Проверка остатков после удаления
[2026-07-20 02:10:28] [INFO] ----------------------------------------
[2026-07-20 02:10:28] [INFO] Проверка остатков после удаления...
[2026-07-20 02:10:28] [INFO]   Поиск сервисов TRBOnet...
[2026-07-20 02:10:28] [SUCCESS] ✅ Остатки после удаления не обнаружены
[2026-07-20 02:10:28] [SUCCESS] Отчёт сохранён в: C:\Automation\core\logs\uninstall_report.txt
[2026-07-20 02:10:28] [INFO] 
================================================================================
[2026-07-20 02:10:28] [SUCCESS] ✅ УДАЛЕНИЕ ВЫПОЛНЕНО УСПЕШНО! Полная очистка.
[2026-07-20 02:10:28] [SUCCESS]    Удалено экземпляров: 1
[2026-07-20 02:10:28] [INFO] ================================================================================
[2026-08-03 21:54:47] [INFO] ================================================================================
[2026-08-03 21:54:47] [INFO] ЗАПУСК АВТОМАТИЧЕСКОГО УДАЛЕНИЯ TRBOnet
[2026-08-03 21:54:47] [INFO] ================================================================================
[2026-08-03 21:54:47] [SUCCESS] ✅ Скрипт запущен с правами администратора
[2026-08-03 21:54:47] [INFO] 
📌 ШАГ 1: Поиск установленных экземпляров
[2026-08-03 21:54:47] [INFO] ----------------------------------------
[2026-08-03 21:54:47] [INFO] Поиск установленных экземпляров TRBOnet...
[2026-08-03 21:54:47] [INFO]   Найден экземпляр: TRBOnet Enterprise 6.5 (версия: 6.5.0.9141, Product Code: {CEC1EF24-87F3-4324-A393-104A5038078C})
[2026-08-03 21:54:47] [INFO]   Найден экземпляр: TRBOnet Enterprise 6.5 (версия: 6.5.0.9141, Product Code: TRBOnet Enterprise 6.5 6.5.0.9141)
[2026-08-03 21:54:47] [SUCCESS]   ✅ Найдено экземпляров: 2
[2026-08-03 21:54:47] [INFO] 
📌 ШАГ 2: Завершение процессов TRBOnet
[2026-08-03 21:54:47] [INFO] ----------------------------------------
[2026-08-03 21:54:47] [INFO] Поиск и завершение процессов с 'TRBOnet'...
[2026-08-03 21:54:47] [INFO]   Завершаем: TRBOnet.Server.exe (PID: 13692)
[2026-08-03 21:54:47] [SUCCESS]   ✅ Завершено процессов: 1
[2026-08-03 21:54:47] [INFO] 
📌 ШАГ 3: Удаление экземпляров
[2026-08-03 21:54:47] [INFO] ----------------------------------------
[2026-08-03 21:54:47] [INFO] Автоматическое удаление всех найденных экземпляров через msiexec
[2026-08-03 21:54:47] [INFO] Удаление через msiexec: TRBOnet Enterprise 6.5
[2026-08-03 21:54:47] [INFO]   Product Code: {CEC1EF24-87F3-4324-A393-104A5038078C}
[2026-08-03 21:54:47] [INFO]   Версия: 6.5.0.9141
[2026-08-03 21:54:47] [DEBUG]   Команда: msiexec /x {CEC1EF24-87F3-4324-A393-104A5038078C} /quiet /qn /norestart
[2026-08-03 21:55:03] [SUCCESS]   ✅ Удаление успешно завершено
[2026-08-03 21:55:03] [INFO] Удаление через msiexec: TRBOnet Enterprise 6.5
[2026-08-03 21:55:03] [INFO]   Product Code: TRBOnet Enterprise 6.5 6.5.0.9141
[2026-08-03 21:55:03] [INFO]   Версия: 6.5.0.9141
[2026-08-03 21:55:03] [DEBUG]   Команда: msiexec /x TRBOnet Enterprise 6.5 6.5.0.9141 /quiet /qn /norestart
[2026-08-03 21:55:03] [ERROR]   ❌ Ошибка: Неизвестная ошибка (код 1619)
[2026-08-03 21:55:03] [INFO] 
📌 ШАГ 4: Проверка остатков
[2026-08-03 21:55:03] [INFO] ----------------------------------------
[2026-08-03 21:55:03] [INFO] Проверка остатков после удаления...
[2026-08-03 21:55:03] [SUCCESS]   ✅ Остатки не обнаружены
[2026-08-03 21:55:03] [SUCCESS] Отчёт сохранён в: C:\Automation\core\logs\uninstall_report.txt
[2026-08-03 21:55:03] [INFO] 
================================================================================
[2026-08-03 21:55:03] [WARNING] ⚠️ УДАЛЕНИЕ ВЫПОЛНЕНО С ОШИБКАМИ!
[2026-08-03 21:55:03] [WARNING]   Ошибки: 1
[2026-08-03 21:55:03] [WARNING]     - TRBOnet Enterprise 6.5: Ошибка msiexec: Неизвестная ошибка (код 1619)
[2026-08-03 22:05:37] [INFO] ================================================================================
[2026-08-03 22:05:37] [INFO] ЗАПУСК АВТОМАТИЧЕСКОГО УДАЛЕНИЯ TRBOnet
[2026-08-03 22:05:37] [INFO] ================================================================================
[2026-08-03 22:05:37] [SUCCESS] ✅ Скрипт запущен с правами администратора
[2026-08-03 22:05:37] [INFO] 
📌 ШАГ 1: Поиск установленных экземпляров
[2026-08-03 22:05:37] [INFO] ----------------------------------------
[2026-08-03 22:05:37] [INFO] Поиск установленных экземпляров TRBOnet...
[2026-08-03 22:05:37] [INFO]   Найден экземпляр: TRBOnet Enterprise 6.5 (версия: 6.5.0.9141, Product Code: {CEC1EF24-87F3-4324-A393-104A5038078C})
[2026-08-03 22:05:37] [SUCCESS]   ✅ Найдено экземпляров: 1
[2026-08-03 22:05:37] [INFO] 
📌 ШАГ 2: Завершение процессов TRBOnet
[2026-08-03 22:05:37] [INFO] ----------------------------------------
[2026-08-03 22:05:37] [INFO] Поиск и завершение процессов с 'TRBOnet'...
[2026-08-03 22:05:37] [INFO]   Процессы не найдены
[2026-08-03 22:05:37] [INFO] 
📌 ШАГ 3: Удаление экземпляров
[2026-08-03 22:05:37] [INFO] ----------------------------------------
[2026-08-03 22:05:37] [INFO] Автоматическое удаление всех найденных экземпляров через msiexec
[2026-08-03 22:05:37] [INFO] Удаление через msiexec: TRBOnet Enterprise 6.5
[2026-08-03 22:05:37] [INFO]   Product Code: {CEC1EF24-87F3-4324-A393-104A5038078C}
[2026-08-03 22:05:37] [INFO]   Версия: 6.5.0.9141
[2026-08-03 22:05:37] [DEBUG]   Команда: msiexec /x {CEC1EF24-87F3-4324-A393-104A5038078C} /quiet /qn /norestart
[2026-08-03 22:05:51] [SUCCESS]   ✅ Удаление успешно завершено
[2026-08-03 22:05:51] [INFO] 
📌 ШАГ 4: Проверка остатков
[2026-08-03 22:05:51] [INFO] ----------------------------------------
[2026-08-03 22:05:51] [INFO] Проверка остатков после удаления...
[2026-08-03 22:05:51] [SUCCESS]   ✅ Остатки не обнаружены
[2026-08-03 22:05:51] [SUCCESS] Отчёт сохранён в: C:\Automation\core\logs\uninstall_report.txt
[2026-08-03 22:05:51] [INFO] 
================================================================================
[2026-08-03 22:05:51] [SUCCESS] ✅ УДАЛЕНИЕ ВЫПОЛНЕНО УСПЕШНО!
[2026-08-03 22:05:51] [SUCCESS]    Удалено экземпляров: 1
[2026-08-03 22:05:51] [SUCCESS]    Метод: msiexec (автоматическое)
[2026-08-03 22:05:51] [INFO] ================================================================================
[2026-08-03 22:12:43] [INFO] ================================================================================
[2026-08-03 22:12:43] [INFO] ЗАПУСК АВТОМАТИЧЕСКОГО УДАЛЕНИЯ TRBOnet
[2026-08-03 22:12:43] [INFO] ================================================================================
[2026-08-03 22:12:43] [SUCCESS] ✅ Скрипт запущен с правами администратора
[2026-08-03 22:12:43] [INFO] 
📌 ШАГ 1: Поиск установленных экземпляров
[2026-08-03 22:12:43] [INFO] ----------------------------------------
[2026-08-03 22:12:43] [INFO] Поиск установленных экземпляров TRBOnet...
[2026-08-03 22:12:43] [INFO]   Найден экземпляр: TRBOnet Enterprise 6.5 (версия: 6.5.0.9141, Product Code: {CEC1EF24-87F3-4324-A393-104A5038078C})
[2026-08-03 22:12:43] [SUCCESS]   ✅ Найдено экземпляров: 1
[2026-08-03 22:12:43] [INFO] 
📌 ШАГ 2: Завершение процессов TRBOnet
[2026-08-03 22:12:43] [INFO] ----------------------------------------
[2026-08-03 22:12:43] [INFO] Поиск и завершение процессов с 'TRBOnet'...
[2026-08-03 22:12:43] [INFO]   Процессы не найдены
[2026-08-03 22:12:43] [INFO] 
📌 ШАГ 3: Удаление экземпляров
[2026-08-03 22:12:43] [INFO] ----------------------------------------
[2026-08-03 22:12:43] [INFO] Удаление указанной версии: 6.5.0.9141
[2026-08-03 22:12:43] [INFO] Поиск установочного файла для версии 6.5.0.9141...
[2026-08-03 22:12:43] [SUCCESS]   ✅ Найден файл: C:\builds\TRBOnet.Enterprise_6.5.0.9141.exe
[2026-08-03 22:12:43] [INFO] Удаление через установочный файл: C:\builds\TRBOnet.Enterprise_6.5.0.9141.exe
[2026-08-03 22:12:43] [INFO]   Экземпляр: TRBOnet Enterprise 6.5
[2026-08-03 22:12:43] [DEBUG]   Аргументы: /uninstallinst "TRBOnet Enterprise 6.5" /exebasicui /exelog "C:\Automation\core\logs\uninstall_log_221243.txt" /quiet /qn /norestart
[2026-08-03 22:12:43] [SUCCESS]   ✅ Процесс удаления запущен (Handle: 42)
[2026-08-03 22:12:43] [INFO]   ⏳ Ожидание завершения удаления...
[2026-08-03 22:12:58] [INFO]   Удаление выполняется... (15 сек)
[2026-08-03 22:13:13] [INFO]   Удаление выполняется... (30 сек)
[2026-08-03 22:13:16] [SUCCESS]   ✅ Процесс установщика завершился через 33 секунд
[2026-08-03 22:13:16] [INFO] 
📌 ШАГ 4: Проверка остатков
[2026-08-03 22:13:16] [INFO] ----------------------------------------
[2026-08-03 22:13:16] [INFO] Проверка остатков после удаления...
[2026-08-03 22:13:16] [SUCCESS]   ✅ Остатки не обнаружены
[2026-08-03 22:13:16] [SUCCESS] Отчёт сохранён в: C:\Automation\core\logs\uninstall_report.txt
[2026-08-03 22:13:16] [INFO] 
================================================================================
[2026-08-03 22:13:16] [SUCCESS] ✅ УДАЛЕНИЕ ВЫПОЛНЕНО УСПЕШНО!
[2026-08-03 22:13:16] [SUCCESS]    Удалено экземпляров: 1
[2026-08-03 22:13:16] [SUCCESS]    Метод: /uninstallinst (версия 6.5.0.9141)
[2026-08-03 22:13:16] [INFO] ================================================================================
[2026-08-04 06:48:02] [INFO] ================================================================================
[2026-08-04 06:48:02] [INFO] ЗАПУСК АВТОМАТИЧЕСКОГО УДАЛЕНИЯ TRBOnet
[2026-08-04 06:48:02] [INFO] ================================================================================
[2026-08-04 06:48:02] [SUCCESS] ✅ Скрипт запущен с правами администратора
[2026-08-04 06:48:02] [INFO] 
📌 ШАГ 1: Поиск установленных экземпляров
[2026-08-04 06:48:02] [INFO] ----------------------------------------
[2026-08-04 06:48:02] [INFO] Поиск установленных экземпляров TRBOnet...
[2026-08-04 06:48:02] [INFO]   Найден экземпляр: TRBOnet Enterprise 6.5 (версия: 6.5.0.9118, Product Code: {CEC1EF24-87F3-4324-A393-104A5038078C})
[2026-08-04 06:48:02] [SUCCESS]   ✅ Найдено экземпляров: 1
[2026-08-04 06:48:02] [INFO] 
📌 ШАГ 2: Завершение процессов TRBOnet
[2026-08-04 06:48:02] [INFO] ----------------------------------------
[2026-08-04 06:48:02] [INFO] Поиск и завершение процессов с 'TRBOnet'...
[2026-08-04 06:48:02] [INFO]   Завершаем: TRBOnet.Server.exe (PID: 3680)
[2026-08-04 06:48:02] [SUCCESS]   ✅ Завершено процессов: 1
[2026-08-04 06:48:02] [INFO] 
📌 ШАГ 3: Удаление экземпляров
[2026-08-04 06:48:02] [INFO] ----------------------------------------
[2026-08-04 06:48:02] [INFO] Автоматическое удаление всех найденных экземпляров через msiexec
[2026-08-04 06:48:02] [INFO] Удаление через msiexec: TRBOnet Enterprise 6.5
[2026-08-04 06:48:02] [INFO]   Product Code: {CEC1EF24-87F3-4324-A393-104A5038078C}
[2026-08-04 06:48:02] [INFO]   Версия: 6.5.0.9118
[2026-08-04 06:48:02] [DEBUG]   Команда: msiexec /x {CEC1EF24-87F3-4324-A393-104A5038078C} /quiet /qn /norestart
[2026-08-04 06:48:16] [SUCCESS]   ✅ Удаление успешно завершено
[2026-08-04 06:48:16] [INFO] 
📌 ШАГ 4: Проверка остатков
[2026-08-04 06:48:16] [INFO] ----------------------------------------
[2026-08-04 06:48:16] [INFO] Проверка остатков после удаления...
[2026-08-04 06:48:16] [SUCCESS]   ✅ Остатки не обнаружены
[2026-08-04 06:48:16] [SUCCESS] Отчёт сохранён в: C:\Automation\core\logs\uninstall_report.txt
[2026-08-04 06:48:16] [INFO] 
================================================================================
[2026-08-04 06:48:16] [SUCCESS] ✅ УДАЛЕНИЕ ВЫПОЛНЕНО УСПЕШНО!
[2026-08-04 06:48:16] [SUCCESS]    Удалено экземпляров: 1
[2026-08-04 06:48:16] [SUCCESS]    Метод: msiexec (автоматическое)
[2026-08-04 06:48:16] [INFO] ================================================================================
[2026-08-04 16:41:31] [INFO] ================================================================================
[2026-08-04 16:41:31] [INFO] ЗАПУСК АВТОМАТИЧЕСКОГО УДАЛЕНИЯ TRBOnet
[2026-08-04 16:41:31] [INFO] ================================================================================
[2026-08-04 16:41:31] [SUCCESS] ✅ Скрипт запущен с правами администратора
[2026-08-04 16:41:31] [INFO] 
📌 ШАГ 1: Поиск установленных экземпляров
[2026-08-04 16:41:31] [INFO] ----------------------------------------
[2026-08-04 16:41:31] [INFO] Поиск установленных экземпляров TRBOnet...
[2026-08-04 16:41:31] [INFO]   Найден экземпляр: TRBOnet Enterprise 6.5 (версия: 6.5.0.9118, Product Code: {CEC1EF24-87F3-4324-A393-104A5038078C})
[2026-08-04 16:41:31] [SUCCESS]   ✅ Найдено экземпляров: 1
[2026-08-04 16:41:31] [INFO] 
📌 ШАГ 2: Завершение процессов TRBOnet
[2026-08-04 16:41:31] [INFO] ----------------------------------------
[2026-08-04 16:41:31] [INFO] Поиск и завершение процессов с 'TRBOnet'...
[2026-08-04 16:41:31] [INFO]   Процессы не найдены
[2026-08-04 16:41:31] [INFO] 
📌 ШАГ 3: Удаление экземпляров
[2026-08-04 16:41:31] [INFO] ----------------------------------------
[2026-08-04 16:41:31] [INFO] Автоматическое удаление всех найденных экземпляров через msiexec
[2026-08-04 16:41:31] [INFO] Удаление через msiexec: TRBOnet Enterprise 6.5
[2026-08-04 16:41:31] [INFO]   Product Code: {CEC1EF24-87F3-4324-A393-104A5038078C}
[2026-08-04 16:41:31] [INFO]   Версия: 6.5.0.9118
[2026-08-04 16:41:31] [DEBUG]   Команда: msiexec /x {CEC1EF24-87F3-4324-A393-104A5038078C} /quiet /qn /norestart
[2026-08-04 16:41:44] [SUCCESS]   ✅ Удаление успешно завершено
[2026-08-04 16:41:44] [INFO] 
📌 ШАГ 4: Проверка остатков
[2026-08-04 16:41:44] [INFO] ----------------------------------------
[2026-08-04 16:41:44] [INFO] Проверка остатков после удаления...
[2026-08-04 16:41:44] [SUCCESS]   ✅ Остатки не обнаружены
[2026-08-04 16:41:44] [SUCCESS] Отчёт сохранён в: C:\Automation\core\logs\uninstall_report.txt
[2026-08-04 16:41:44] [INFO] 
================================================================================
[2026-08-04 16:41:44] [SUCCESS] ✅ УДАЛЕНИЕ ВЫПОЛНЕНО УСПЕШНО!
[2026-08-04 16:41:44] [SUCCESS]    Удалено экземпляров: 1
[2026-08-04 16:41:44] [SUCCESS]    Метод: msiexec (автоматическое)
[2026-08-04 16:41:44] [INFO] ================================================================================
[2026-08-04 17:04:44] [INFO] ================================================================================
[2026-08-04 17:04:44] [INFO] ЗАПУСК АВТОМАТИЧЕСКОГО УДАЛЕНИЯ TRBOnet
[2026-08-04 17:04:44] [INFO] ================================================================================
[2026-08-04 17:04:44] [SUCCESS] ✅ Скрипт запущен с правами администратора
[2026-08-04 17:04:44] [INFO] 
📌 ШАГ 1: Поиск установленных экземпляров
[2026-08-04 17:04:44] [INFO] ----------------------------------------
[2026-08-04 17:04:44] [INFO] Поиск установленных экземпляров TRBOnet...
[2026-08-04 17:04:44] [INFO]   Найден экземпляр: TRBOnet Enterprise 6.5 (версия: 6.5.0.9118, Product Code: {CEC1EF24-87F3-4324-A393-104A5038078C})
[2026-08-04 17:04:44] [SUCCESS]   ✅ Найдено экземпляров: 1
[2026-08-04 17:04:44] [INFO] 
📌 ШАГ 2: Завершение процессов TRBOnet
[2026-08-04 17:04:44] [INFO] ----------------------------------------
[2026-08-04 17:04:44] [INFO] Поиск и завершение процессов с 'TRBOnet'...
[2026-08-04 17:04:44] [INFO]   Процессы не найдены
[2026-08-04 17:04:44] [INFO] 
📌 ШАГ 3: Удаление экземпляров
[2026-08-04 17:04:44] [INFO] ----------------------------------------
[2026-08-04 17:04:44] [INFO] Автоматическое удаление всех найденных экземпляров через msiexec
[2026-08-04 17:04:44] [INFO] Удаление через msiexec: TRBOnet Enterprise 6.5
[2026-08-04 17:04:44] [INFO]   Product Code: {CEC1EF24-87F3-4324-A393-104A5038078C}
[2026-08-04 17:04:44] [INFO]   Версия: 6.5.0.9118
[2026-08-04 17:04:44] [DEBUG]   Команда: msiexec /x {CEC1EF24-87F3-4324-A393-104A5038078C} /quiet /qn /norestart
[2026-08-04 17:04:59] [SUCCESS]   ✅ Удаление успешно завершено
[2026-08-04 17:04:59] [INFO] 
📌 ШАГ 4: Проверка остатков
[2026-08-04 17:04:59] [INFO] ----------------------------------------
[2026-08-04 17:04:59] [INFO] Проверка остатков после удаления...
[2026-08-04 17:04:59] [SUCCESS]   ✅ Остатки не обнаружены
[2026-08-04 17:04:59] [SUCCESS] Отчёт сохранён в: C:\Automation\core\logs\uninstall_report.txt
[2026-08-04 17:04:59] [INFO] 
================================================================================
[2026-08-04 17:04:59] [SUCCESS] ✅ УДАЛЕНИЕ ВЫПОЛНЕНО УСПЕШНО!
[2026-08-04 17:04:59] [SUCCESS]    Удалено экземпляров: 1
[2026-08-04 17:04:59] [SUCCESS]    Метод: msiexec (автоматическое)
[2026-08-04 17:04:59] [INFO] ================================================================================
[2026-08-04 20:04:26] [INFO] ================================================================================
[2026-08-04 20:04:26] [INFO] ЗАПУСК АВТОМАТИЧЕСКОГО УДАЛЕНИЯ TRBOnet
[2026-08-04 20:04:26] [INFO] ================================================================================
[2026-08-04 20:04:26] [SUCCESS] ✅ Скрипт запущен с правами администратора
[2026-08-04 20:04:26] [INFO] 
📌 ШАГ 1: Поиск установленных экземпляров
[2026-08-04 20:04:26] [INFO] ----------------------------------------
[2026-08-04 20:04:26] [INFO] Поиск установленных экземпляров TRBOnet...
[2026-08-04 20:04:26] [INFO]   Найден экземпляр: TRBOnet Enterprise 6.5 (версия: 6.5.0.9142, Product Code: {CEC1EF24-87F3-4324-A393-104A5038078C})
[2026-08-04 20:04:26] [SUCCESS]   ✅ Найдено экземпляров: 1
[2026-08-04 20:04:26] [INFO] 
📌 ШАГ 2: Завершение процессов TRBOnet
[2026-08-04 20:04:26] [INFO] ----------------------------------------
[2026-08-04 20:04:26] [INFO] Поиск и завершение процессов с 'TRBOnet'...
[2026-08-04 20:04:26] [INFO]   Завершаем: TRBOnet.Server.exe (PID: 12088)
[2026-08-04 20:04:26] [SUCCESS]   ✅ Завершено процессов: 1
[2026-08-04 20:04:26] [INFO] 
📌 ШАГ 3: Удаление экземпляров
[2026-08-04 20:04:26] [INFO] ----------------------------------------
[2026-08-04 20:04:26] [INFO] Автоматическое удаление всех найденных экземпляров через msiexec
[2026-08-04 20:04:26] [INFO] Удаление через msiexec: TRBOnet Enterprise 6.5
[2026-08-04 20:04:26] [INFO]   Product Code: {CEC1EF24-87F3-4324-A393-104A5038078C}
[2026-08-04 20:04:26] [INFO]   Версия: 6.5.0.9142
[2026-08-04 20:04:26] [DEBUG]   Команда: msiexec /x {CEC1EF24-87F3-4324-A393-104A5038078C} /quiet /qn /norestart
[2026-08-04 20:04:46] [SUCCESS]   ✅ Удаление успешно завершено
[2026-08-04 20:04:46] [INFO] 
📌 ШАГ 4: Проверка остатков
[2026-08-04 20:04:46] [INFO] ----------------------------------------
[2026-08-04 20:04:46] [INFO] Проверка остатков после удаления...
[2026-08-04 20:04:46] [SUCCESS]   ✅ Остатки не обнаружены
[2026-08-04 20:04:46] [SUCCESS] Отчёт сохранён в: C:\Automation\core\logs\uninstall_report.txt
[2026-08-04 20:04:46] [INFO] 
================================================================================
[2026-08-04 20:04:46] [SUCCESS] ✅ УДАЛЕНИЕ ВЫПОЛНЕНО УСПЕШНО!
[2026-08-04 20:04:46] [SUCCESS]    Удалено экземпляров: 1
[2026-08-04 20:04:46] [SUCCESS]    Метод: msiexec (автоматическое)
[2026-08-04 20:04:46] [INFO] ================================================================================
[2026-08-07 03:28:11] [INFO] ================================================================================
[2026-08-07 03:28:11] [INFO] ЗАПУСК АВТОМАТИЧЕСКОГО УДАЛЕНИЯ TRBOnet
[2026-08-07 03:28:11] [INFO] ================================================================================
[2026-08-07 03:28:11] [SUCCESS] ✅ Скрипт запущен с правами администратора
[2026-08-07 03:28:11] [INFO] 
📌 ШАГ 1: Поиск установленных экземпляров
[2026-08-07 03:28:11] [INFO] ----------------------------------------
[2026-08-07 03:28:11] [INFO] Поиск установленных экземпляров TRBOnet...
[2026-08-07 03:28:11] [INFO]   Найден экземпляр: TRBOnet Enterprise 6.5 (версия: 6.5.0.9142, Product Code: {CEC1EF24-87F3-4324-A393-104A5038078C})
[2026-08-07 03:28:11] [SUCCESS]   ✅ Найдено экземпляров: 1
[2026-08-07 03:28:11] [INFO] 
📌 ШАГ 2: Завершение процессов TRBOnet
[2026-08-07 03:28:11] [INFO] ----------------------------------------
[2026-08-07 03:28:11] [INFO] Поиск и завершение процессов с 'TRBOnet'...
[2026-08-07 03:28:11] [INFO]   Процессы не найдены
[2026-08-07 03:28:11] [INFO] 
📌 ШАГ 3: Удаление экземпляров
[2026-08-07 03:28:11] [INFO] ----------------------------------------
[2026-08-07 03:28:11] [INFO] Автоматическое удаление всех найденных экземпляров через msiexec
[2026-08-07 03:28:11] [INFO] Удаление через msiexec: TRBOnet Enterprise 6.5
[2026-08-07 03:28:11] [INFO]   Product Code: {CEC1EF24-87F3-4324-A393-104A5038078C}
[2026-08-07 03:28:11] [INFO]   Версия: 6.5.0.9142
[2026-08-07 03:28:11] [DEBUG]   Команда: msiexec /x {CEC1EF24-87F3-4324-A393-104A5038078C} /quiet /qn /norestart
[2026-08-07 03:28:26] [SUCCESS]   ✅ Удаление успешно завершено
[2026-08-07 03:28:26] [INFO] 
📌 ШАГ 4: Проверка остатков
[2026-08-07 03:28:26] [INFO] ----------------------------------------
[2026-08-07 03:28:26] [INFO] Проверка остатков после удаления...
[2026-08-07 03:28:26] [SUCCESS]   ✅ Остатки не обнаружены
[2026-08-07 03:28:26] [SUCCESS] Отчёт сохранён в: C:\Automation\core\logs\uninstall_report.txt
[2026-08-07 03:28:26] [INFO] 
================================================================================
[2026-08-07 03:28:26] [SUCCESS] ✅ УДАЛЕНИЕ ВЫПОЛНЕНО УСПЕШНО!
[2026-08-07 03:28:26] [SUCCESS]    Удалено экземпляров: 1
[2026-08-07 03:28:26] [SUCCESS]    Метод: msiexec (автоматическое)
[2026-08-07 03:28:26] [INFO] ================================================================================
[2026-08-07 03:32:02] [INFO] ================================================================================
[2026-08-07 03:32:02] [INFO] ЗАПУСК АВТОМАТИЧЕСКОГО УДАЛЕНИЯ TRBOnet
[2026-08-07 03:32:02] [INFO] ================================================================================
[2026-08-07 03:32:02] [SUCCESS] ✅ Скрипт запущен с правами администратора
[2026-08-07 03:32:02] [INFO] 
📌 ШАГ 1: Поиск установленных экземпляров
[2026-08-07 03:32:02] [INFO] ----------------------------------------
[2026-08-07 03:32:02] [INFO] Поиск установленных экземпляров TRBOnet...
[2026-08-07 03:32:02] [INFO]   Найден экземпляр: TRBOnet Enterprise 6.5 (версия: 6.5.0.9142, Product Code: {CEC1EF24-87F3-4324-A393-104A5038078C})
[2026-08-07 03:32:02] [SUCCESS]   ✅ Найдено экземпляров: 1
[2026-08-07 03:32:02] [INFO] 
📌 ШАГ 2: Завершение процессов TRBOnet
[2026-08-07 03:32:02] [INFO] ----------------------------------------
[2026-08-07 03:32:02] [INFO] Поиск и завершение процессов с 'TRBOnet'...
[2026-08-07 03:32:02] [INFO]   Завершаем: TRBOnet.Server.exe (PID: 17896)
[2026-08-07 03:32:02] [SUCCESS]   ✅ Завершено процессов: 1
[2026-08-07 03:32:02] [INFO] 
📌 ШАГ 3: Удаление экземпляров
[2026-08-07 03:32:02] [INFO] ----------------------------------------
[2026-08-07 03:32:02] [INFO] Автоматическое удаление всех найденных экземпляров через msiexec
[2026-08-07 03:32:02] [INFO] Удаление через msiexec: TRBOnet Enterprise 6.5
[2026-08-07 03:32:02] [INFO]   Product Code: {CEC1EF24-87F3-4324-A393-104A5038078C}
[2026-08-07 03:32:02] [INFO]   Версия: 6.5.0.9142
[2026-08-07 03:32:02] [DEBUG]   Команда: msiexec /x {CEC1EF24-87F3-4324-A393-104A5038078C} /quiet /qn /norestart
[2026-08-07 03:32:17] [SUCCESS]   ✅ Удаление успешно завершено
[2026-08-07 03:32:17] [INFO] 
📌 ШАГ 4: Проверка остатков
[2026-08-07 03:32:17] [INFO] ----------------------------------------
[2026-08-07 03:32:17] [INFO] Проверка остатков после удаления...
[2026-08-07 03:32:17] [SUCCESS]   ✅ Остатки не обнаружены
[2026-08-07 03:32:17] [SUCCESS] Отчёт сохранён в: C:\Automation\core\logs\uninstall_report.txt
[2026-08-07 03:32:17] [INFO] 
================================================================================
[2026-08-07 03:32:17] [SUCCESS] ✅ УДАЛЕНИЕ ВЫПОЛНЕНО УСПЕШНО!
[2026-08-07 03:32:17] [SUCCESS]    Удалено экземпляров: 1
[2026-08-07 03:32:17] [SUCCESS]    Метод: msiexec (автоматическое)
[2026-08-07 03:32:17] [INFO] ================================================================================
[2026-08-09 23:12:34] [INFO] ================================================================================
[2026-08-09 23:12:34] [INFO] ЗАПУСК АВТОМАТИЧЕСКОГО УДАЛЕНИЯ TRBOnet
[2026-08-09 23:12:34] [INFO] ================================================================================
[2026-08-09 23:12:34] [SUCCESS] ✅ Скрипт запущен с правами администратора
[2026-08-09 23:12:34] [INFO] 
📌 ШАГ 1: Поиск установленных экземпляров
[2026-08-09 23:12:34] [INFO] ----------------------------------------
[2026-08-09 23:12:34] [INFO] Поиск установленных экземпляров TRBOnet...
[2026-08-09 23:12:34] [INFO]   Найден экземпляр: TRBOnet Enterprise 6.5 (версия: 6.5.0.9142, Product Code: {CEC1EF24-87F3-4324-A393-104A5038078C})
[2026-08-09 23:12:34] [SUCCESS]   ✅ Найдено экземпляров: 1
[2026-08-09 23:12:34] [INFO] 
📌 ШАГ 2: Завершение процессов TRBOnet
[2026-08-09 23:12:34] [INFO] ----------------------------------------
[2026-08-09 23:12:34] [INFO] Поиск и завершение процессов с 'TRBOnet'...
[2026-08-09 23:12:34] [INFO]   Процессы не найдены
[2026-08-09 23:12:34] [INFO] 
📌 ШАГ 3: Удаление экземпляров
[2026-08-09 23:12:34] [INFO] ----------------------------------------
[2026-08-09 23:12:34] [INFO] Автоматическое удаление всех найденных экземпляров через msiexec
[2026-08-09 23:12:34] [INFO] Удаление через msiexec: TRBOnet Enterprise 6.5
[2026-08-09 23:12:34] [INFO]   Product Code: {CEC1EF24-87F3-4324-A393-104A5038078C}
[2026-08-09 23:12:34] [INFO]   Версия: 6.5.0.9142
[2026-08-09 23:12:34] [DEBUG]   Команда: msiexec /x {CEC1EF24-87F3-4324-A393-104A5038078C} /quiet /qn /norestart
[2026-08-09 23:12:49] [SUCCESS]   ✅ Удаление успешно завершено
[2026-08-09 23:12:49] [INFO] 
📌 ШАГ 4: Проверка остатков
[2026-08-09 23:12:49] [INFO] ----------------------------------------
[2026-08-09 23:12:49] [INFO] Проверка остатков после удаления...
[2026-08-09 23:12:49] [SUCCESS]   ✅ Остатки не обнаружены
[2026-08-09 23:12:49] [SUCCESS] Отчёт сохранён в: C:\Automation\core\logs\uninstall_report.txt
[2026-08-09 23:12:49] [INFO] 
================================================================================
[2026-08-09 23:12:49] [SUCCESS] ✅ УДАЛЕНИЕ ВЫПОЛНЕНО УСПЕШНО!
[2026-08-09 23:12:49] [SUCCESS]    Удалено экземпляров: 1
[2026-08-09 23:12:49] [SUCCESS]    Метод: msiexec (автоматическое)
[2026-08-09 23:12:49] [INFO] ================================================================================
[2026-08-09 23:29:14] [INFO] ================================================================================
[2026-08-09 23:29:14] [INFO] ЗАПУСК АВТОМАТИЧЕСКОГО УДАЛЕНИЯ TRBOnet
[2026-08-09 23:29:14] [INFO] ================================================================================
[2026-08-09 23:29:14] [SUCCESS] ✅ Скрипт запущен с правами администратора
[2026-08-09 23:29:14] [INFO] 
📌 ШАГ 1: Поиск установленных экземпляров
[2026-08-09 23:29:14] [INFO] ----------------------------------------
[2026-08-09 23:29:14] [INFO] Поиск установленных экземпляров TRBOnet...
[2026-08-09 23:29:14] [INFO]   Найден экземпляр: TRBOnet Enterprise 6.5 (версия: 6.5.0.9142, Product Code: {CEC1EF24-87F3-4324-A393-104A5038078C})
[2026-08-09 23:29:14] [SUCCESS]   ✅ Найдено экземпляров: 1
[2026-08-09 23:29:14] [INFO] 
📌 ШАГ 2: Завершение процессов TRBOnet
[2026-08-09 23:29:14] [INFO] ----------------------------------------
[2026-08-09 23:29:14] [INFO] Поиск и завершение процессов с 'TRBOnet'...
[2026-08-09 23:29:14] [INFO]   Завершаем: TRBOnet.Server.exe (PID: 16508)
[2026-08-09 23:29:14] [SUCCESS]   ✅ Завершено процессов: 1
[2026-08-09 23:29:14] [INFO] 
📌 ШАГ 3: Удаление экземпляров
[2026-08-09 23:29:14] [INFO] ----------------------------------------
[2026-08-09 23:29:14] [INFO] Автоматическое удаление всех найденных экземпляров через msiexec
[2026-08-09 23:29:14] [INFO] Удаление через msiexec: TRBOnet Enterprise 6.5
[2026-08-09 23:29:14] [INFO]   Product Code: {CEC1EF24-87F3-4324-A393-104A5038078C}
[2026-08-09 23:29:14] [INFO]   Версия: 6.5.0.9142
[2026-08-09 23:29:14] [DEBUG]   Команда: msiexec /x {CEC1EF24-87F3-4324-A393-104A5038078C} /quiet /qn /norestart
[2026-08-09 23:29:28] [SUCCESS]   ✅ Удаление успешно завершено
[2026-08-09 23:29:28] [INFO] 
📌 ШАГ 4: Проверка остатков
[2026-08-09 23:29:28] [INFO] ----------------------------------------
[2026-08-09 23:29:28] [INFO] Проверка остатков после удаления...
[2026-08-09 23:29:28] [SUCCESS]   ✅ Остатки не обнаружены
[2026-08-09 23:29:28] [SUCCESS] Отчёт сохранён в: C:\Automation\core\logs\uninstall_report.txt
[2026-08-09 23:29:28] [INFO] 
================================================================================
[2026-08-09 23:29:28] [SUCCESS] ✅ УДАЛЕНИЕ ВЫПОЛНЕНО УСПЕШНО!
[2026-08-09 23:29:28] [SUCCESS]    Удалено экземпляров: 1
[2026-08-09 23:29:28] [SUCCESS]    Метод: msiexec (автоматическое)
[2026-08-09 23:29:28] [INFO] ================================================================================
[2026-08-10 03:54:46] [INFO] ================================================================================
[2026-08-10 03:54:46] [INFO] ЗАПУСК АВТОМАТИЧЕСКОГО УДАЛЕНИЯ TRBOnet
[2026-08-10 03:54:46] [INFO] ================================================================================
[2026-08-10 03:54:46] [SUCCESS] ✅ Скрипт запущен с правами администратора
[2026-08-10 03:54:46] [INFO] 
📌 ШАГ 1: Поиск установленных экземпляров
[2026-08-10 03:54:46] [INFO] ----------------------------------------
[2026-08-10 03:54:46] [INFO] Поиск установленных экземпляров TRBOnet...
[2026-08-10 03:54:46] [INFO]   Найден экземпляр: TRBOnet Enterprise 6.5 (версия: 6.5.0.9142, Product Code: {CEC1EF24-87F3-4324-A393-104A5038078C})
[2026-08-10 03:54:46] [SUCCESS]   ✅ Найдено экземпляров: 1
[2026-08-10 03:54:46] [INFO] 
📌 ШАГ 2: Завершение процессов TRBOnet
[2026-08-10 03:54:46] [INFO] ----------------------------------------
[2026-08-10 03:54:46] [INFO] Поиск и завершение процессов с 'TRBOnet'...
[2026-08-10 03:54:46] [INFO]   Завершаем: TRBOnet.Server.exe (PID: 4080)
[2026-08-10 03:54:46] [SUCCESS]   ✅ Завершено процессов: 1
[2026-08-10 03:54:46] [INFO] 
📌 ШАГ 3: Удаление экземпляров
[2026-08-10 03:54:46] [INFO] ----------------------------------------
[2026-08-10 03:54:46] [INFO] Автоматическое удаление всех найденных экземпляров через msiexec
[2026-08-10 03:54:46] [INFO] Удаление через msiexec: TRBOnet Enterprise 6.5
[2026-08-10 03:54:46] [INFO]   Product Code: {CEC1EF24-87F3-4324-A393-104A5038078C}
[2026-08-10 03:54:46] [INFO]   Версия: 6.5.0.9142
[2026-08-10 03:54:46] [DEBUG]   Команда: msiexec /x {CEC1EF24-87F3-4324-A393-104A5038078C} /quiet /qn /norestart
[2026-08-10 03:55:01] [SUCCESS]   ✅ Удаление успешно завершено
[2026-08-10 03:55:01] [INFO] 
📌 ШАГ 4: Проверка остатков
[2026-08-10 03:55:01] [INFO] ----------------------------------------
[2026-08-10 03:55:01] [INFO] Проверка остатков после удаления...
[2026-08-10 03:55:01] [SUCCESS]   ✅ Остатки не обнаружены
[2026-08-10 03:55:01] [SUCCESS] Отчёт сохранён в: C:\Automation\core\logs\uninstall_report.txt
[2026-08-10 03:55:01] [INFO] 
================================================================================
[2026-08-10 03:55:01] [SUCCESS] ✅ УДАЛЕНИЕ ВЫПОЛНЕНО УСПЕШНО!
[2026-08-10 03:55:01] [SUCCESS]    Удалено экземпляров: 1
[2026-08-10 03:55:01] [SUCCESS]    Метод: msiexec (автоматическое)
[2026-08-10 03:55:01] [INFO] ================================================================================
[2026-08-11 17:59:53] [INFO] ================================================================================
[2026-08-11 17:59:53] [INFO] ЗАПУСК АВТОМАТИЧЕСКОГО УДАЛЕНИЯ TRBOnet
[2026-08-11 17:59:53] [INFO] ================================================================================
[2026-08-11 17:59:53] [SUCCESS] ✅ Скрипт запущен с правами администратора
[2026-08-11 17:59:53] [INFO] 
📌 ШАГ 1: Поиск установленных экземпляров
[2026-08-11 17:59:53] [INFO] ----------------------------------------
[2026-08-11 17:59:53] [INFO] Поиск установленных экземпляров TRBOnet...
[2026-08-11 17:59:53] [INFO]   Найден экземпляр: TRBOnet Enterprise 6.5 (версия: 6.5.0.9142, Product Code: {CEC1EF24-87F3-4324-A393-104A5038078C})
[2026-08-11 17:59:53] [SUCCESS]   ✅ Найдено экземпляров: 1
[2026-08-11 17:59:53] [INFO] 
📌 ШАГ 2: Завершение процессов TRBOnet
[2026-08-11 17:59:53] [INFO] ----------------------------------------
[2026-08-11 17:59:53] [INFO] Поиск и завершение процессов с 'TRBOnet'...
[2026-08-11 17:59:53] [INFO]   Завершаем: TRBOnet.Server.exe (PID: 4404)
[2026-08-11 17:59:53] [INFO]   Завершаем: TRBOnet.Server.exe (PID: 8228)
[2026-08-11 17:59:54] [INFO]   Завершаем: TRBOnet.One.exe (PID: 17204)
[2026-08-11 17:59:54] [SUCCESS]   ✅ Завершено процессов: 3
[2026-08-11 17:59:54] [INFO] 
📌 ШАГ 3: Удаление экземпляров
[2026-08-11 17:59:54] [INFO] ----------------------------------------
[2026-08-11 17:59:54] [INFO] Автоматическое удаление всех найденных экземпляров через msiexec
[2026-08-11 17:59:54] [INFO] Удаление через msiexec: TRBOnet Enterprise 6.5
[2026-08-11 17:59:54] [INFO]   Product Code: {CEC1EF24-87F3-4324-A393-104A5038078C}
[2026-08-11 17:59:54] [INFO]   Версия: 6.5.0.9142
[2026-08-11 17:59:54] [DEBUG]   Команда: msiexec /x {CEC1EF24-87F3-4324-A393-104A5038078C} /quiet /qn /norestart
[2026-08-11 18:00:09] [SUCCESS]   ✅ Удаление успешно завершено
[2026-08-11 18:00:09] [INFO] 
📌 ШАГ 4: Проверка остатков
[2026-08-11 18:00:09] [INFO] ----------------------------------------
[2026-08-11 18:00:09] [INFO] Проверка остатков после удаления...
[2026-08-11 18:00:09] [SUCCESS]   ✅ Остатки не обнаружены
[2026-08-11 18:00:09] [SUCCESS] Отчёт сохранён в: C:\Automation\core\logs\uninstall_report.txt
[2026-08-11 18:00:09] [INFO] 
================================================================================
[2026-08-11 18:00:09] [SUCCESS] ✅ УДАЛЕНИЕ ВЫПОЛНЕНО УСПЕШНО!
[2026-08-11 18:00:09] [SUCCESS]    Удалено экземпляров: 1
[2026-08-11 18:00:09] [SUCCESS]    Метод: msiexec (автоматическое)
[2026-08-11 18:00:09] [INFO] ================================================================================
[2026-08-13 04:23:14] [INFO] ================================================================================
[2026-08-13 04:23:14] [INFO] ЗАПУСК АВТОМАТИЧЕСКОГО УДАЛЕНИЯ TRBOnet
[2026-08-13 04:23:14] [INFO] ================================================================================
[2026-08-13 04:23:14] [WARNING] ⚠️ Скрипт запущен без прав администратора!
[2026-08-13 04:23:14] [WARNING]    Некоторые операции могут не выполниться
[2026-08-13 04:23:14] [INFO] 
📌 ШАГ 1: Поиск установленных экземпляров
[2026-08-13 04:23:14] [INFO] ----------------------------------------
[2026-08-13 04:23:14] [INFO] Поиск установленных экземпляров TRBOnet...
[2026-08-13 04:23:14] [INFO]   Найден экземпляр: TRBOnet Enterprise 6.5 (версия: 6.5.0.9143, Product Code: {CEC1EF24-87F3-4324-A393-104A5038078C})
[2026-08-13 04:23:14] [SUCCESS]   ✅ Найдено экземпляров: 1
[2026-08-13 04:23:14] [INFO] 
📌 ШАГ 2: Завершение процессов TRBOnet
[2026-08-13 04:23:14] [INFO] ----------------------------------------
[2026-08-13 04:23:14] [INFO] Поиск и завершение процессов с 'TRBOnet'...
[2026-08-13 04:23:14] [INFO]   Завершаем: TRBOnet.Server.exe (PID: 2668)
[2026-08-13 04:23:14] [WARNING]     Ошибка: (pid=2668, name='TRBOnet.Server.exe')
[2026-08-13 04:23:14] [INFO]   Процессы не найдены
[2026-08-13 04:23:14] [INFO] 
📌 ШАГ 3: Удаление экземпляров
[2026-08-13 04:23:14] [INFO] ----------------------------------------
[2026-08-13 04:23:14] [INFO] Автоматическое удаление всех найденных экземпляров через msiexec
[2026-08-13 04:23:14] [INFO] Удаление через msiexec: TRBOnet Enterprise 6.5
[2026-08-13 04:23:14] [INFO]   Product Code: {CEC1EF24-87F3-4324-A393-104A5038078C}
[2026-08-13 04:23:14] [INFO]   Версия: 6.5.0.9143
[2026-08-13 04:23:14] [DEBUG]   Команда: msiexec /x {CEC1EF24-87F3-4324-A393-104A5038078C} /quiet /qn /norestart
[2026-08-13 04:23:18] [ERROR]   ❌ Ошибка: Критическая ошибка во время установки
[2026-08-13 04:23:18] [INFO] 
📌 ШАГ 4: Проверка остатков
[2026-08-13 04:23:18] [INFO] ----------------------------------------
[2026-08-13 04:23:18] [INFO] Проверка остатков после удаления...
[2026-08-13 04:23:18] [WARNING]   Обнаружен сервис: TRBOnet.Server
[2026-08-13 04:23:18] [SUCCESS] Отчёт сохранён в: C:\Automation\core\logs\uninstall_report.txt
[2026-08-13 04:23:18] [INFO] 
================================================================================
[2026-08-13 04:23:18] [WARNING] ⚠️ УДАЛЕНИЕ ВЫПОЛНЕНО С ОШИБКАМИ!
[2026-08-13 04:23:18] [WARNING]   Ошибки: 2
[2026-08-13 04:23:18] [WARNING]     - Не удалось завершить процессы: TRBOnet.Server.exe
[2026-08-13 04:23:18] [WARNING]     - TRBOnet Enterprise 6.5: Ошибка msiexec: Критическая ошибка во время установки
[2026-08-13 04:23:18] [WARNING]   Остались сервисы: TRBOnet.Server
[2026-08-13 04:24:34] [INFO] ================================================================================
[2026-08-13 04:24:34] [INFO] ЗАПУСК АВТОМАТИЧЕСКОГО УДАЛЕНИЯ TRBOnet
[2026-08-13 04:24:34] [INFO] ================================================================================
[2026-08-13 04:24:34] [SUCCESS] ✅ Скрипт запущен с правами администратора
[2026-08-13 04:24:34] [INFO] 
📌 ШАГ 1: Поиск установленных экземпляров
[2026-08-13 04:24:34] [INFO] ----------------------------------------
[2026-08-13 04:24:34] [INFO] Поиск установленных экземпляров TRBOnet...
[2026-08-13 04:24:34] [INFO]   Найден экземпляр: TRBOnet Enterprise 6.5 (версия: 6.5.0.9143, Product Code: {CEC1EF24-87F3-4324-A393-104A5038078C})
[2026-08-13 04:24:34] [SUCCESS]   ✅ Найдено экземпляров: 1
[2026-08-13 04:24:34] [INFO] 
📌 ШАГ 2: Завершение процессов TRBOnet
[2026-08-13 04:24:34] [INFO] ----------------------------------------
[2026-08-13 04:24:34] [INFO] Поиск и завершение процессов с 'TRBOnet'...
[2026-08-13 04:24:34] [INFO]   Завершаем: TRBOnet.Server.exe (PID: 2668)
[2026-08-13 04:24:34] [SUCCESS]   ✅ Завершено процессов: 1
[2026-08-13 04:24:34] [INFO] 
📌 ШАГ 3: Удаление экземпляров
[2026-08-13 04:24:34] [INFO] ----------------------------------------
[2026-08-13 04:24:34] [INFO] Автоматическое удаление всех найденных экземпляров через msiexec
[2026-08-13 04:24:34] [INFO] Удаление через msiexec: TRBOnet Enterprise 6.5
[2026-08-13 04:24:34] [INFO]   Product Code: {CEC1EF24-87F3-4324-A393-104A5038078C}
[2026-08-13 04:24:34] [INFO]   Версия: 6.5.0.9143
[2026-08-13 04:24:34] [DEBUG]   Команда: msiexec /x {CEC1EF24-87F3-4324-A393-104A5038078C} /quiet /qn /norestart
[2026-08-13 04:24:48] [SUCCESS]   ✅ Удаление успешно завершено
[2026-08-13 04:24:48] [INFO] 
📌 ШАГ 4: Проверка остатков
[2026-08-13 04:24:48] [INFO] ----------------------------------------
[2026-08-13 04:24:48] [INFO] Проверка остатков после удаления...
[2026-08-13 04:24:48] [SUCCESS]   ✅ Остатки не обнаружены
[2026-08-13 04:24:48] [SUCCESS] Отчёт сохранён в: C:\Automation\core\logs\uninstall_report.txt
[2026-08-13 04:24:48] [INFO] 
================================================================================
[2026-08-13 04:24:48] [SUCCESS] ✅ УДАЛЕНИЕ ВЫПОЛНЕНО УСПЕШНО!
[2026-08-13 04:24:48] [SUCCESS]    Удалено экземпляров: 1
[2026-08-13 04:24:48] [SUCCESS]    Метод: msiexec (автоматическое)
[2026-08-13 04:24:48] [INFO] ================================================================================
[2026-08-13 05:03:27] [INFO] ================================================================================
[2026-08-13 05:03:27] [INFO] ЗАПУСК АВТОМАТИЧЕСКОГО УДАЛЕНИЯ TRBOnet
[2026-08-13 05:03:27] [INFO] ================================================================================
[2026-08-13 05:03:27] [SUCCESS] ✅ Скрипт запущен с правами администратора
[2026-08-13 05:03:27] [INFO] 
📌 ШАГ 1: Поиск установленных экземпляров
[2026-08-13 05:03:27] [INFO] ----------------------------------------
[2026-08-13 05:03:27] [INFO] Поиск установленных экземпляров TRBOnet...
[2026-08-13 05:03:27] [INFO]   Найден экземпляр: TRBOnet Enterprise 6.5 (версия: 6.5.0.9145, Product Code: {CEC1EF24-87F3-4324-A393-104A5038078C})
[2026-08-13 05:03:27] [SUCCESS]   ✅ Найдено экземпляров: 1
[2026-08-13 05:03:27] [INFO] 
📌 ШАГ 2: Завершение процессов TRBOnet
[2026-08-13 05:03:27] [INFO] ----------------------------------------
[2026-08-13 05:03:27] [INFO] Поиск и завершение процессов с 'TRBOnet'...
[2026-08-13 05:03:27] [INFO]   Завершаем: TRBOnet.Server.exe (PID: 8752)
[2026-08-13 05:03:27] [SUCCESS]   ✅ Завершено процессов: 1
[2026-08-13 05:03:27] [INFO] 
📌 ШАГ 3: Удаление экземпляров
[2026-08-13 05:03:27] [INFO] ----------------------------------------
[2026-08-13 05:03:27] [INFO] Автоматическое удаление всех найденных экземпляров через msiexec
[2026-08-13 05:03:27] [INFO] Удаление через msiexec: TRBOnet Enterprise 6.5
[2026-08-13 05:03:27] [INFO]   Product Code: {CEC1EF24-87F3-4324-A393-104A5038078C}
[2026-08-13 05:03:27] [INFO]   Версия: 6.5.0.9145
[2026-08-13 05:03:27] [DEBUG]   Команда: msiexec /x {CEC1EF24-87F3-4324-A393-104A5038078C} /quiet /qn /norestart
[2026-08-13 05:03:42] [SUCCESS]   ✅ Удаление успешно завершено
[2026-08-13 05:03:42] [INFO] 
📌 ШАГ 4: Проверка остатков
[2026-08-13 05:03:42] [INFO] ----------------------------------------
[2026-08-13 05:03:42] [INFO] Проверка остатков после удаления...
[2026-08-13 05:03:42] [SUCCESS]   ✅ Остатки не обнаружены
[2026-08-13 05:03:42] [SUCCESS] Отчёт сохранён в: C:\Automation\core_desktop\logs\uninstall_report.txt
[2026-08-13 05:03:42] [INFO] 
================================================================================
[2026-08-13 05:03:42] [SUCCESS] ✅ УДАЛЕНИЕ ВЫПОЛНЕНО УСПЕШНО!
[2026-08-13 05:03:42] [SUCCESS]    Удалено экземпляров: 1
[2026-08-13 05:03:42] [SUCCESS]    Метод: msiexec (автоматическое)
[2026-08-13 05:03:42] [INFO] ================================================================================
[2026-08-13 05:33:50] [INFO] ================================================================================
[2026-08-13 05:33:50] [INFO] ЗАПУСК АВТОМАТИЧЕСКОГО УДАЛЕНИЯ TRBOnet
[2026-08-13 05:33:50] [INFO] ================================================================================
[2026-08-13 05:33:50] [SUCCESS] ✅ Скрипт запущен с правами администратора
[2026-08-13 05:33:50] [INFO] 
📌 ШАГ 1: Поиск установленных экземпляров
[2026-08-13 05:33:50] [INFO] ----------------------------------------
[2026-08-13 05:33:50] [INFO] Поиск установленных экземпляров TRBOnet...
[2026-08-13 05:33:50] [INFO]   Найден экземпляр: TRBOnet Enterprise 6.5 (версия: 6.5.0.9145, Product Code: {CEC1EF24-87F3-4324-A393-104A5038078C})
[2026-08-13 05:33:50] [SUCCESS]   ✅ Найдено экземпляров: 1
[2026-08-13 05:33:50] [INFO] 
📌 ШАГ 2: Завершение процессов TRBOnet
[2026-08-13 05:33:50] [INFO] ----------------------------------------
[2026-08-13 05:33:50] [INFO] Поиск и завершение процессов с 'TRBOnet'...
[2026-08-13 05:33:50] [INFO]   Процессы не найдены
[2026-08-13 05:33:50] [INFO] 
📌 ШАГ 3: Удаление экземпляров
[2026-08-13 05:33:50] [INFO] ----------------------------------------
[2026-08-13 05:33:50] [INFO] Автоматическое удаление всех найденных экземпляров через msiexec
[2026-08-13 05:33:50] [INFO] Удаление через msiexec: TRBOnet Enterprise 6.5
[2026-08-13 05:33:50] [INFO]   Product Code: {CEC1EF24-87F3-4324-A393-104A5038078C}
[2026-08-13 05:33:50] [INFO]   Версия: 6.5.0.9145
[2026-08-13 05:33:50] [DEBUG]   Команда: msiexec /x {CEC1EF24-87F3-4324-A393-104A5038078C} /quiet /qn /norestart
[2026-08-13 05:34:04] [SUCCESS]   ✅ Удаление успешно завершено
[2026-08-13 05:34:04] [INFO] 
📌 ШАГ 4: Проверка остатков
[2026-08-13 05:34:04] [INFO] ----------------------------------------
[2026-08-13 05:34:04] [INFO] Проверка остатков после удаления...
[2026-08-13 05:34:04] [SUCCESS]   ✅ Остатки не обнаружены
[2026-08-13 05:34:04] [SUCCESS] Отчёт сохранён в: C:\Automation\core_desktop\logs\uninstall_report.txt
[2026-08-13 05:34:04] [INFO] 
================================================================================
[2026-08-13 05:34:04] [SUCCESS] ✅ УДАЛЕНИЕ ВЫПОЛНЕНО УСПЕШНО!
[2026-08-13 05:34:04] [SUCCESS]    Удалено экземпляров: 1
[2026-08-13 05:34:04] [SUCCESS]    Метод: msiexec (автоматическое)
[2026-08-13 05:34:04] [INFO] ================================================================================
[2026-08-13 05:39:04] [INFO] ================================================================================
[2026-08-13 05:39:04] [INFO] ЗАПУСК АВТОМАТИЧЕСКОГО УДАЛЕНИЯ TRBOnet
[2026-08-13 05:39:04] [INFO] ================================================================================
[2026-08-13 05:39:04] [SUCCESS] ✅ Скрипт запущен с правами администратора
[2026-08-13 05:39:04] [INFO] 
📌 ШАГ 1: Поиск установленных экземпляров
[2026-08-13 05:39:04] [INFO] ----------------------------------------
[2026-08-13 05:39:04] [INFO] Поиск установленных экземпляров TRBOnet...
[2026-08-13 05:39:04] [INFO]   Найден экземпляр: TRBOnet Enterprise 6.5 (версия: 6.5.0.9145, Product Code: {CEC1EF24-87F3-4324-A393-104A5038078C})
[2026-08-13 05:39:04] [SUCCESS]   ✅ Найдено экземпляров: 1
[2026-08-13 05:39:04] [INFO] 
📌 ШАГ 2: Завершение процессов TRBOnet
[2026-08-13 05:39:04] [INFO] ----------------------------------------
[2026-08-13 05:39:04] [INFO] Поиск и завершение процессов с 'TRBOnet'...
[2026-08-13 05:39:04] [INFO]   Процессы не найдены
[2026-08-13 05:39:04] [INFO] 
📌 ШАГ 3: Удаление экземпляров
[2026-08-13 05:39:04] [INFO] ----------------------------------------
[2026-08-13 05:39:04] [INFO] Автоматическое удаление всех найденных экземпляров через msiexec
[2026-08-13 05:39:04] [INFO] Удаление через msiexec: TRBOnet Enterprise 6.5
[2026-08-13 05:39:04] [INFO]   Product Code: {CEC1EF24-87F3-4324-A393-104A5038078C}
[2026-08-13 05:39:04] [INFO]   Версия: 6.5.0.9145
[2026-08-13 05:39:04] [DEBUG]   Команда: msiexec /x {CEC1EF24-87F3-4324-A393-104A5038078C} /quiet /qn /norestart
[2026-08-13 05:39:18] [SUCCESS]   ✅ Удаление успешно завершено
[2026-08-13 05:39:18] [INFO] 
📌 ШАГ 4: Проверка остатков
[2026-08-13 05:39:18] [INFO] ----------------------------------------
[2026-08-13 05:39:18] [INFO] Проверка остатков после удаления...
[2026-08-13 05:39:18] [SUCCESS]   ✅ Остатки не обнаружены
[2026-08-13 05:39:18] [SUCCESS] Отчёт сохранён в: C:\Automation\core_desktop\logs\uninstall_report.txt
[2026-08-13 05:39:18] [INFO] 
================================================================================
[2026-08-13 05:39:18] [SUCCESS] ✅ УДАЛЕНИЕ ВЫПОЛНЕНО УСПЕШНО!
[2026-08-13 05:39:18] [SUCCESS]    Удалено экземпляров: 1
[2026-08-13 05:39:18] [SUCCESS]    Метод: msiexec (автоматическое)
[2026-08-13 05:39:18] [INFO] ================================================================================
[2026-08-13 05:44:43] [INFO] ================================================================================
[2026-08-13 05:44:43] [INFO] ЗАПУСК АВТОМАТИЧЕСКОГО УДАЛЕНИЯ TRBOnet
[2026-08-13 05:44:43] [INFO] ================================================================================
[2026-08-13 05:44:43] [SUCCESS] ✅ Скрипт запущен с правами администратора
[2026-08-13 05:44:43] [INFO] 
📌 ШАГ 1: Поиск установленных экземпляров
[2026-08-13 05:44:43] [INFO] ----------------------------------------
[2026-08-13 05:44:43] [INFO] Поиск установленных экземпляров TRBOnet...
[2026-08-13 05:44:43] [INFO]   Найден экземпляр: TRBOnet Enterprise 6.5 (версия: 6.5.0.9145, Product Code: {CEC1EF24-87F3-4324-A393-104A5038078C})
[2026-08-13 05:44:43] [SUCCESS]   ✅ Найдено экземпляров: 1
[2026-08-13 05:44:43] [INFO] 
📌 ШАГ 2: Завершение процессов TRBOnet
[2026-08-13 05:44:43] [INFO] ----------------------------------------
[2026-08-13 05:44:43] [INFO] Поиск и завершение процессов с 'TRBOnet'...
[2026-08-13 05:44:43] [INFO]   Процессы не найдены
[2026-08-13 05:44:43] [INFO] 
📌 ШАГ 3: Удаление экземпляров
[2026-08-13 05:44:43] [INFO] ----------------------------------------
[2026-08-13 05:44:43] [INFO] Автоматическое удаление всех найденных экземпляров через msiexec
[2026-08-13 05:44:43] [INFO] Удаление через msiexec: TRBOnet Enterprise 6.5
[2026-08-13 05:44:43] [INFO]   Product Code: {CEC1EF24-87F3-4324-A393-104A5038078C}
[2026-08-13 05:44:43] [INFO]   Версия: 6.5.0.9145
[2026-08-13 05:44:43] [DEBUG]   Команда: msiexec /x {CEC1EF24-87F3-4324-A393-104A5038078C} /quiet /qn /norestart
[2026-08-13 05:44:57] [SUCCESS]   ✅ Удаление успешно завершено
[2026-08-13 05:44:57] [INFO] 
📌 ШАГ 4: Проверка остатков
[2026-08-13 05:44:57] [INFO] ----------------------------------------
[2026-08-13 05:44:57] [INFO] Проверка остатков после удаления...
[2026-08-13 05:44:57] [SUCCESS]   ✅ Остатки не обнаружены
[2026-08-13 05:44:57] [SUCCESS] Отчёт сохранён в: C:\Automation\core_desktop\logs\uninstall_report.txt
[2026-08-13 05:44:57] [INFO] 
================================================================================
[2026-08-13 05:44:57] [SUCCESS] ✅ УДАЛЕНИЕ ВЫПОЛНЕНО УСПЕШНО!
[2026-08-13 05:44:57] [SUCCESS]    Удалено экземпляров: 1
[2026-08-13 05:44:57] [SUCCESS]    Метод: msiexec (автоматическое)
[2026-08-13 05:44:57] [INFO] ================================================================================
[2026-08-13 05:45:25] [INFO] ================================================================================
[2026-08-13 05:45:25] [INFO] ЗАПУСК АВТОМАТИЧЕСКОГО УДАЛЕНИЯ TRBOnet
[2026-08-13 05:45:25] [INFO] ================================================================================
[2026-08-13 05:45:25] [SUCCESS] ✅ Скрипт запущен с правами администратора
[2026-08-13 05:45:25] [INFO] 
📌 ШАГ 1: Поиск установленных экземпляров
[2026-08-13 05:45:25] [INFO] ----------------------------------------
[2026-08-13 05:45:25] [INFO] Поиск установленных экземпляров TRBOnet...
[2026-08-13 05:45:25] [WARNING]   ❌ Установленные экземпляры TRBOnet не найдены
[2026-08-13 05:45:25] [WARNING] ⚠️ Установленные экземпляры не найдены
[2026-08-13 05:45:25] [SUCCESS] Отчёт сохранён в: C:\Automation\core_desktop\logs\uninstall_report.txt
